Archive member included to satisfy reference by file (symbol)

D:/Programy/STMicroelectronics/STM32CubeIDE_1.10.1/STM32CubeIDE/plugins/com.st.stm32cube.ide.mcu.externaltools.gnu-tools-for-stm32.12.3.rel1.win32_1.0.200.202406191623/tools/bin/../lib/gcc/arm-none-eabi/12.3.1/../../../../arm-none-eabi/lib/thumb/v7e-m+fp/hard\libc_nano.a(libc_a-exit.o)
                              D:/Programy/STMicroelectronics/STM32CubeIDE_1.10.1/STM32CubeIDE/plugins/com.st.stm32cube.ide.mcu.externaltools.gnu-tools-for-stm32.12.3.rel1.win32_1.0.200.202406191623/tools/bin/../lib/gcc/arm-none-eabi/12.3.1/../../../../arm-none-eabi/lib/thumb/v7e-m+fp/hard/crt0.o (exit)
D:/Programy/STMicroelectronics/STM32CubeIDE_1.10.1/STM32CubeIDE/plugins/com.st.stm32cube.ide.mcu.externaltools.gnu-tools-for-stm32.12.3.rel1.win32_1.0.200.202406191623/tools/bin/../lib/gcc/arm-none-eabi/12.3.1/../../../../arm-none-eabi/lib/thumb/v7e-m+fp/hard\libc_nano.a(libc_a-findfp.o)
                              D:/Programy/STMicroelectronics/STM32CubeIDE_1.10.1/STM32CubeIDE/plugins/com.st.stm32cube.ide.mcu.externaltools.gnu-tools-for-stm32.12.3.rel1.win32_1.0.200.202406191623/tools/bin/../lib/gcc/arm-none-eabi/12.3.1/../../../../arm-none-eabi/lib/thumb/v7e-m+fp/hard\libc_nano.a(libc_a-exit.o) (__stdio_exit_handler)
D:/Programy/STMicroelectronics/STM32CubeIDE_1.10.1/STM32CubeIDE/plugins/com.st.stm32cube.ide.mcu.externaltools.gnu-tools-for-stm32.12.3.rel1.win32_1.0.200.202406191623/tools/bin/../lib/gcc/arm-none-eabi/12.3.1/../../../../arm-none-eabi/lib/thumb/v7e-m+fp/hard\libc_nano.a(libc_a-fwalk.o)
                              D:/Programy/STMicroelectronics/STM32CubeIDE_1.10.1/STM32CubeIDE/plugins/com.st.stm32cube.ide.mcu.externaltools.gnu-tools-for-stm32.12.3.rel1.win32_1.0.200.202406191623/tools/bin/../lib/gcc/arm-none-eabi/12.3.1/../../../../arm-none-eabi/lib/thumb/v7e-m+fp/hard\libc_nano.a(libc_a-findfp.o) (_fwalk_sglue)
D:/Programy/STMicroelectronics/STM32CubeIDE_1.10.1/STM32CubeIDE/plugins/com.st.stm32cube.ide.mcu.externaltools.gnu-tools-for-stm32.12.3.rel1.win32_1.0.200.202406191623/tools/bin/../lib/gcc/arm-none-eabi/12.3.1/../../../../arm-none-eabi/lib/thumb/v7e-m+fp/hard\libc_nano.a(libc_a-stdio.o)
                              D:/Programy/STMicroelectronics/STM32CubeIDE_1.10.1/STM32CubeIDE/plugins/com.st.stm32cube.ide.mcu.externaltools.gnu-tools-for-stm32.12.3.rel1.win32_1.0.200.202406191623/tools/bin/../lib/gcc/arm-none-eabi/12.3.1/../../../../arm-none-eabi/lib/thumb/v7e-m+fp/hard\libc_nano.a(libc_a-findfp.o) (__sread)
D:/Programy/STMicroelectronics/STM32CubeIDE_1.10.1/STM32CubeIDE/plugins/com.st.stm32cube.ide.mcu.externaltools.gnu-tools-for-stm32.12.3.rel1.win32_1.0.200.202406191623/tools/bin/../lib/gcc/arm-none-eabi/12.3.1/../../../../arm-none-eabi/lib/thumb/v7e-m+fp/hard\libc_nano.a(libc_a-memset.o)
                              D:/Programy/STMicroelectronics/STM32CubeIDE_1.10.1/STM32CubeIDE/plugins/com.st.stm32cube.ide.mcu.externaltools.gnu-tools-for-stm32.12.3.rel1.win32_1.0.200.202406191623/tools/bin/../lib/gcc/arm-none-eabi/12.3.1/../../../../arm-none-eabi/lib/thumb/v7e-m+fp/hard/crt0.o (memset)
D:/Programy/STMicroelectronics/STM32CubeIDE_1.10.1/STM32CubeIDE/plugins/com.st.stm32cube.ide.mcu.externaltools.gnu-tools-for-stm32.12.3.rel1.win32_1.0.200.202406191623/tools/bin/../lib/gcc/arm-none-eabi/12.3.1/../../../../arm-none-eabi/lib/thumb/v7e-m+fp/hard\libc_nano.a(libc_a-closer.o)
                              D:/Programy/STMicroelectronics/STM32CubeIDE_1.10.1/STM32CubeIDE/plugins/com.st.stm32cube.ide.mcu.externaltools.gnu-tools-for-stm32.12.3.rel1.win32_1.0.200.202406191623/tools/bin/../lib/gcc/arm-none-eabi/12.3.1/../../../../arm-none-eabi/lib/thumb/v7e-m+fp/hard\libc_nano.a(libc_a-stdio.o) (_close_r)
D:/Programy/STMicroelectronics/STM32CubeIDE_1.10.1/STM32CubeIDE/plugins/com.st.stm32cube.ide.mcu.externaltools.gnu-tools-for-stm32.12.3.rel1.win32_1.0.200.202406191623/tools/bin/../lib/gcc/arm-none-eabi/12.3.1/../../../../arm-none-eabi/lib/thumb/v7e-m+fp/hard\libc_nano.a(libc_a-reent.o)
                              D:/Programy/STMicroelectronics/STM32CubeIDE_1.10.1/STM32CubeIDE/plugins/com.st.stm32cube.ide.mcu.externaltools.gnu-tools-for-stm32.12.3.rel1.win32_1.0.200.202406191623/tools/bin/../lib/gcc/arm-none-eabi/12.3.1/../../../../arm-none-eabi/lib/thumb/v7e-m+fp/hard\libc_nano.a(libc_a-closer.o) (errno)
D:/Programy/STMicroelectronics/STM32CubeIDE_1.10.1/STM32CubeIDE/plugins/com.st.stm32cube.ide.mcu.externaltools.gnu-tools-for-stm32.12.3.rel1.win32_1.0.200.202406191623/tools/bin/../lib/gcc/arm-none-eabi/12.3.1/../../../../arm-none-eabi/lib/thumb/v7e-m+fp/hard\libc_nano.a(libc_a-impure.o)
                              D:/Programy/STMicroelectronics/STM32CubeIDE_1.10.1/STM32CubeIDE/plugins/com.st.stm32cube.ide.mcu.externaltools.gnu-tools-for-stm32.12.3.rel1.win32_1.0.200.202406191623/tools/bin/../lib/gcc/arm-none-eabi/12.3.1/../../../../arm-none-eabi/lib/thumb/v7e-m+fp/hard\libc_nano.a(libc_a-reent.o) (_impure_ptr)
[...]
Memory Configuration

Name             Origin             Length             Attributes
RAM              0x20000000         0x00050000         xrw
FLASH            0x08000000         0x00100000         xr
*default*        0x00000000         0xffffffff

Linker script and memory map

LOAD D:/Programy/STMicroelectronics/STM32CubeIDE_1.10.1/STM32CubeIDE/plugins/com.st.stm32cube.ide.mcu.externaltools.gnu-tools-for-stm32.12.3.rel1.win32_1.0.200.202406191623/tools/bin/../lib/gcc/arm-none-eabi/12.3.1/thumb/v7e-m+fp/hard/crti.o
LOAD D:/Programy/STMicroelectronics/STM32CubeIDE_1.10.1/STM32CubeIDE/plugins/com.st.stm32cube.ide.mcu.externaltools.gnu-tools-for-stm32.12.3.rel1.win32_1.0.200.202406191623/tools/bin/../lib/gcc/arm-none-eabi/12.3.1/thumb/v7e-m+fp/hard/crtbegin.o
LOAD D:/Programy/STMicroelectronics/STM32CubeIDE_1.10.1/STM32CubeIDE/plugins/com.st.stm32cube.ide.mcu.externaltools.gnu-tools-for-stm32.12.3.rel1.win32_1.0.200.202406191623/tools/bin/../lib/gcc/arm-none-eabi/12.3.1/../../../../arm-none-eabi/lib/thumb/v7e-m+fp/hard/crt0.o
LOAD ./Core/Src/dma2d.o
LOAD ./Core/Src/fmc.o
LOAD ./Core/Src/gpio.o
LOAD ./Core/Src/i2c.o
LOAD ./Core/Src/ltdc.o
LOAD ./Core/Src/main.o
LOAD ./Core/Src/spi.o
LOAD ./Core/Src/stm32f7xx_hal_msp.o
LOAD ./Core/Src/stm32f7xx_it.o
LOAD ./Core/Src/syscalls.o
LOAD ./Core/Src/sysmem.o
LOAD ./Core/Src/system_stm32f7xx.o
LOAD ./Core/Src/tim.o
LOAD ./Core/Src/usart.o
LOAD ./Core/Startup/startup_stm32f746nghx.o
LOAD ./Drivers/BSP/Components/Fonts/font12.o
LOAD ./Drivers/BSP/Components/Fonts/font16.o
LOAD ./Drivers/BSP/Components/Fonts/font20.o
LOAD ./Drivers/BSP/Components/Fonts/font24.o
LOAD ./Drivers/BSP/Components/Fonts/font8.o
LOAD ./Drivers/BSP/Components/powerSTEP01/powerstep01.o
LOAD ./Drivers/BSP/STM32746G-Discovery/stm32746g_discovery.o
LOAD ./Drivers/BSP/STM32746G-Discovery/stm32746g_discovery_lcd.o
LOAD ./Drivers/BSP/STM32746G-Discovery/stm32746g_discovery_sdram.o
LOAD ./Drivers/BSP/X-NUCLEO-IHMxx/x_nucleo_ihm03a1_stm32f4xx.o
LOAD ./Drivers/BSP/X-NUCLEO-IHMxx/x_nucleo_ihmxx.o
LOAD ./Drivers/STM32F7xx_HAL_Driver/Src/stm32f7xx_hal.o
LOAD ./Drivers/STM32F7xx_HAL_Driver/Src/stm32f7xx_hal_cortex.o
LOAD ./Drivers/STM32F7xx_HAL_Driver/Src/stm32f7xx_hal_dma.o
LOAD ./Drivers/STM32F7xx_HAL_Driver/Src/stm32f7xx_hal_dma2d.o
LOAD ./Drivers/STM32F7xx_HAL_Driver/Src/stm32f7xx_hal_dma_ex.o
LOAD ./Drivers/STM32F7xx_HAL_Driver/Src/stm32f7xx_hal_dsi.o
LOAD ./Drivers/STM32F7xx_HAL_Driver/Src/stm32f7xx_hal_exti.o
LOAD ./Drivers/STM32F7xx_HAL_Driver/Src/stm32f7xx_hal_flash.o
LOAD ./Drivers/STM32F7xx_HAL_Driver/Src/stm32f7xx_hal_flash_ex.o
LOAD ./Drivers/STM32F7xx_HAL_Driver/Src/stm32f7xx_hal_gpio.o
LOAD ./Drivers/STM32F7xx_HAL_Driver/Src/stm32f7xx_hal_i2c.o
LOAD ./Drivers/STM32F7xx_HAL_Driver/Src/stm32f7xx_hal_i2c_ex.o
LOAD ./Drivers/STM32F7xx_HAL_Driver/Src/stm32f7xx_hal_ltdc.o
LOAD ./Drivers/STM32F7xx_HAL_Driver/Src/stm32f7xx_hal_ltdc_ex.o
LOAD ./Drivers/STM32F7xx_HAL_Driver/Src/stm32f7xx_hal_pwr.o
LOAD ./Drivers/STM32F7xx_HAL_Driver/Src/stm32f7xx_hal_pwr_ex.o
LOAD ./Drivers/STM32F7xx_HAL_Driver/Src/stm32f7xx_hal_rcc.o
LOAD ./Drivers/STM32F7xx_HAL_Driver/Src/stm32f7xx_hal_rcc_ex.o
LOAD ./Drivers/STM32F7xx_HAL_Driver/Src/stm32f7xx_hal_sdram.o
LOAD ./Drivers/STM32F7xx_HAL_Driver/Src/stm32f7xx_hal_spi.o
LOAD ./Drivers/STM32F7xx_HAL_Driver/Src/stm32f7xx_hal_spi_ex.o
LOAD ./Drivers/STM32F7xx_HAL_Driver/Src/stm32f7xx_hal_tim.o
LOAD ./Drivers/STM32F7xx_HAL_Driver/Src/stm32f7xx_hal_tim_ex.o
LOAD ./Drivers/STM32F7xx_HAL_Driver/Src/stm32f7xx_hal_uart.o
LOAD ./Drivers/STM32F7xx_HAL_Driver/Src/stm32f7xx_hal_uart_ex.o
LOAD ./Drivers/STM32F7xx_HAL_Driver/Src/stm32f7xx_ll_fmc.o
START GROUP
LOAD D:/Programy/STMicroelectronics/STM32CubeIDE_1.10.1/STM32CubeIDE/plugins/com.st.stm32cube.ide.mcu.externaltools.gnu-tools-for-stm32.12.3.rel1.win32_1.0.200.202406191623/tools/bin/../lib/gcc/arm-none-eabi/12.3.1/../../../../arm-none-eabi/lib/thumb/v7e-m+fp/hard\libc_nano.a
LOAD D:/Programy/STMicroelectronics/STM32CubeIDE_1.10.1/STM32CubeIDE/plugins/com.st.stm32cube.ide.mcu.externaltools.gnu-tools-for-stm32.12.3.rel1.win32_1.0.200.202406191623/tools/bin/../lib/gcc/arm-none-eabi/12.3.1/../../../../arm-none-eabi/lib/thumb/v7e-m+fp/hard\libm.a
END GROUP
START GROUP
LOAD D:/Programy/STMicroelectronics/STM32CubeIDE_1.10.1/STM32CubeIDE/plugins/com.st.stm32cube.ide.mcu.externaltools.gnu-tools-for-stm32.12.3.rel1.win32_1.0.200.202406191623/tools/bin/../lib/gcc/arm-none-eabi/12.3.1/thumb/v7e-m+fp/hard\libgcc.a
LOAD D:/Programy/STMicroelectronics/STM32CubeIDE_1.10.1/STM32CubeIDE/plugins/com.st.stm32cube.ide.mcu.externaltools.gnu-tools-for-stm32.12.3.rel1.win32_1.0.200.202406191623/tools/bin/../lib/gcc/arm-none-eabi/12.3.1/../../../../arm-none-eabi/lib/thumb/v7e-m+fp/hard\libc_nano.a
END GROUP
START GROUP
LOAD D:/Programy/STMicroelectronics/STM32CubeIDE_1.10.1/STM32CubeIDE/plugins/com.st.stm32cube.ide.mcu.externaltools.gnu-tools-for-stm32.12.3.rel1.win32_1.0.200.202406191623/tools/bin/../lib/gcc/arm-none-eabi/12.3.1/thumb/v7e-m+fp/hard\libgcc.a
LOAD D:/Programy/STMicroelectronics/STM32CubeIDE_1.10.1/STM32CubeIDE/plugins/com.st.stm32cube.ide.mcu.externaltools.gnu-tools-for-stm32.12.3.rel1.win32_1.0.200.202406191623/tools/bin/../lib/gcc/arm-none-eabi/12.3.1/../../../../arm-none-eabi/lib/thumb/v7e-m+fp/hard\libc_nano.a
LOAD D:/Programy/STMicroelectronics/STM32CubeIDE_1.10.1/STM32CubeIDE/plugins/com.st.stm32cube.ide.mcu.externaltools.gnu-tools-for-stm32.12.3.rel1.win32_1.0.200.202406191623/tools/bin/../lib/gcc/arm-none-eabi/12.3.1/../../../../arm-none-eabi/lib/thumb/v7e-m+fp/hard\libnosys.a
END GROUP
START GROUP
LOAD D:/Programy/STMicroelectronics/STM32CubeIDE_1.10.1/STM32CubeIDE/plugins/com.st.stm32cube.ide.mcu.externaltools.gnu-tools-for-stm32.12.3.rel1.win32_1.0.200.202406191623/tools/bin/../lib/gcc/arm-none-eabi/12.3.1/thumb/v7e-m+fp/hard\libgcc.a
LOAD D:/Programy/STMicroelectronics/STM32CubeIDE_1.10.1/STM32CubeIDE/plugins/com.st.stm32cube.ide.mcu.externaltools.gnu-tools-for-stm32.12.3.rel1.win32_1.0.200.202406191623/tools/bin/../lib/gcc/arm-none-eabi/12.3.1/../../../../arm-none-eabi/lib/thumb/v7e-m+fp/hard\libc_nano.a
LOAD D:/Programy/STMicroelectronics/STM32CubeIDE_1.10.1/STM32CubeIDE/plugins/com.st.stm32cube.ide.mcu.externaltools.gnu-tools-for-stm32.12.3.rel1.win32_1.0.200.202406191623/tools/bin/../lib/gcc/arm-none-eabi/12.3.1/../../../../arm-none-eabi/lib/thumb/v7e-m+fp/hard\libnosys.a
END GROUP
LOAD D:/Programy/STMicroelectronics/STM32CubeIDE_1.10.1/STM32CubeIDE/plugins/com.st.stm32cube.ide.mcu.externaltools.gnu-tools-for-stm32.12.3.rel1.win32_1.0.200.202406191623/tools/bin/../lib/gcc/arm-none-eabi/12.3.1/thumb/v7e-m+fp/hard/crtend.o
LOAD D:/Programy/STMicroelectronics/STM32CubeIDE_1.10.1/STM32CubeIDE/plugins/com.st.stm32cube.ide.mcu.externaltools.gnu-tools-for-stm32.12.3.rel1.win32_1.0.200.202406191623/tools/bin/../lib/gcc/arm-none-eabi/12.3.1/thumb/v7e-m+fp/hard/crtn.o
                0x20050000                        _estack = (ORIGIN (RAM) + LENGTH (RAM))
                0x00000200                        _Min_Heap_Size = 0x200
                0x00000400                        _Min_Stack_Size = 0x400

.isr_vector     0x08000000      0x1c8
                0x08000000                        . = ALIGN (0x4)
 *(.isr_vector)
 .isr_vector    0x08000000      0x1c8 ./Core/Startup/startup_stm32f746nghx.o
                0x08000000                g_pfnVectors
                0x080001c8                        . = ALIGN (0x4)

.text           0x080001c8     0x966c
                0x080001c8                        . = ALIGN (0x4)
 *(.text)
 .text          0x080001c8       0x40 D:/Programy/STMicroelectronics/STM32CubeIDE_1.10.1/STM32CubeIDE/plugins/com.st.stm32cube.ide.mcu.externaltools.gnu-tools-for-stm32.12.3.rel1.win32_1.0.200.202406191623/tools/bin/../lib/gcc/arm-none-eabi/12.3.1/thumb/v7e-m+fp/hard/crtbegin.o
 .text          0x08000208       0x30 D:/Programy/STMicroelectronics/STM32CubeIDE_1.10.1/STM32CubeIDE/plugins/com.st.stm32cube.ide.mcu.externaltools.gnu-tools-for-stm32.12.3.rel1.win32_1.0.200.202406191623/tools/bin/../lib/gcc/arm-none-eabi/12.3.1/thumb/v7e-m+fp/hard\libgcc.a(_aeabi_uldivmod.o)
                0x08000208                __aeabi_uldivmod
 .text          0x08000238      0x2bc D:/Programy/STMicroelectronics/STM32CubeIDE_1.10.1/STM32CubeIDE/plugins/com.st.stm32cube.ide.mcu.externaltools.gnu-tools-for-stm32.12.3.rel1.win32_1.0.200.202406191623/tools/bin/../lib/gcc/arm-none-eabi/12.3.1/thumb/v7e-m+fp/hard\libgcc.a(_udivmoddi4.o)
                0x08000238                __udivmoddi4
 .text          0x080004f4        0x4 D:/Programy/STMicroelectronics/STM32CubeIDE_1.10.1/STM32CubeIDE/plugins/com.st.stm32cube.ide.mcu.externaltools.gnu-tools-for-stm32.12.3.rel1.win32_1.0.200.202406191623/tools/bin/../lib/gcc/arm-none-eabi/12.3.1/thumb/v7e-m+fp/hard\libgcc.a(_dvmd_tls.o)
                0x080004f4                __aeabi_idiv0
                0x080004f4                __aeabi_ldiv0
 *(.text*)
 .text.MX_DMA2D_Init
                0x080004f8       0x64 ./Core/Src/dma2d.o
                0x080004f8                MX_DMA2D_Init
 .text.HAL_DMA2D_MspInit
                0x0800055c       0x40 ./Core/Src/dma2d.o
                0x0800055c                HAL_DMA2D_MspInit
 .text.MX_FMC_Init
                0x0800059c       0xa0 ./Core/Src/fmc.o
                0x0800059c                MX_FMC_Init
 .text.HAL_FMC_MspInit
                0x0800063c      0x130 ./Core/Src/fmc.o
 .text.HAL_SDRAM_MspInit
                0x0800076c       0x14 ./Core/Src/fmc.o
                0x0800076c                HAL_SDRAM_MspInit
 .text.MX_GPIO_Init
                0x08000780      0x214 ./Core/Src/gpio.o
                0x08000780                MX_GPIO_Init
 .text.MX_I2C3_Init
                0x08000994       0x80 ./Core/Src/i2c.o
                0x08000994                MX_I2C3_Init
 .text.HAL_I2C_MspInit
                0x08000a14       0xc0 ./Core/Src/i2c.o
                0x08000a14                HAL_I2C_MspInit
 .text.MX_LTDC_Init
                0x08000ad4      0x104 ./Core/Src/ltdc.o
                0x08000ad4                MX_LTDC_Init
 .text.HAL_LTDC_MspInit
                0x08000bd8      0x1f0 ./Core/Src/ltdc.o
                0x08000bd8                HAL_LTDC_MspInit
 .text.SCB_EnableICache
                0x08000dc8       0x4c ./Core/Src/main.o
 .text.SCB_EnableDCache
                0x08000e14       0x88 ./Core/Src/main.o
 .text.main     0x08000e9c       0xb4 ./Core/Src/main.o
                0x08000e9c                main
 .text.SystemClock_Config
                0x08000f50       0xdc ./Core/Src/main.o
                0x08000f50                SystemClock_Config
 .text.MyFlagInterruptHandler
                0x0800102c       0x34 ./Core/Src/main.o
 .text.MyBusyInterruptHandler
                0x08001060        0xc ./Core/Src/main.o
 .text.Error_Handler
                0x0800106c        0xc ./Core/Src/main.o
                0x0800106c                Error_Handler
 .text.MX_SPI2_Init
                0x08001078       0x7c ./Core/Src/spi.o
                0x08001078                MX_SPI2_Init
 .text.HAL_SPI_MspInit
                0x080010f4       0xc4 ./Core/Src/spi.o
                0x080010f4                HAL_SPI_MspInit
 .text.HAL_MspInit
                0x080011b8       0x48 ./Core/Src/stm32f7xx_hal_msp.o
                0x080011b8                HAL_MspInit
 .text.NMI_Handler
                0x08001200        0x8 ./Core/Src/stm32f7xx_it.o
                0x08001200                NMI_Handler
 .text.HardFault_Handler
                0x08001208        0x8 ./Core/Src/stm32f7xx_it.o
                0x08001208                HardFault_Handler
 .text.MemManage_Handler
                0x08001210        0x8 ./Core/Src/stm32f7xx_it.o
                0x08001210                MemManage_Handler
 .text.BusFault_Handler
                0x08001218        0x8 ./Core/Src/stm32f7xx_it.o
                0x08001218                BusFault_Handler
 .text.UsageFault_Handler
                0x08001220        0x8 ./Core/Src/stm32f7xx_it.o
                0x08001220                UsageFault_Handler
 .text.SVC_Handler
                0x08001228        0xe ./Core/Src/stm32f7xx_it.o
                0x08001228                SVC_Handler
 .text.DebugMon_Handler
                0x08001236        0xe ./Core/Src/stm32f7xx_it.o
                0x08001236                DebugMon_Handler
 .text.PendSV_Handler
                0x08001244        0xe ./Core/Src/stm32f7xx_it.o
                0x08001244                PendSV_Handler
 .text.SysTick_Handler
                0x08001252        0xc ./Core/Src/stm32f7xx_it.o
                0x08001252                SysTick_Handler
 .text.EXTI9_5_IRQHandler
                0x0800125e       0x14 ./Core/Src/stm32f7xx_it.o
                0x0800125e                EXTI9_5_IRQHandler
 *fill*         0x08001272        0x2 
 .text.TIM2_IRQHandler
                0x08001274       0x14 ./Core/Src/stm32f7xx_it.o
                0x08001274                TIM2_IRQHandler
 .text.FMC_IRQHandler
                0x08001288       0x14 ./Core/Src/stm32f7xx_it.o
                0x08001288                FMC_IRQHandler
 .text.SystemInit
                0x0800129c       0x24 ./Core/Src/system_stm32f7xx.o
                0x0800129c                SystemInit
 .text.MX_TIM2_Init
                0x080012c0       0xec ./Core/Src/tim.o
                0x080012c0                MX_TIM2_Init
 .text.HAL_TIM_Base_MspInit
                0x080013ac       0x48 ./Core/Src/tim.o
                0x080013ac                HAL_TIM_Base_MspInit
 .text.HAL_TIM_MspPostInit
                0x080013f4       0x6c ./Core/Src/tim.o
                0x080013f4                HAL_TIM_MspPostInit
 .text.MX_USART2_UART_Init
                0x08001460       0x60 ./Core/Src/usart.o
                0x08001460                MX_USART2_UART_Init
 .text.HAL_UART_MspInit
                0x080014c0       0xbc ./Core/Src/usart.o
                0x080014c0                HAL_UART_MspInit
 .text.Reset_Handler
                0x0800157c       0x50 ./Core/Startup/startup_stm32f746nghx.o
                0x0800157c                Reset_Handler
 .text.Default_Handler
                0x080015cc        0x2 ./Core/Startup/startup_stm32f746nghx.o
                0x080015cc                RTC_Alarm_IRQHandler
                0x080015cc                EXTI2_IRQHandler
                0x080015cc                TIM8_CC_IRQHandler
                0x080015cc                UART8_IRQHandler
                0x080015cc                SPI4_IRQHandler
                0x080015cc                TIM1_CC_IRQHandler
                0x080015cc                DMA2_Stream5_IRQHandler
                0x080015cc                DMA1_Stream5_IRQHandler
                0x080015cc                PVD_IRQHandler
                0x080015cc                TAMP_STAMP_IRQHandler
                0x080015cc                CAN2_RX1_IRQHandler
                0x080015cc                EXTI3_IRQHandler
                0x080015cc                TIM8_TRG_COM_TIM14_IRQHandler
                0x080015cc                TIM1_UP_TIM10_IRQHandler
                0x080015cc                TIM8_UP_TIM13_IRQHandler
                0x080015cc                I2C3_ER_IRQHandler
                0x080015cc                EXTI0_IRQHandler
                0x080015cc                I2C2_EV_IRQHandler
                0x080015cc                DMA1_Stream2_IRQHandler
                0x080015cc                CAN1_RX0_IRQHandler
                0x080015cc                FPU_IRQHandler
                0x080015cc                OTG_HS_WKUP_IRQHandler
                0x080015cc                LTDC_ER_IRQHandler
                0x080015cc                CAN2_SCE_IRQHandler
                0x080015cc                DMA2_Stream2_IRQHandler
                0x080015cc                SPI1_IRQHandler
                0x080015cc                TIM6_DAC_IRQHandler
                0x080015cc                TIM1_BRK_TIM9_IRQHandler
                0x080015cc                DCMI_IRQHandler
                0x080015cc                CAN2_RX0_IRQHandler
                0x080015cc                DMA2_Stream3_IRQHandler
                0x080015cc                SAI2_IRQHandler
                0x080015cc                USART6_IRQHandler
                0x080015cc                USART3_IRQHandler
                0x080015cc                CAN1_RX1_IRQHandler
                0x080015cc                UART5_IRQHandler
                0x080015cc                DMA2_Stream0_IRQHandler
                0x080015cc                TIM4_IRQHandler
                0x080015cc                QUADSPI_IRQHandler
                0x080015cc                I2C1_EV_IRQHandler
                0x080015cc                DMA1_Stream6_IRQHandler
                0x080015cc                DMA1_Stream1_IRQHandler
                0x080015cc                UART4_IRQHandler
                0x080015cc                TIM3_IRQHandler
                0x080015cc                RCC_IRQHandler
                0x080015cc                TIM8_BRK_TIM12_IRQHandler
                0x080015cc                Default_Handler
                0x080015cc                CEC_IRQHandler
                0x080015cc                EXTI15_10_IRQHandler
                0x080015cc                ADC_IRQHandler
                0x080015cc                DMA1_Stream7_IRQHandler
                0x080015cc                SPI5_IRQHandler
                0x080015cc                TIM7_IRQHandler
                0x080015cc                SDMMC1_IRQHandler
                0x080015cc                CAN2_TX_IRQHandler
                0x080015cc                TIM5_IRQHandler
                0x080015cc                DMA2_Stream7_IRQHandler
                0x080015cc                I2C3_EV_IRQHandler
                0x080015cc                RTC_WKUP_IRQHandler
                0x080015cc                LTDC_IRQHandler
                0x080015cc                ETH_WKUP_IRQHandler
                0x080015cc                SPDIF_RX_IRQHandler
                0x080015cc                SPI2_IRQHandler
                0x080015cc                OTG_HS_EP1_IN_IRQHandler
                0x080015cc                DMA1_Stream0_IRQHandler
                0x080015cc                CAN1_TX_IRQHandler
                0x080015cc                EXTI4_IRQHandler
                0x080015cc                RNG_IRQHandler
                0x080015cc                ETH_IRQHandler
                0x080015cc                OTG_HS_EP1_OUT_IRQHandler
                0x080015cc                WWDG_IRQHandler
                0x080015cc                SPI6_IRQHandler
                0x080015cc                I2C4_EV_IRQHandler
                0x080015cc                OTG_FS_WKUP_IRQHandler
                0x080015cc                TIM1_TRG_COM_TIM11_IRQHandler
                0x080015cc                OTG_HS_IRQHandler
                0x080015cc                DMA2D_IRQHandler
                0x080015cc                EXTI1_IRQHandler
                0x080015cc                UART7_IRQHandler
                0x080015cc                USART2_IRQHandler
                0x080015cc                I2C2_ER_IRQHandler
                0x080015cc                DMA2_Stream1_IRQHandler
                0x080015cc                CAN1_SCE_IRQHandler
                0x080015cc                FLASH_IRQHandler
                0x080015cc                DMA2_Stream4_IRQHandler
                0x080015cc                USART1_IRQHandler
                0x080015cc                OTG_FS_IRQHandler
                0x080015cc                SPI3_IRQHandler
                0x080015cc                DMA1_Stream4_IRQHandler
                0x080015cc                I2C1_ER_IRQHandler
                0x080015cc                LPTIM1_IRQHandler
                0x080015cc                I2C4_ER_IRQHandler
                0x080015cc                DMA2_Stream6_IRQHandler
                0x080015cc                SAI1_IRQHandler
                0x080015cc                DMA1_Stream3_IRQHandler
 *fill*         0x080015ce        0x2 
 .text.Powerstep01_AttachErrorHandler
                0x080015d0       0x20 ./Drivers/BSP/Components/powerSTEP01/powerstep01.o
                0x080015d0                Powerstep01_AttachErrorHandler
 .text.Powerstep01_AttachFlagInterrupt
                0x080015f0       0x20 ./Drivers/BSP/Components/powerSTEP01/powerstep01.o
                0x080015f0                Powerstep01_AttachFlagInterrupt
 .text.Powerstep01_AttachBusyInterrupt
                0x08001610       0x20 ./Drivers/BSP/Components/powerSTEP01/powerstep01.o
                0x08001610                Powerstep01_AttachBusyInterrupt
 .text.Powerstep01_ReadId
                0x08001630       0x18 ./Drivers/BSP/Components/powerSTEP01/powerstep01.o
                0x08001630                Powerstep01_ReadId
 .text.Powerstep01_Init
                0x08001648       0x88 ./Drivers/BSP/Components/powerSTEP01/powerstep01.o
                0x08001648                Powerstep01_Init
 .text.Powerstep01_CheckBusyHw
                0x080016d0       0x18 ./Drivers/BSP/Components/powerSTEP01/powerstep01.o
                0x080016d0                Powerstep01_CheckBusyHw
 .text.Powerstep01_CheckStatusHw
                0x080016e8       0x18 ./Drivers/BSP/Components/powerSTEP01/powerstep01.o
                0x080016e8                Powerstep01_CheckStatusHw
 .text.Powerstep01_CmdGetParam
                0x08001700      0x1c4 ./Drivers/BSP/Components/powerSTEP01/powerstep01.o
                0x08001700                Powerstep01_CmdGetParam
 .text.Powerstep01_CmdGetStatus
                0x080018c4      0x134 ./Drivers/BSP/Components/powerSTEP01/powerstep01.o
                0x080018c4                Powerstep01_CmdGetStatus
 .text.Powerstep01_CmdGoHome
                0x080019f8       0x1e ./Drivers/BSP/Components/powerSTEP01/powerstep01.o
                0x080019f8                Powerstep01_CmdGoHome
 .text.Powerstep01_CmdGoMark
                0x08001a16       0x1e ./Drivers/BSP/Components/powerSTEP01/powerstep01.o
                0x08001a16                Powerstep01_CmdGoMark
 .text.Powerstep01_CmdGoTo
                0x08001a34       0x20 ./Drivers/BSP/Components/powerSTEP01/powerstep01.o
                0x08001a34                Powerstep01_CmdGoTo
 .text.Powerstep01_CmdGoToDir
                0x08001a54       0x2a ./Drivers/BSP/Components/powerSTEP01/powerstep01.o
                0x08001a54                Powerstep01_CmdGoToDir
 .text.Powerstep01_CmdGoUntil
                0x08001a7e       0x34 ./Drivers/BSP/Components/powerSTEP01/powerstep01.o
                0x08001a7e                Powerstep01_CmdGoUntil
 .text.Powerstep01_CmdHardHiZ
                0x08001ab2       0x1e ./Drivers/BSP/Components/powerSTEP01/powerstep01.o
                0x08001ab2                Powerstep01_CmdHardHiZ
 .text.Powerstep01_CmdHardStop
                0x08001ad0       0x1e ./Drivers/BSP/Components/powerSTEP01/powerstep01.o
                0x08001ad0                Powerstep01_CmdHardStop
 .text.Powerstep01_CmdMove
                0x08001aee       0x2a ./Drivers/BSP/Components/powerSTEP01/powerstep01.o
                0x08001aee                Powerstep01_CmdMove
 .text.Powerstep01_CmdNop
                0x08001b18       0x1e ./Drivers/BSP/Components/powerSTEP01/powerstep01.o
                0x08001b18                Powerstep01_CmdNop
 .text.Powerstep01_CmdReleaseSw
                0x08001b36       0x32 ./Drivers/BSP/Components/powerSTEP01/powerstep01.o
                0x08001b36                Powerstep01_CmdReleaseSw
 .text.Powerstep01_CmdResetDevice
                0x08001b68       0x1e ./Drivers/BSP/Components/powerSTEP01/powerstep01.o
                0x08001b68                Powerstep01_CmdResetDevice
 .text.Powerstep01_CmdResetPos
                0x08001b86       0x1e ./Drivers/BSP/Components/powerSTEP01/powerstep01.o
                0x08001b86                Powerstep01_CmdResetPos
 .text.Powerstep01_CmdRun
                0x08001ba4       0x2a ./Drivers/BSP/Components/powerSTEP01/powerstep01.o
                0x08001ba4                Powerstep01_CmdRun
 *fill*         0x08001bce        0x2 
 .text.Powerstep01_CmdSetParam
                0x08001bd0      0x19c ./Drivers/BSP/Components/powerSTEP01/powerstep01.o
                0x08001bd0                Powerstep01_CmdSetParam
 .text.Powerstep01_CmdSoftHiZ
                0x08001d6c       0x1e ./Drivers/BSP/Components/powerSTEP01/powerstep01.o
                0x08001d6c                Powerstep01_CmdSoftHiZ
 .text.Powerstep01_CmdSoftStop
                0x08001d8a       0x1e ./Drivers/BSP/Components/powerSTEP01/powerstep01.o
                0x08001d8a                Powerstep01_CmdSoftStop
 .text.Powerstep01_CmdStepClock
                0x08001da8       0x2a ./Drivers/BSP/Components/powerSTEP01/powerstep01.o
                0x08001da8                Powerstep01_CmdStepClock
 *fill*         0x08001dd2        0x2 
 .text.Powerstep01_FetchAndClearAllStatus
                0x08001dd4       0xa8 ./Drivers/BSP/Components/powerSTEP01/powerstep01.o
                0x08001dd4                Powerstep01_FetchAndClearAllStatus
 .text.Powerstep01_GetFetchedStatus
                0x08001e7c       0x5c ./Drivers/BSP/Components/powerSTEP01/powerstep01.o
                0x08001e7c                Powerstep01_GetFetchedStatus
 .text.Powerstep01_GetMotorHandle
                0x08001ed8       0x14 ./Drivers/BSP/Components/powerSTEP01/powerstep01.o
                0x08001ed8                Powerstep01_GetMotorHandle
 .text.Powerstep01_GetFwVersion
                0x08001eec       0x14 ./Drivers/BSP/Components/powerSTEP01/powerstep01.o
                0x08001eec                Powerstep01_GetFwVersion
 .text.Powerstep01_GetMark
                0x08001f00       0x26 ./Drivers/BSP/Components/powerSTEP01/powerstep01.o
                0x08001f00                Powerstep01_GetMark
 *fill*         0x08001f26        0x2 
 .text.Powerstep01_GetNbDevices
                0x08001f28       0x18 ./Drivers/BSP/Components/powerSTEP01/powerstep01.o
                0x08001f28                Powerstep01_GetNbDevices
 .text.Powerstep01_GetAnalogValue
                0x08001f40      0x180 ./Drivers/BSP/Components/powerSTEP01/powerstep01.o
                0x08001f40                Powerstep01_GetAnalogValue
 .text.Powerstep01_GetPosition
                0x080020c0       0x26 ./Drivers/BSP/Components/powerSTEP01/powerstep01.o
                0x080020c0                Powerstep01_GetPosition
 .text.Powerstep01_IsDeviceBusy
                0x080020e6       0x2a ./Drivers/BSP/Components/powerSTEP01/powerstep01.o
                0x080020e6                Powerstep01_IsDeviceBusy
 .text.Powerstep01_QueueCommands
                0x08002110       0xe4 ./Drivers/BSP/Components/powerSTEP01/powerstep01.o
                0x08002110                Powerstep01_QueueCommands
 .text.Powerstep01_ReadStatusRegister
                0x080021f4       0x20 ./Drivers/BSP/Components/powerSTEP01/powerstep01.o
                0x080021f4                Powerstep01_ReadStatusRegister
 .text.Powerstep01_ReleaseReset
                0x08002214       0x1a ./Drivers/BSP/Components/powerSTEP01/powerstep01.o
                0x08002214                Powerstep01_ReleaseReset
 .text.Powerstep01_Reset
                0x0800222e       0x1a ./Drivers/BSP/Components/powerSTEP01/powerstep01.o
                0x0800222e                Powerstep01_Reset
 .text.Powerstep01_SelectStepMode
                0x08002248       0xb4 ./Drivers/BSP/Components/powerSTEP01/powerstep01.o
                0x08002248                Powerstep01_SelectStepMode
 .text.Powerstep01_SendQueuedCommands
                0x080022fc       0x40 ./Drivers/BSP/Components/powerSTEP01/powerstep01.o
                0x080022fc                Powerstep01_SendQueuedCommands
 .text.Powerstep01_SetHome
                0x0800233c       0x30 ./Drivers/BSP/Components/powerSTEP01/powerstep01.o
                0x0800233c                Powerstep01_SetHome
 .text.Powerstep01_SetMark
                0x0800236c       0x20 ./Drivers/BSP/Components/powerSTEP01/powerstep01.o
                0x0800236c                Powerstep01_SetMark
 .text.Powerstep01_SetNbDevices
                0x0800238c       0x2c ./Drivers/BSP/Components/powerSTEP01/powerstep01.o
                0x0800238c                Powerstep01_SetNbDevices
 .text.Powerstep01_SetAnalogValue
                0x080023b8      0x3c4 ./Drivers/BSP/Components/powerSTEP01/powerstep01.o
                0x080023b8                Powerstep01_SetAnalogValue
 .text.Powerstep01_StartStepClock
                0x0800277c       0x1a ./Drivers/BSP/Components/powerSTEP01/powerstep01.o
                0x0800277c                Powerstep01_StartStepClock
 .text.Powerstep01_StopStepClock
                0x08002796        0xc ./Drivers/BSP/Components/powerSTEP01/powerstep01.o
                0x08002796                Powerstep01_StopStepClock
 *fill*         0x080027a2        0x2 
 .text.Powerstep01_WaitForAllDevicesNotBusy
                0x080027a4       0x50 ./Drivers/BSP/Components/powerSTEP01/powerstep01.o
                0x080027a4                Powerstep01_WaitForAllDevicesNotBusy
 .text.Powerstep01_WaitWhileActive
                0x080027f4       0x24 ./Drivers/BSP/Components/powerSTEP01/powerstep01.o
                0x080027f4                Powerstep01_WaitWhileActive
 .text.Powerstep01_ConvertPosition
                0x08002818       0x40 ./Drivers/BSP/Components/powerSTEP01/powerstep01.o
                0x08002818                Powerstep01_ConvertPosition
 .text.Powerstep01_BusyInterruptHandler
                0x08002858       0x2c ./Drivers/BSP/Components/powerSTEP01/powerstep01.o
                0x08002858                Powerstep01_BusyInterruptHandler
 .text.Powerstep01_ErrorHandler
                0x08002884       0x2c ./Drivers/BSP/Components/powerSTEP01/powerstep01.o
                0x08002884                Powerstep01_ErrorHandler
 .text.Powerstep01_FlagInterruptHandler
                0x080028b0       0x2c ./Drivers/BSP/Components/powerSTEP01/powerstep01.o
                0x080028b0                Powerstep01_FlagInterruptHandler
 .text.Powerstep01_SendCommand
                0x080028dc      0x188 ./Drivers/BSP/Components/powerSTEP01/powerstep01.o
                0x080028dc                Powerstep01_SendCommand
 .text.Powerstep01_SetRegisterToPredefinedValues
                0x08002a64      0x2a4 ./Drivers/BSP/Components/powerSTEP01/powerstep01.o
                0x08002a64                Powerstep01_SetRegisterToPredefinedValues
 .text.Powerstep01_SetDeviceParamsToGivenValues
                0x08002d08      0x3f8 ./Drivers/BSP/Components/powerSTEP01/powerstep01.o
                0x08002d08                Powerstep01_SetDeviceParamsToGivenValues
 .text.Powerstep01_WriteBytes
                0x08003100       0x4c ./Drivers/BSP/Components/powerSTEP01/powerstep01.o
                0x08003100                Powerstep01_WriteBytes
 .text.Powerstep01_AccDec_Steps_s2_to_RegVal
                0x0800314c       0x38 ./Drivers/BSP/Components/powerSTEP01/powerstep01.o
                0x0800314c                Powerstep01_AccDec_Steps_s2_to_RegVal
 .text.Powerstep01_AccDec_RegVal_to_Steps_s2
                0x08003184       0x2c ./Drivers/BSP/Components/powerSTEP01/powerstep01.o
                0x08003184                Powerstep01_AccDec_RegVal_to_Steps_s2
 .text.Powerstep01_BEMFslope_Perc_to_RegVal
                0x080031b0       0x3c ./Drivers/BSP/Components/powerSTEP01/powerstep01.o
                0x080031b0                Powerstep01_BEMFslope_Perc_to_RegVal
 .text.Powerstep01_BEMFslope_RegVal_to_Perc
                0x080031ec       0x2c ./Drivers/BSP/Components/powerSTEP01/powerstep01.o
                0x080031ec                Powerstep01_BEMFslope_RegVal_to_Perc
 .text.Powerstep01_FSSpd_Steps_s_to_RegVal
                0x08003218       0x30 ./Drivers/BSP/Components/powerSTEP01/powerstep01.o
                0x08003218                Powerstep01_FSSpd_Steps_s_to_RegVal
 .text.Powerstep01_FSSpd_RegVal_to_Steps_s
                0x08003248       0x38 ./Drivers/BSP/Components/powerSTEP01/powerstep01.o
                0x08003248                Powerstep01_FSSpd_RegVal_to_Steps_s
 .text.Powerstep01_IntSpd_Steps_s_to_RegVal
                0x08003280       0x38 ./Drivers/BSP/Components/powerSTEP01/powerstep01.o
                0x08003280                Powerstep01_IntSpd_Steps_s_to_RegVal
 .text.Powerstep01_IntSpd_RegVal_to_Steps_s
                0x080032b8       0x2c ./Drivers/BSP/Components/powerSTEP01/powerstep01.o
                0x080032b8                Powerstep01_IntSpd_RegVal_to_Steps_s
 .text.Powerstep01_KTherm_Comp_to_RegVal
                0x080032e4       0x44 ./Drivers/BSP/Components/powerSTEP01/powerstep01.o
                0x080032e4                Powerstep01_KTherm_Comp_to_RegVal
 .text.Powerstep01_KTherm_RegVal_to_Comp
                0x08003328       0x34 ./Drivers/BSP/Components/powerSTEP01/powerstep01.o
                0x08003328                Powerstep01_KTherm_RegVal_to_Comp
 .text.Powerstep01_Kval_Perc_to_RegVal
                0x0800335c       0x3c ./Drivers/BSP/Components/powerSTEP01/powerstep01.o
                0x0800335c                Powerstep01_Kval_Perc_to_RegVal
 .text.Powerstep01_Kval_RegVal_to_Perc
                0x08003398       0x28 ./Drivers/BSP/Components/powerSTEP01/powerstep01.o
                0x08003398                Powerstep01_Kval_RegVal_to_Perc
 .text.Powerstep01_MaxSpd_Steps_s_to_RegVal
                0x080033c0       0x38 ./Drivers/BSP/Components/powerSTEP01/powerstep01.o
                0x080033c0                Powerstep01_MaxSpd_Steps_s_to_RegVal
 .text.Powerstep01_MaxSpd_RegVal_to_Steps_s
                0x080033f8       0x2c ./Drivers/BSP/Components/powerSTEP01/powerstep01.o
                0x080033f8                Powerstep01_MaxSpd_RegVal_to_Steps_s
 .text.Powerstep01_MinSpd_Steps_s_to_RegVal
                0x08003424       0x38 ./Drivers/BSP/Components/powerSTEP01/powerstep01.o
                0x08003424                Powerstep01_MinSpd_Steps_s_to_RegVal
 .text.Powerstep01_MinSpd_RegVal_to_Steps_s
                0x0800345c       0x2c ./Drivers/BSP/Components/powerSTEP01/powerstep01.o
                0x0800345c                Powerstep01_MinSpd_RegVal_to_Steps_s
 .text.Powerstep01_Speed_RegVal_to_Steps_s
                0x08003488       0x2c ./Drivers/BSP/Components/powerSTEP01/powerstep01.o
                0x08003488                Powerstep01_Speed_RegVal_to_Steps_s
 .text.Powerstep01_StallOcd_Th_to_RegVal
                0x080034b4       0x48 ./Drivers/BSP/Components/powerSTEP01/powerstep01.o
                0x080034b4                Powerstep01_StallOcd_Th_to_RegVal
 .text.Powerstep01_StallOcd_RegVal_to_Th
                0x080034fc       0x30 ./Drivers/BSP/Components/powerSTEP01/powerstep01.o
                0x080034fc                Powerstep01_StallOcd_RegVal_to_Th
 .text.Powerstep01_Tval_RefVoltage_to_RegVal
                0x0800352c       0x48 ./Drivers/BSP/Components/powerSTEP01/powerstep01.o
                0x0800352c                Powerstep01_Tval_RefVoltage_to_RegVal
 .text.Powerstep01_Tval_RegVal_to_RefVoltage
                0x08003574       0x30 ./Drivers/BSP/Components/powerSTEP01/powerstep01.o
                0x08003574                Powerstep01_Tval_RegVal_to_RefVoltage
 .text.Powerstep01_Tmin_Time_to_RegVal
                0x080035a4       0x3a ./Drivers/BSP/Components/powerSTEP01/powerstep01.o
                0x080035a4                Powerstep01_Tmin_Time_to_RegVal
 .text.Powerstep01_Tmin_RegVal_to_Time
                0x080035de       0x2a ./Drivers/BSP/Components/powerSTEP01/powerstep01.o
                0x080035de                Powerstep01_Tmin_RegVal_to_Time
 .text.BSP_LCD_Init
                0x08003608       0xe0 ./Drivers/BSP/STM32746G-Discovery/stm32746g_discovery_lcd.o
                0x08003608                BSP_LCD_Init
 .text.BSP_LCD_SetFont
                0x080036e8       0x34 ./Drivers/BSP/STM32746G-Discovery/stm32746g_discovery_lcd.o
                0x080036e8                BSP_LCD_SetFont
 .text.BSP_LCD_DisplayOn
                0x0800371c       0x3c ./Drivers/BSP/STM32746G-Discovery/stm32746g_discovery_lcd.o
                0x0800371c                BSP_LCD_DisplayOn
 .text.BSP_LCD_MspInit
                0x08003758      0x1b4 ./Drivers/BSP/STM32746G-Discovery/stm32746g_discovery_lcd.o
                0x08003758                BSP_LCD_MspInit
 .text.BSP_LCD_ClockConfig
                0x0800390c       0x38 ./Drivers/BSP/STM32746G-Discovery/stm32746g_discovery_lcd.o
                0x0800390c                BSP_LCD_ClockConfig
 .text.BSP_SDRAM_Init
                0x08003944       0xbc ./Drivers/BSP/STM32746G-Discovery/stm32746g_discovery_sdram.o
                0x08003944                BSP_SDRAM_Init
 .text.BSP_SDRAM_Initialization_sequence
                0x08003a00       0xc0 ./Drivers/BSP/STM32746G-Discovery/stm32746g_discovery_sdram.o
                0x08003a00                BSP_SDRAM_Initialization_sequence
 .text.BSP_SDRAM_MspInit
                0x08003ac0      0x1f0 ./Drivers/BSP/STM32746G-Discovery/stm32746g_discovery_sdram.o
                0x08003ac0                BSP_SDRAM_MspInit
 .text.Powerstep01_Board_Delay
                0x08003cb0       0x16 ./Drivers/BSP/X-NUCLEO-IHMxx/x_nucleo_ihm03a1_stm32f4xx.o
                0x08003cb0                Powerstep01_Board_Delay
 .text.Powerstep01_Board_DisableIrq
                0x08003cc6       0x12 ./Drivers/BSP/X-NUCLEO-IHMxx/x_nucleo_ihm03a1_stm32f4xx.o
                0x08003cc6                Powerstep01_Board_DisableIrq
 .text.Powerstep01_Board_EnableIrq
                0x08003cd8       0x12 ./Drivers/BSP/X-NUCLEO-IHMxx/x_nucleo_ihm03a1_stm32f4xx.o
                0x08003cd8                Powerstep01_Board_EnableIrq
 *fill*         0x08003cea        0x2 
 .text.Powerstep01_Board_GpioInit
                0x08003cec      0x13c ./Drivers/BSP/X-NUCLEO-IHMxx/x_nucleo_ihm03a1_stm32f4xx.o
                0x08003cec                Powerstep01_Board_GpioInit
 .text.Powerstep01_Board_StepClockInit
                0x08003e28       0x7c ./Drivers/BSP/X-NUCLEO-IHMxx/x_nucleo_ihm03a1_stm32f4xx.o
                0x08003e28                Powerstep01_Board_StepClockInit
 .text.Powerstep01_Board_StartStepClock
                0x08003ea4       0x4c ./Drivers/BSP/X-NUCLEO-IHMxx/x_nucleo_ihm03a1_stm32f4xx.o
                0x08003ea4                Powerstep01_Board_StartStepClock
 .text.Powerstep01_Board_StopStepClock
                0x08003ef0       0x14 ./Drivers/BSP/X-NUCLEO-IHMxx/x_nucleo_ihm03a1_stm32f4xx.o
                0x08003ef0                Powerstep01_Board_StopStepClock
 .text.Powerstep01_Board_ReleaseReset
                0x08003f04       0x20 ./Drivers/BSP/X-NUCLEO-IHMxx/x_nucleo_ihm03a1_stm32f4xx.o
                0x08003f04                Powerstep01_Board_ReleaseReset
 .text.Powerstep01_Board_Reset
                0x08003f24       0x20 ./Drivers/BSP/X-NUCLEO-IHMxx/x_nucleo_ihm03a1_stm32f4xx.o
                0x08003f24                Powerstep01_Board_Reset
 .text.Powerstep01_Board_SpiInit
                0x08003f44       0x70 ./Drivers/BSP/X-NUCLEO-IHMxx/x_nucleo_ihm03a1_stm32f4xx.o
                0x08003f44                Powerstep01_Board_SpiInit
 .text.Powerstep01_Board_SpiWriteBytes
                0x08003fb4       0x78 ./Drivers/BSP/X-NUCLEO-IHMxx/x_nucleo_ihm03a1_stm32f4xx.o
                0x08003fb4                Powerstep01_Board_SpiWriteBytes
 .text.Powerstep01_Board_BUSY_PIN_GetState
                0x0800402c       0x18 ./Drivers/BSP/X-NUCLEO-IHMxx/x_nucleo_ihm03a1_stm32f4xx.o
                0x0800402c                Powerstep01_Board_BUSY_PIN_GetState
 .text.Powerstep01_Board_FLAG_PIN_GetState
                0x08004044       0x18 ./Drivers/BSP/X-NUCLEO-IHMxx/x_nucleo_ihm03a1_stm32f4xx.o
                0x08004044                Powerstep01_Board_FLAG_PIN_GetState
 .text.L6474_GetMotorHandle
                0x0800405c       0x10 ./Drivers/BSP/X-NUCLEO-IHMxx/x_nucleo_ihmxx.o
                0x0800405c                L6474_GetMotorHandle
 .text.l647x_GetMotorHandle
                0x0800406c       0x10 ./Drivers/BSP/X-NUCLEO-IHMxx/x_nucleo_ihmxx.o
                0x0800406c                l647x_GetMotorHandle
 .text.l648x_GetMotorHandle
                0x0800407c       0x10 ./Drivers/BSP/X-NUCLEO-IHMxx/x_nucleo_ihmxx.o
                0x0800407c                l648x_GetMotorHandle
 .text.L6206_GetMotorHandle
                0x0800408c       0x10 ./Drivers/BSP/X-NUCLEO-IHMxx/x_nucleo_ihmxx.o
                0x0800408c                L6206_GetMotorHandle
 .text.L6208_GetMotorHandle
                0x0800409c       0x10 ./Drivers/BSP/X-NUCLEO-IHMxx/x_nucleo_ihmxx.o
                0x0800409c                L6208_GetMotorHandle
 .text.Stspin220_GetMotorHandle
                0x080040ac       0x10 ./Drivers/BSP/X-NUCLEO-IHMxx/x_nucleo_ihmxx.o
                0x080040ac                Stspin220_GetMotorHandle
 .text.Stspin240_250_GetMotorHandle
                0x080040bc       0x10 ./Drivers/BSP/X-NUCLEO-IHMxx/x_nucleo_ihmxx.o
                0x080040bc                Stspin240_250_GetMotorHandle
 .text.BSP_MotorControl_AttachErrorHandler
                0x080040cc       0x3c ./Drivers/BSP/X-NUCLEO-IHMxx/x_nucleo_ihmxx.o
                0x080040cc                BSP_MotorControl_AttachErrorHandler
 .text.BSP_MotorControl_AttachFlagInterrupt
                0x08004108       0x3c ./Drivers/BSP/X-NUCLEO-IHMxx/x_nucleo_ihmxx.o
                0x08004108                BSP_MotorControl_AttachFlagInterrupt
 .text.BSP_MotorControl_AttachBusyInterrupt
                0x08004144       0x3c ./Drivers/BSP/X-NUCLEO-IHMxx/x_nucleo_ihmxx.o
                0x08004144                BSP_MotorControl_AttachBusyInterrupt
 .text.BSP_MotorControl_ErrorHandler
                0x08004180       0x3c ./Drivers/BSP/X-NUCLEO-IHMxx/x_nucleo_ihmxx.o
                0x08004180                BSP_MotorControl_ErrorHandler
 .text.BSP_MotorControl_Init
                0x080041bc       0x40 ./Drivers/BSP/X-NUCLEO-IHMxx/x_nucleo_ihmxx.o
                0x080041bc                BSP_MotorControl_Init
 .text.BSP_MotorControl_CmdGetStatus
                0x080041fc       0x4c ./Drivers/BSP/X-NUCLEO-IHMxx/x_nucleo_ihmxx.o
                0x080041fc                BSP_MotorControl_CmdGetStatus
 .text.BSP_MotorControl_CheckBusyHw
                0x08004248       0x44 ./Drivers/BSP/X-NUCLEO-IHMxx/x_nucleo_ihmxx.o
                0x08004248                BSP_MotorControl_CheckBusyHw
 .text.BSP_MotorControl_CmdSoftHiZ
                0x0800428c       0x44 ./Drivers/BSP/X-NUCLEO-IHMxx/x_nucleo_ihmxx.o
                0x0800428c                BSP_MotorControl_CmdSoftHiZ
 .text.BSP_MotorControl_SetNbDevices
                0x080042d0      0x11c ./Drivers/BSP/X-NUCLEO-IHMxx/x_nucleo_ihmxx.o
                0x080042d0                BSP_MotorControl_SetNbDevices
 .text.HAL_Init
                0x080043ec       0x1a ./Drivers/STM32F7xx_HAL_Driver/Src/stm32f7xx_hal.o
                0x080043ec                HAL_Init
 *fill*         0x08004406        0x2 
 .text.HAL_InitTick
                0x08004408       0x60 ./Drivers/STM32F7xx_HAL_Driver/Src/stm32f7xx_hal.o
                0x08004408                HAL_InitTick
 .text.HAL_IncTick
                0x08004468       0x28 ./Drivers/STM32F7xx_HAL_Driver/Src/stm32f7xx_hal.o
                0x08004468                HAL_IncTick
 .text.HAL_GetTick
                0x08004490       0x18 ./Drivers/STM32F7xx_HAL_Driver/Src/stm32f7xx_hal.o
                0x08004490                HAL_GetTick
 .text.HAL_Delay
                0x080044a8       0x48 ./Drivers/STM32F7xx_HAL_Driver/Src/stm32f7xx_hal.o
                0x080044a8                HAL_Delay
 .text.__NVIC_SetPriorityGrouping
                0x080044f0       0x48 ./Drivers/STM32F7xx_HAL_Driver/Src/stm32f7xx_hal_cortex.o
 .text.__NVIC_GetPriorityGrouping
                0x08004538       0x1c ./Drivers/STM32F7xx_HAL_Driver/Src/stm32f7xx_hal_cortex.o
 .text.__NVIC_EnableIRQ
                0x08004554       0x3c ./Drivers/STM32F7xx_HAL_Driver/Src/stm32f7xx_hal_cortex.o
 .text.__NVIC_SetPriority
                0x08004590       0x54 ./Drivers/STM32F7xx_HAL_Driver/Src/stm32f7xx_hal_cortex.o
 .text.NVIC_EncodePriority
                0x080045e4       0x66 ./Drivers/STM32F7xx_HAL_Driver/Src/stm32f7xx_hal_cortex.o
 *fill*         0x0800464a        0x2 
 .text.SysTick_Config
                0x0800464c       0x44 ./Drivers/STM32F7xx_HAL_Driver/Src/stm32f7xx_hal_cortex.o
 .text.HAL_NVIC_SetPriorityGrouping
                0x08004690       0x16 ./Drivers/STM32F7xx_HAL_Driver/Src/stm32f7xx_hal_cortex.o
                0x08004690                HAL_NVIC_SetPriorityGrouping
 .text.HAL_NVIC_SetPriority
                0x080046a6       0x38 ./Drivers/STM32F7xx_HAL_Driver/Src/stm32f7xx_hal_cortex.o
                0x080046a6                HAL_NVIC_SetPriority
 .text.HAL_NVIC_EnableIRQ
                0x080046de       0x1c ./Drivers/STM32F7xx_HAL_Driver/Src/stm32f7xx_hal_cortex.o
                0x080046de                HAL_NVIC_EnableIRQ
 .text.HAL_SYSTICK_Config
                0x080046fa       0x18 ./Drivers/STM32F7xx_HAL_Driver/Src/stm32f7xx_hal_cortex.o
                0x080046fa                HAL_SYSTICK_Config
 *fill*         0x08004712        0x2 
 .text.HAL_DMA_Init
                0x08004714      0x15c ./Drivers/STM32F7xx_HAL_Driver/Src/stm32f7xx_hal_dma.o
                0x08004714                HAL_DMA_Init
 .text.HAL_DMA_DeInit
                0x08004870       0xbc ./Drivers/STM32F7xx_HAL_Driver/Src/stm32f7xx_hal_dma.o
                0x08004870                HAL_DMA_DeInit
 .text.DMA_CalcBaseAndBitshift
                0x0800492c       0x6c ./Drivers/STM32F7xx_HAL_Driver/Src/stm32f7xx_hal_dma.o
 .text.DMA_CheckFifoParam
                0x08004998       0xf8 ./Drivers/STM32F7xx_HAL_Driver/Src/stm32f7xx_hal_dma.o
 .text.HAL_DMA2D_Init
                0x08004a90       0x94 ./Drivers/STM32F7xx_HAL_Driver/Src/stm32f7xx_hal_dma2d.o
                0x08004a90                HAL_DMA2D_Init
 .text.HAL_DMA2D_ConfigLayer
                0x08004b24      0x124 ./Drivers/STM32F7xx_HAL_Driver/Src/stm32f7xx_hal_dma2d.o
                0x08004b24                HAL_DMA2D_ConfigLayer
 .text.HAL_GPIO_Init
                0x08004c48      0x358 ./Drivers/STM32F7xx_HAL_Driver/Src/stm32f7xx_hal_gpio.o
                0x08004c48                HAL_GPIO_Init
 .text.HAL_GPIO_ReadPin
                0x08004fa0       0x30 ./Drivers/STM32F7xx_HAL_Driver/Src/stm32f7xx_hal_gpio.o
                0x08004fa0                HAL_GPIO_ReadPin
 .text.HAL_GPIO_WritePin
                0x08004fd0       0x32 ./Drivers/STM32F7xx_HAL_Driver/Src/stm32f7xx_hal_gpio.o
                0x08004fd0                HAL_GPIO_WritePin
 .text.HAL_GPIO_TogglePin
                0x08005002       0x34 ./Drivers/STM32F7xx_HAL_Driver/Src/stm32f7xx_hal_gpio.o
                0x08005002                HAL_GPIO_TogglePin
 *fill*         0x08005036        0x2 
 .text.HAL_GPIO_EXTI_IRQHandler
                0x08005038       0x30 ./Drivers/STM32F7xx_HAL_Driver/Src/stm32f7xx_hal_gpio.o
                0x08005038                HAL_GPIO_EXTI_IRQHandler
 .text.HAL_GPIO_EXTI_Callback
                0x08005068       0x16 ./Drivers/STM32F7xx_HAL_Driver/Src/stm32f7xx_hal_gpio.o
                0x08005068                HAL_GPIO_EXTI_Callback
 *fill*         0x0800507e        0x2 
 .text.HAL_I2C_Init
                0x08005080      0x138 ./Drivers/STM32F7xx_HAL_Driver/Src/stm32f7xx_hal_i2c.o
                0x08005080                HAL_I2C_Init
 .text.HAL_I2CEx_ConfigAnalogFilter
                0x080051b8       0x96 ./Drivers/STM32F7xx_HAL_Driver/Src/stm32f7xx_hal_i2c_ex.o
                0x080051b8                HAL_I2CEx_ConfigAnalogFilter
 .text.HAL_I2CEx_ConfigDigitalFilter
                0x0800524e       0x98 ./Drivers/STM32F7xx_HAL_Driver/Src/stm32f7xx_hal_i2c_ex.o
                0x0800524e                HAL_I2CEx_ConfigDigitalFilter
 *fill*         0x080052e6        0x2 
 .text.HAL_LTDC_Init
                0x080052e8      0x1a0 ./Drivers/STM32F7xx_HAL_Driver/Src/stm32f7xx_hal_ltdc.o
                0x080052e8                HAL_LTDC_Init
 .text.HAL_LTDC_ConfigLayer
                0x08005488       0x7c ./Drivers/STM32F7xx_HAL_Driver/Src/stm32f7xx_hal_ltdc.o
                0x08005488                HAL_LTDC_ConfigLayer
 .text.HAL_LTDC_GetState
                0x08005504       0x1c ./Drivers/STM32F7xx_HAL_Driver/Src/stm32f7xx_hal_ltdc.o
                0x08005504                HAL_LTDC_GetState
 .text.LTDC_SetConfig
                0x08005520      0x334 ./Drivers/STM32F7xx_HAL_Driver/Src/stm32f7xx_hal_ltdc.o
 .text.HAL_PWREx_EnableOverDrive
                0x08005854       0xa0 ./Drivers/STM32F7xx_HAL_Driver/Src/stm32f7xx_hal_pwr_ex.o
                0x08005854                HAL_PWREx_EnableOverDrive
 .text.HAL_RCC_OscConfig
                0x080058f4      0x548 ./Drivers/STM32F7xx_HAL_Driver/Src/stm32f7xx_hal_rcc.o
                0x080058f4                HAL_RCC_OscConfig
 .text.HAL_RCC_ClockConfig
                0x08005e3c      0x1d8 ./Drivers/STM32F7xx_HAL_Driver/Src/stm32f7xx_hal_rcc.o
                0x08005e3c                HAL_RCC_ClockConfig
 .text.HAL_RCC_GetSysClockFreq
                0x08006014      0x18c ./Drivers/STM32F7xx_HAL_Driver/Src/stm32f7xx_hal_rcc.o
                0x08006014                HAL_RCC_GetSysClockFreq
 .text.HAL_RCC_GetHCLKFreq
                0x080061a0       0x18 ./Drivers/STM32F7xx_HAL_Driver/Src/stm32f7xx_hal_rcc.o
                0x080061a0                HAL_RCC_GetHCLKFreq
 .text.HAL_RCC_GetPCLK1Freq
                0x080061b8       0x28 ./Drivers/STM32F7xx_HAL_Driver/Src/stm32f7xx_hal_rcc.o
                0x080061b8                HAL_RCC_GetPCLK1Freq
 .text.HAL_RCC_GetPCLK2Freq
                0x080061e0       0x28 ./Drivers/STM32F7xx_HAL_Driver/Src/stm32f7xx_hal_rcc.o
                0x080061e0                HAL_RCC_GetPCLK2Freq
 .text.HAL_RCCEx_PeriphCLKConfig
                0x08006208      0x7e0 ./Drivers/STM32F7xx_HAL_Driver/Src/stm32f7xx_hal_rcc_ex.o
                0x08006208                HAL_RCCEx_PeriphCLKConfig
 .text.HAL_SDRAM_Init
                0x080069e8       0x68 ./Drivers/STM32F7xx_HAL_Driver/Src/stm32f7xx_hal_sdram.o
                0x080069e8                HAL_SDRAM_Init
 .text.HAL_SDRAM_IRQHandler
                0x08006a50       0x34 ./Drivers/STM32F7xx_HAL_Driver/Src/stm32f7xx_hal_sdram.o
                0x08006a50                HAL_SDRAM_IRQHandler
 .text.HAL_SDRAM_RefreshErrorCallback
                0x08006a84       0x14 ./Drivers/STM32F7xx_HAL_Driver/Src/stm32f7xx_hal_sdram.o
                0x08006a84                HAL_SDRAM_RefreshErrorCallback
 .text.HAL_SDRAM_SendCommand
                0x08006a98       0x6a ./Drivers/STM32F7xx_HAL_Driver/Src/stm32f7xx_hal_sdram.o
                0x08006a98                HAL_SDRAM_SendCommand
 .text.HAL_SDRAM_ProgramRefreshRate
                0x08006b02       0x50 ./Drivers/STM32F7xx_HAL_Driver/Src/stm32f7xx_hal_sdram.o
                0x08006b02                HAL_SDRAM_ProgramRefreshRate
 *fill*         0x08006b52        0x2 
 .text.HAL_SPI_Init
                0x08006b54      0x1c4 ./Drivers/STM32F7xx_HAL_Driver/Src/stm32f7xx_hal_spi.o
                0x08006b54                HAL_SPI_Init
 .text.HAL_SPI_TransmitReceive
                0x08006d18      0x444 ./Drivers/STM32F7xx_HAL_Driver/Src/stm32f7xx_hal_spi.o
                0x08006d18                HAL_SPI_TransmitReceive
 .text.HAL_SPI_TxCpltCallback
                0x0800715c       0x14 ./Drivers/STM32F7xx_HAL_Driver/Src/stm32f7xx_hal_spi.o
                0x0800715c                HAL_SPI_TxCpltCallback
 .text.HAL_SPI_RxCpltCallback
                0x08007170       0x14 ./Drivers/STM32F7xx_HAL_Driver/Src/stm32f7xx_hal_spi.o
                0x08007170                HAL_SPI_RxCpltCallback
 .text.HAL_SPI_TxRxCpltCallback
                0x08007184       0x14 ./Drivers/STM32F7xx_HAL_Driver/Src/stm32f7xx_hal_spi.o
                0x08007184                HAL_SPI_TxRxCpltCallback
 .text.HAL_SPI_TxHalfCpltCallback
                0x08007198       0x14 ./Drivers/STM32F7xx_HAL_Driver/Src/stm32f7xx_hal_spi.o
                0x08007198                HAL_SPI_TxHalfCpltCallback
 .text.HAL_SPI_RxHalfCpltCallback
                0x080071ac       0x14 ./Drivers/STM32F7xx_HAL_Driver/Src/stm32f7xx_hal_spi.o
                0x080071ac                HAL_SPI_RxHalfCpltCallback
 .text.HAL_SPI_TxRxHalfCpltCallback
                0x080071c0       0x14 ./Drivers/STM32F7xx_HAL_Driver/Src/stm32f7xx_hal_spi.o
                0x080071c0                HAL_SPI_TxRxHalfCpltCallback
 .text.HAL_SPI_ErrorCallback
                0x080071d4       0x14 ./Drivers/STM32F7xx_HAL_Driver/Src/stm32f7xx_hal_spi.o
                0x080071d4                HAL_SPI_ErrorCallback
 .text.HAL_SPI_AbortCpltCallback
                0x080071e8       0x14 ./Drivers/STM32F7xx_HAL_Driver/Src/stm32f7xx_hal_spi.o
                0x080071e8                HAL_SPI_AbortCpltCallback
 .text.SPI_WaitFlagStateUntilTimeout
                0x080071fc      0x110 ./Drivers/STM32F7xx_HAL_Driver/Src/stm32f7xx_hal_spi.o
 .text.SPI_WaitFifoStateUntilTimeout
                0x0800730c      0x12c ./Drivers/STM32F7xx_HAL_Driver/Src/stm32f7xx_hal_spi.o
 .text.SPI_EndRxTxTransaction
                0x08007438       0xd4 ./Drivers/STM32F7xx_HAL_Driver/Src/stm32f7xx_hal_spi.o
 .text.HAL_TIM_Base_Init
                0x0800750c       0xc8 ./Drivers/STM32F7xx_HAL_Driver/Src/stm32f7xx_hal_tim.o
                0x0800750c                HAL_TIM_Base_Init
 .text.HAL_TIM_PWM_Init
                0x080075d4       0xc8 ./Drivers/STM32F7xx_HAL_Driver/Src/stm32f7xx_hal_tim.o
                0x080075d4                HAL_TIM_PWM_Init
 .text.HAL_TIM_PWM_MspInit
                0x0800769c       0x14 ./Drivers/STM32F7xx_HAL_Driver/Src/stm32f7xx_hal_tim.o
                0x0800769c                HAL_TIM_PWM_MspInit
 .text.HAL_TIM_PWM_Start_IT
                0x080076b0      0x290 ./Drivers/STM32F7xx_HAL_Driver/Src/stm32f7xx_hal_tim.o
                0x080076b0                HAL_TIM_PWM_Start_IT
 .text.HAL_TIM_PWM_Stop_IT
                0x08007940      0x19c ./Drivers/STM32F7xx_HAL_Driver/Src/stm32f7xx_hal_tim.o
                0x08007940                HAL_TIM_PWM_Stop_IT
 .text.HAL_TIM_IRQHandler
                0x08007adc      0x252 ./Drivers/STM32F7xx_HAL_Driver/Src/stm32f7xx_hal_tim.o
                0x08007adc                HAL_TIM_IRQHandler
 *fill*         0x08007d2e        0x2 
 .text.HAL_TIM_PWM_ConfigChannel
                0x08007d30      0x228 ./Drivers/STM32F7xx_HAL_Driver/Src/stm32f7xx_hal_tim.o
                0x08007d30                HAL_TIM_PWM_ConfigChannel
 .text.HAL_TIM_ConfigClockSource
                0x08007f58      0x194 ./Drivers/STM32F7xx_HAL_Driver/Src/stm32f7xx_hal_tim.o
                0x08007f58                HAL_TIM_ConfigClockSource
 .text.HAL_TIM_PeriodElapsedCallback
                0x080080ec       0x14 ./Drivers/STM32F7xx_HAL_Driver/Src/stm32f7xx_hal_tim.o
                0x080080ec                HAL_TIM_PeriodElapsedCallback
 .text.HAL_TIM_PeriodElapsedHalfCpltCallback
                0x08008100       0x14 ./Drivers/STM32F7xx_HAL_Driver/Src/stm32f7xx_hal_tim.o
                0x08008100                HAL_TIM_PeriodElapsedHalfCpltCallback
 .text.HAL_TIM_OC_DelayElapsedCallback
                0x08008114       0x14 ./Drivers/STM32F7xx_HAL_Driver/Src/stm32f7xx_hal_tim.o
                0x08008114                HAL_TIM_OC_DelayElapsedCallback
 .text.HAL_TIM_IC_CaptureCallback
                0x08008128       0x14 ./Drivers/STM32F7xx_HAL_Driver/Src/stm32f7xx_hal_tim.o
                0x08008128                HAL_TIM_IC_CaptureCallback
 .text.HAL_TIM_IC_CaptureHalfCpltCallback
                0x0800813c       0x14 ./Drivers/STM32F7xx_HAL_Driver/Src/stm32f7xx_hal_tim.o
                0x0800813c                HAL_TIM_IC_CaptureHalfCpltCallback
 .text.HAL_TIM_PWM_PulseFinishedCallback
                0x08008150       0x14 ./Drivers/STM32F7xx_HAL_Driver/Src/stm32f7xx_hal_tim.o
                0x08008150                HAL_TIM_PWM_PulseFinishedCallback
 .text.HAL_TIM_PWM_PulseFinishedHalfCpltCallback
                0x08008164       0x14 ./Drivers/STM32F7xx_HAL_Driver/Src/stm32f7xx_hal_tim.o
                0x08008164                HAL_TIM_PWM_PulseFinishedHalfCpltCallback
 .text.HAL_TIM_TriggerCallback
                0x08008178       0x14 ./Drivers/STM32F7xx_HAL_Driver/Src/stm32f7xx_hal_tim.o
                0x08008178                HAL_TIM_TriggerCallback
 .text.HAL_TIM_TriggerHalfCpltCallback
                0x0800818c       0x14 ./Drivers/STM32F7xx_HAL_Driver/Src/stm32f7xx_hal_tim.o
                0x0800818c                HAL_TIM_TriggerHalfCpltCallback
 .text.HAL_TIM_ErrorCallback
                0x080081a0       0x14 ./Drivers/STM32F7xx_HAL_Driver/Src/stm32f7xx_hal_tim.o
                0x080081a0                HAL_TIM_ErrorCallback
 .text.TIM_Base_SetConfig
                0x080081b4      0x158 ./Drivers/STM32F7xx_HAL_Driver/Src/stm32f7xx_hal_tim.o
                0x080081b4                TIM_Base_SetConfig
 .text.TIM_OC1_SetConfig
                0x0800830c       0xe4 ./Drivers/STM32F7xx_HAL_Driver/Src/stm32f7xx_hal_tim.o
 .text.TIM_OC2_SetConfig
                0x080083f0       0xf0 ./Drivers/STM32F7xx_HAL_Driver/Src/stm32f7xx_hal_tim.o
                0x080083f0                TIM_OC2_SetConfig
 .text.TIM_OC3_SetConfig
                0x080084e0       0xec ./Drivers/STM32F7xx_HAL_Driver/Src/stm32f7xx_hal_tim.o
 .text.TIM_OC4_SetConfig
                0x080085cc       0xb0 ./Drivers/STM32F7xx_HAL_Driver/Src/stm32f7xx_hal_tim.o
 .text.TIM_OC5_SetConfig
                0x0800867c       0xa4 ./Drivers/STM32F7xx_HAL_Driver/Src/stm32f7xx_hal_tim.o
 .text.TIM_OC6_SetConfig
                0x08008720       0xa8 ./Drivers/STM32F7xx_HAL_Driver/Src/stm32f7xx_hal_tim.o
 .text.TIM_TI1_ConfigInputStage
                0x080087c8       0x5e ./Drivers/STM32F7xx_HAL_Driver/Src/stm32f7xx_hal_tim.o
 .text.TIM_TI2_ConfigInputStage
                0x08008826       0x60 ./Drivers/STM32F7xx_HAL_Driver/Src/stm32f7xx_hal_tim.o
 .text.TIM_ITRx_SetConfig
                0x08008886       0x36 ./Drivers/STM32F7xx_HAL_Driver/Src/stm32f7xx_hal_tim.o
 .text.TIM_ETR_SetConfig
                0x080088bc       0x40 ./Drivers/STM32F7xx_HAL_Driver/Src/stm32f7xx_hal_tim.o
                0x080088bc                TIM_ETR_SetConfig
 .text.TIM_CCxChannelCmd
                0x080088fc       0x4a ./Drivers/STM32F7xx_HAL_Driver/Src/stm32f7xx_hal_tim.o
                0x080088fc                TIM_CCxChannelCmd
 *fill*         0x08008946        0x2 
 .text.TIM_ResetCallback
                0x08008948       0xbc ./Drivers/STM32F7xx_HAL_Driver/Src/stm32f7xx_hal_tim.o
                0x08008948                TIM_ResetCallback
 .text.HAL_TIMEx_MasterConfigSynchronization
                0x08008a04      0x11c ./Drivers/STM32F7xx_HAL_Driver/Src/stm32f7xx_hal_tim_ex.o
                0x08008a04                HAL_TIMEx_MasterConfigSynchronization
 .text.HAL_TIMEx_CommutCallback
                0x08008b20       0x14 ./Drivers/STM32F7xx_HAL_Driver/Src/stm32f7xx_hal_tim_ex.o
                0x08008b20                HAL_TIMEx_CommutCallback
 .text.HAL_TIMEx_CommutHalfCpltCallback
                0x08008b34       0x14 ./Drivers/STM32F7xx_HAL_Driver/Src/stm32f7xx_hal_tim_ex.o
                0x08008b34                HAL_TIMEx_CommutHalfCpltCallback
 .text.HAL_TIMEx_BreakCallback
                0x08008b48       0x14 ./Drivers/STM32F7xx_HAL_Driver/Src/stm32f7xx_hal_tim_ex.o
                0x08008b48                HAL_TIMEx_BreakCallback
 .text.HAL_TIMEx_Break2Callback
                0x08008b5c       0x14 ./Drivers/STM32F7xx_HAL_Driver/Src/stm32f7xx_hal_tim_ex.o
                0x08008b5c                HAL_TIMEx_Break2Callback
 .text.HAL_UART_Init
                0x08008b70       0xbc ./Drivers/STM32F7xx_HAL_Driver/Src/stm32f7xx_hal_uart.o
                0x08008b70                HAL_UART_Init
 .text.HAL_UART_TxCpltCallback
                0x08008c2c       0x14 ./Drivers/STM32F7xx_HAL_Driver/Src/stm32f7xx_hal_uart.o
                0x08008c2c                HAL_UART_TxCpltCallback
 .text.HAL_UART_TxHalfCpltCallback
                0x08008c40       0x14 ./Drivers/STM32F7xx_HAL_Driver/Src/stm32f7xx_hal_uart.o
                0x08008c40                HAL_UART_TxHalfCpltCallback
 .text.HAL_UART_RxCpltCallback
                0x08008c54       0x14 ./Drivers/STM32F7xx_HAL_Driver/Src/stm32f7xx_hal_uart.o
                0x08008c54                HAL_UART_RxCpltCallback
 .text.HAL_UART_RxHalfCpltCallback
                0x08008c68       0x14 ./Drivers/STM32F7xx_HAL_Driver/Src/stm32f7xx_hal_uart.o
                0x08008c68                HAL_UART_RxHalfCpltCallback
 .text.HAL_UART_ErrorCallback
                0x08008c7c       0x14 ./Drivers/STM32F7xx_HAL_Driver/Src/stm32f7xx_hal_uart.o
                0x08008c7c                HAL_UART_ErrorCallback
 .text.HAL_UART_AbortCpltCallback
                0x08008c90       0x14 ./Drivers/STM32F7xx_HAL_Driver/Src/stm32f7xx_hal_uart.o
                0x08008c90                HAL_UART_AbortCpltCallback
 .text.HAL_UART_AbortTransmitCpltCallback
                0x08008ca4       0x14 ./Drivers/STM32F7xx_HAL_Driver/Src/stm32f7xx_hal_uart.o
                0x08008ca4                HAL_UART_AbortTransmitCpltCallback
 .text.HAL_UART_AbortReceiveCpltCallback
                0x08008cb8       0x14 ./Drivers/STM32F7xx_HAL_Driver/Src/stm32f7xx_hal_uart.o
                0x08008cb8                HAL_UART_AbortReceiveCpltCallback
 .text.HAL_UARTEx_RxEventCallback
                0x08008ccc       0x18 ./Drivers/STM32F7xx_HAL_Driver/Src/stm32f7xx_hal_uart.o
                0x08008ccc                HAL_UARTEx_RxEventCallback
 .text.UART_InitCallbacksToDefault
                0x08008ce4       0x80 ./Drivers/STM32F7xx_HAL_Driver/Src/stm32f7xx_hal_uart.o
                0x08008ce4                UART_InitCallbacksToDefault
 .text.UART_SetConfig
                0x08008d64      0x4c8 ./Drivers/STM32F7xx_HAL_Driver/Src/stm32f7xx_hal_uart.o
                0x08008d64                UART_SetConfig
 .text.UART_AdvFeatureConfig
                0x0800922c      0x144 ./Drivers/STM32F7xx_HAL_Driver/Src/stm32f7xx_hal_uart.o
                0x0800922c                UART_AdvFeatureConfig
 .text.UART_CheckIdleState
                0x08009370       0xae ./Drivers/STM32F7xx_HAL_Driver/Src/stm32f7xx_hal_uart.o
                0x08009370                UART_CheckIdleState
 .text.UART_WaitOnFlagUntilTimeout
                0x0800941e       0xda ./Drivers/STM32F7xx_HAL_Driver/Src/stm32f7xx_hal_uart.o
                0x0800941e                UART_WaitOnFlagUntilTimeout
 .text.UART_EndRxTransfer
                0x080094f8       0xc8 ./Drivers/STM32F7xx_HAL_Driver/Src/stm32f7xx_hal_uart.o
 .text.FMC_SDRAM_Init
                0x080095c0       0xb8 ./Drivers/STM32F7xx_HAL_Driver/Src/stm32f7xx_ll_fmc.o
                0x080095c0                FMC_SDRAM_Init
 .text.FMC_SDRAM_Timing_Init
                0x08009678       0xd4 ./Drivers/STM32F7xx_HAL_Driver/Src/stm32f7xx_ll_fmc.o
                0x08009678                FMC_SDRAM_Timing_Init
 .text.FMC_SDRAM_SendCommand
                0x0800974c       0x48 ./Drivers/STM32F7xx_HAL_Driver/Src/stm32f7xx_ll_fmc.o
                0x0800974c                FMC_SDRAM_SendCommand
 .text.FMC_SDRAM_ProgramRefreshRate
                0x08009794       0x30 ./Drivers/STM32F7xx_HAL_Driver/Src/stm32f7xx_ll_fmc.o
                0x08009794                FMC_SDRAM_ProgramRefreshRate
 .text.memset   0x080097c4       0x10 D:/Programy/STMicroelectronics/STM32CubeIDE_1.10.1/STM32CubeIDE/plugins/com.st.stm32cube.ide.mcu.externaltools.gnu-tools-for-stm32.12.3.rel1.win32_1.0.200.202406191623/tools/bin/../lib/gcc/arm-none-eabi/12.3.1/../../../../arm-none-eabi/lib/thumb/v7e-m+fp/hard\libc_nano.a(libc_a-memset.o)
                0x080097c4                memset
 .text.__libc_init_array
                0x080097d4       0x48 D:/Programy/STMicroelectronics/STM32CubeIDE_1.10.1/STM32CubeIDE/plugins/com.st.stm32cube.ide.mcu.externaltools.gnu-tools-for-stm32.12.3.rel1.win32_1.0.200.202406191623/tools/bin/../lib/gcc/arm-none-eabi/12.3.1/../../../../arm-none-eabi/lib/thumb/v7e-m+fp/hard\libc_nano.a(libc_a-init.o)
                0x080097d4                __libc_init_array
 *(.glue_7)
 .glue_7        0x0800981c        0x0 linker stubs
 *(.glue_7t)
 .glue_7t       0x0800981c        0x0 linker stubs
 *(.eh_frame)
 .eh_frame      0x0800981c        0x0 D:/Programy/STMicroelectronics/STM32CubeIDE_1.10.1/STM32CubeIDE/plugins/com.st.stm32cube.ide.mcu.externaltools.gnu-tools-for-stm32.12.3.rel1.win32_1.0.200.202406191623/tools/bin/../lib/gcc/arm-none-eabi/12.3.1/thumb/v7e-m+fp/hard/crtbegin.o
 *(.init)
 .init          0x0800981c        0x4 D:/Programy/STMicroelectronics/STM32CubeIDE_1.10.1/STM32CubeIDE/plugins/com.st.stm32cube.ide.mcu.externaltools.gnu-tools-for-stm32.12.3.rel1.win32_1.0.200.202406191623/tools/bin/../lib/gcc/arm-none-eabi/12.3.1/thumb/v7e-m+fp/hard/crti.o
                0x0800981c                _init
 .init          0x08009820        0x8 D:/Programy/STMicroelectronics/STM32CubeIDE_1.10.1/STM32CubeIDE/plugins/com.st.stm32cube.ide.mcu.externaltools.gnu-tools-for-stm32.12.3.rel1.win32_1.0.200.202406191623/tools/bin/../lib/gcc/arm-none-eabi/12.3.1/thumb/v7e-m+fp/hard/crtn.o
 *(.fini)
 .fini          0x08009828        0x4 D:/Programy/STMicroelectronics/STM32CubeIDE_1.10.1/STM32CubeIDE/plugins/com.st.stm32cube.ide.mcu.externaltools.gnu-tools-for-stm32.12.3.rel1.win32_1.0.200.202406191623/tools/bin/../lib/gcc/arm-none-eabi/12.3.1/thumb/v7e-m+fp/hard/crti.o
                0x08009828                _fini
 .fini          0x0800982c        0x8 D:/Programy/STMicroelectronics/STM32CubeIDE_1.10.1/STM32CubeIDE/plugins/com.st.stm32cube.ide.mcu.externaltools.gnu-tools-for-stm32.12.3.rel1.win32_1.0.200.202406191623/tools/bin/../lib/gcc/arm-none-eabi/12.3.1/thumb/v7e-m+fp/hard/crtn.o
                0x08009834                        . = ALIGN (0x4)
                0x08009834                        _etext = .

.vfp11_veneer   0x08009834        0x0
 .vfp11_veneer  0x08009834        0x0 linker stubs

.v4_bx          0x08009834        0x0
 .v4_bx         0x08009834        0x0 linker stubs

.iplt           0x08009834        0x0
 .iplt          0x08009834        0x0 D:/Programy/STMicroelectronics/STM32CubeIDE_1.10.1/STM32CubeIDE/plugins/com.st.stm32cube.ide.mcu.externaltools.gnu-tools-for-stm32.12.3.rel1.win32_1.0.200.202406191623/tools/bin/../lib/gcc/arm-none-eabi/12.3.1/thumb/v7e-m+fp/hard/crtbegin.o

.rodata         0x08009834     0x1ad8
                0x08009834                        . = ALIGN (0x4)
 *(.rodata)
 *(.rodata*)
 .rodata.AHBPrescTable
                0x08009834       0x10 ./Core/Src/system_stm32f7xx.o
                0x08009834                AHBPrescTable
 .rodata.APBPrescTable
                0x08009844        0x8 ./Core/Src/system_stm32f7xx.o
                0x08009844                APBPrescTable
 .rodata.Font24_Table
                0x0800984c     0x1ab8 ./Drivers/BSP/Components/Fonts/font24.o
                0x0800984c                Font24_Table
 .rodata.flagBitshiftOffset.0
                0x0800b304        0x8 ./Drivers/STM32F7xx_HAL_Driver/Src/stm32f7xx_hal_dma.o
                0x0800b30c                        . = ALIGN (0x4)

.ARM.extab      0x0800b30c        0x0
                0x0800b30c                        . = ALIGN (0x4)
 *(.ARM.extab* .gnu.linkonce.armextab.*)
                0x0800b30c                        . = ALIGN (0x4)

.ARM            0x0800b30c        0x8
                0x0800b30c                        . = ALIGN (0x4)
                0x0800b30c                        __exidx_start = .
 *(.ARM.exidx*)
 .ARM.exidx     0x0800b30c        0x8 D:/Programy/STMicroelectronics/STM32CubeIDE_1.10.1/STM32CubeIDE/plugins/com.st.stm32cube.ide.mcu.externaltools.gnu-tools-for-stm32.12.3.rel1.win32_1.0.200.202406191623/tools/bin/../lib/gcc/arm-none-eabi/12.3.1/thumb/v7e-m+fp/hard\libgcc.a(_udivmoddi4.o)
                0x0800b314                        __exidx_end = .
                0x0800b314                        . = ALIGN (0x4)

.preinit_array  0x0800b314        0x0
                0x0800b314                        . = ALIGN (0x4)
                0x0800b314                        PROVIDE (__preinit_array_start = .)
 *(.preinit_array*)
                0x0800b314                        PROVIDE (__preinit_array_end = .)
                0x0800b314                        . = ALIGN (0x4)

.init_array     0x0800b314        0x4
                0x0800b314                        . = ALIGN (0x4)
                0x0800b314                        PROVIDE (__init_array_start = .)
 *(SORT_BY_NAME(.init_array.*))
 *(.init_array*)
 .init_array    0x0800b314        0x4 D:/Programy/STMicroelectronics/STM32CubeIDE_1.10.1/STM32CubeIDE/plugins/com.st.stm32cube.ide.mcu.externaltools.gnu-tools-for-stm32.12.3.rel1.win32_1.0.200.202406191623/tools/bin/../lib/gcc/arm-none-eabi/12.3.1/thumb/v7e-m+fp/hard/crtbegin.o
                0x0800b318                        PROVIDE (__init_array_end = .)
                0x0800b318                        . = ALIGN (0x4)

.fini_array     0x0800b318        0x4
                0x0800b318                        . = ALIGN (0x4)
                [!provide]                        PROVIDE (__fini_array_start = .)
 *(SORT_BY_NAME(.fini_array.*))
 *(.fini_array*)
 .fini_array    0x0800b318        0x4 D:/Programy/STMicroelectronics/STM32CubeIDE_1.10.1/STM32CubeIDE/plugins/com.st.stm32cube.ide.mcu.externaltools.gnu-tools-for-stm32.12.3.rel1.win32_1.0.200.202406191623/tools/bin/../lib/gcc/arm-none-eabi/12.3.1/thumb/v7e-m+fp/hard/crtbegin.o
                [!provide]                        PROVIDE (__fini_array_end = .)
                0x0800b31c                        . = ALIGN (0x4)
                0x0800b31c                        _sidata = LOADADDR (.data)

.rel.dyn        0x0800b31c        0x0
 .rel.iplt      0x0800b31c        0x0 D:/Programy/STMicroelectronics/STM32CubeIDE_1.10.1/STM32CubeIDE/plugins/com.st.stm32cube.ide.mcu.externaltools.gnu-tools-for-stm32.12.3.rel1.win32_1.0.200.202406191623/tools/bin/../lib/gcc/arm-none-eabi/12.3.1/thumb/v7e-m+fp/hard/crtbegin.o

.data           0x20000000      0x17c load address 0x0800b31c
                0x20000000                        . = ALIGN (0x4)
                0x20000000                        _sdata = .
 *(.data)
 *(.data*)
 .data.SystemCoreClock
                0x20000000        0x4 ./Core/Src/system_stm32f7xx.o
                0x20000000                SystemCoreClock
 .data.Font24   0x20000004        0x8 ./Drivers/BSP/Components/Fonts/font24.o
                0x20000004                Font24
 .data.powerstep01Drv
                0x2000000c      0x164 ./Drivers/BSP/Components/powerSTEP01/powerstep01.o
                0x2000000c                powerstep01Drv
 .data.sdramstatus.3
                0x20000170        0x1 ./Drivers/BSP/STM32746G-Discovery/stm32746g_discovery_sdram.o
 *fill*         0x20000171        0x3 
 .data.uwTickPrio
                0x20000174        0x4 ./Drivers/STM32F7xx_HAL_Driver/Src/stm32f7xx_hal.o
                0x20000174                uwTickPrio
 .data.uwTickFreq
                0x20000178        0x1 ./Drivers/STM32F7xx_HAL_Driver/Src/stm32f7xx_hal.o
                0x20000178                uwTickFreq
 *(.RamFunc)
 *(.RamFunc*)
                0x2000017c                        . = ALIGN (0x4)
 *fill*         0x20000179        0x3 
                0x2000017c                        _edata = .

.igot.plt       0x2000017c        0x0 load address 0x0800b498
 .igot.plt      0x2000017c        0x0 D:/Programy/STMicroelectronics/STM32CubeIDE_1.10.1/STM32CubeIDE/plugins/com.st.stm32cube.ide.mcu.externaltools.gnu-tools-for-stm32.12.3.rel1.win32_1.0.200.202406191623/tools/bin/../lib/gcc/arm-none-eabi/12.3.1/thumb/v7e-m+fp/hard/crtbegin.o
                0x2000017c                        . = ALIGN (0x4)

.bss            0x2000017c      0x704 load address 0x0800b498
                0x2000017c                        _sbss = .
                0x2000017c                        __bss_start__ = _sbss
 *(.bss)
 .bss           0x2000017c       0x1c D:/Programy/STMicroelectronics/STM32CubeIDE_1.10.1/STM32CubeIDE/plugins/com.st.stm32cube.ide.mcu.externaltools.gnu-tools-for-stm32.12.3.rel1.win32_1.0.200.202406191623/tools/bin/../lib/gcc/arm-none-eabi/12.3.1/thumb/v7e-m+fp/hard/crtbegin.o
 *(.bss*)
 .bss.hdma2d    0x20000198       0x40 ./Core/Src/dma2d.o
                0x20000198                hdma2d
 .bss.hsdram1   0x200001d8       0x34 ./Core/Src/fmc.o
                0x200001d8                hsdram1
 .bss.FMC_Initialized
                0x2000020c        0x4 ./Core/Src/fmc.o
 .bss.hi2c3     0x20000210       0x54 ./Core/Src/i2c.o
                0x20000210                hi2c3
 .bss.hltdc     0x20000264       0xa8 ./Core/Src/ltdc.o
                0x20000264                hltdc
 .bss.hspi2     0x2000030c       0x8c ./Core/Src/spi.o
                0x2000030c                hspi2
 .bss.htim2     0x20000398       0xbc ./Core/Src/tim.o
                0x20000398                htim2
 .bss.huart2    0x20000454       0xb4 ./Core/Src/usart.o
                0x20000454                huart2
 .bss.busyInterruptCallback
                0x20000508        0x4 ./Drivers/BSP/Components/powerSTEP01/powerstep01.o
                0x20000508                busyInterruptCallback
 .bss.flagInterruptCallback
                0x2000050c        0x4 ./Drivers/BSP/Components/powerSTEP01/powerstep01.o
                0x2000050c                flagInterruptCallback
 .bss.errorHandlerCallback
                0x20000510        0x4 ./Drivers/BSP/Components/powerSTEP01/powerstep01.o
                0x20000510                errorHandlerCallback
 .bss.numberOfDevices
                0x20000514        0x1 ./Drivers/BSP/Components/powerSTEP01/powerstep01.o
 *fill*         0x20000515        0x3 
 .bss.spiTxBursts
                0x20000518        0x4 ./Drivers/BSP/Components/powerSTEP01/powerstep01.o
 .bss.spiRxBursts
                0x2000051c        0x4 ./Drivers/BSP/Components/powerSTEP01/powerstep01.o
 .bss.spiPreemtionByIsr
                0x20000520        0x1 ./Drivers/BSP/Components/powerSTEP01/powerstep01.o
 .bss.isrFlag   0x20000521        0x1 ./Drivers/BSP/Components/powerSTEP01/powerstep01.o
 .bss.powerstep01DriverInstance
                0x20000522        0x2 ./Drivers/BSP/Components/powerSTEP01/powerstep01.o
 .bss.hLtdcHandler
                0x20000524       0xa8 ./Drivers/BSP/STM32746G-Discovery/stm32746g_discovery_lcd.o
                0x20000524                hLtdcHandler
 .bss.ActiveLayer
                0x200005cc        0x4 ./Drivers/BSP/STM32746G-Discovery/stm32746g_discovery_lcd.o
 .bss.DrawProp  0x200005d0       0x18 ./Drivers/BSP/STM32746G-Discovery/stm32746g_discovery_lcd.o
 .bss.periph_clk_init_struct.0
                0x200005e8       0x84 ./Drivers/BSP/STM32746G-Discovery/stm32746g_discovery_lcd.o
 .bss.sdramHandle
                0x2000066c       0x34 ./Drivers/BSP/STM32746G-Discovery/stm32746g_discovery_sdram.o
                0x2000066c                sdramHandle
 .bss.Timing    0x200006a0       0x1c ./Drivers/BSP/STM32746G-Discovery/stm32746g_discovery_sdram.o
 .bss.Command   0x200006bc       0x10 ./Drivers/BSP/STM32746G-Discovery/stm32746g_discovery_sdram.o
 .bss.dma_handle.1
                0x200006cc       0x60 ./Drivers/BSP/STM32746G-Discovery/stm32746g_discovery_sdram.o
 .bss.SpiHandle
                0x2000072c       0x8c ./Drivers/BSP/X-NUCLEO-IHMxx/x_nucleo_ihm03a1_stm32f4xx.o
 .bss.hTimStepClock
                0x200007b8       0xbc ./Drivers/BSP/X-NUCLEO-IHMxx/x_nucleo_ihm03a1_stm32f4xx.o
                0x200007b8                hTimStepClock
 .bss.motorDrvHandle
                0x20000874        0x4 ./Drivers/BSP/X-NUCLEO-IHMxx/x_nucleo_ihmxx.o
 .bss.MotorControlBoardId
                0x20000878        0x2 ./Drivers/BSP/X-NUCLEO-IHMxx/x_nucleo_ihmxx.o
 *fill*         0x2000087a        0x2 
 .bss.uwTick    0x2000087c        0x4 ./Drivers/STM32F7xx_HAL_Driver/Src/stm32f7xx_hal.o
                0x2000087c                uwTick
 *(COMMON)
                0x20000880                        . = ALIGN (0x4)
                0x20000880                        _ebss = .
                0x20000880                        __bss_end__ = _ebss

._user_heap_stack
                0x20000880      0x600 load address 0x0800b498
                0x20000880                        . = ALIGN (0x8)
                [!provide]                        PROVIDE (end = .)
                0x20000880                        PROVIDE (_end = .)
                0x20000a80                        . = (. + _Min_Heap_Size)
 *fill*         0x20000880      0x200 
                0x20000e80                        . = (. + _Min_Stack_Size)
 *fill*         0x20000a80      0x400 
                0x20000e80                        . = ALIGN (0x8)

/DISCARD/
 libc.a(*)
 libm.a(*)
 libgcc.a(*)

.ARM.attributes
                0x00000000       0x30
 *(.ARM.attributes)
 .ARM.attributes
                0x00000000       0x22 D:/Programy/STMicroelectronics/STM32CubeIDE_1.10.1/STM32CubeIDE/plugins/com.st.stm32cube.ide.mcu.externaltools.gnu-tools-for-stm32.12.3.rel1.win32_1.0.200.202406191623/tools/bin/../lib/gcc/arm-none-eabi/12.3.1/thumb/v7e-m+fp/hard/crti.o
 .ARM.attributes
                0x00000022       0x34 D:/Programy/STMicroelectronics/STM32CubeIDE_1.10.1/STM32CubeIDE/plugins/com.st.stm32cube.ide.mcu.externaltools.gnu-tools-for-stm32.12.3.rel1.win32_1.0.200.202406191623/tools/bin/../lib/gcc/arm-none-eabi/12.3.1/thumb/v7e-m+fp/hard/crtbegin.o
 .ARM.attributes
                0x00000056       0x34 ./Core/Src/dma2d.o
 .ARM.attributes
                0x0000008a       0x34 ./Core/Src/fmc.o
 .ARM.attributes
                0x000000be       0x34 ./Core/Src/gpio.o
 .ARM.attributes
                0x000000f2       0x34 ./Core/Src/i2c.o
 .ARM.attributes
                0x00000126       0x34 ./Core/Src/ltdc.o
 .ARM.attributes
                0x0000015a       0x34 ./Core/Src/main.o
 .ARM.attributes
                0x0000018e       0x34 ./Core/Src/spi.o
 .ARM.attributes
                0x000001c2       0x34 ./Core/Src/stm32f7xx_hal_msp.o
 .ARM.attributes
                0x000001f6       0x34 ./Core/Src/stm32f7xx_it.o
 .ARM.attributes
                0x0000022a       0x34 ./Core/Src/system_stm32f7xx.o
 .ARM.attributes
                0x0000025e       0x34 ./Core/Src/tim.o
 .ARM.attributes
                0x00000292       0x34 ./Core/Src/usart.o
 .ARM.attributes
                0x000002c6       0x21 ./Core/Startup/startup_stm32f746nghx.o
 .ARM.attributes
                0x000002e7       0x34 ./Drivers/BSP/Components/Fonts/font24.o
 .ARM.attributes
                0x0000031b       0x34 ./Drivers/BSP/Components/powerSTEP01/powerstep01.o
 .ARM.attributes
                0x0000034f       0x34 ./Drivers/BSP/STM32746G-Discovery/stm32746g_discovery_lcd.o
 .ARM.attributes
                0x00000383       0x34 ./Drivers/BSP/STM32746G-Discovery/stm32746g_discovery_sdram.o
 .ARM.attributes
                0x000003b7       0x34 ./Drivers/BSP/X-NUCLEO-IHMxx/x_nucleo_ihm03a1_stm32f4xx.o
 .ARM.attributes
                0x000003eb       0x34 ./Drivers/BSP/X-NUCLEO-IHMxx/x_nucleo_ihmxx.o
 .ARM.attributes
                0x0000041f       0x34 ./Drivers/STM32F7xx_HAL_Driver/Src/stm32f7xx_hal.o
 .ARM.attributes
                0x00000453       0x34 ./Drivers/STM32F7xx_HAL_Driver/Src/stm32f7xx_hal_cortex.o
 .ARM.attributes
                0x00000487       0x34 ./Drivers/STM32F7xx_HAL_Driver/Src/stm32f7xx_hal_dma.o
 .ARM.attributes
                0x000004bb       0x34 ./Drivers/STM32F7xx_HAL_Driver/Src/stm32f7xx_hal_dma2d.o
 .ARM.attributes
                0x000004ef       0x34 ./Drivers/STM32F7xx_HAL_Driver/Src/stm32f7xx_hal_gpio.o
 .ARM.attributes
                0x00000523       0x34 ./Drivers/STM32F7xx_HAL_Driver/Src/stm32f7xx_hal_i2c.o
 .ARM.attributes
                0x00000557       0x34 ./Drivers/STM32F7xx_HAL_Driver/Src/stm32f7xx_hal_i2c_ex.o
 .ARM.attributes
                0x0000058b       0x34 ./Drivers/STM32F7xx_HAL_Driver/Src/stm32f7xx_hal_ltdc.o
 .ARM.attributes
                0x000005bf       0x34 ./Drivers/STM32F7xx_HAL_Driver/Src/stm32f7xx_hal_pwr_ex.o
 .ARM.attributes
                0x000005f3       0x34 ./Drivers/STM32F7xx_HAL_Driver/Src/stm32f7xx_hal_rcc.o
 .ARM.attributes
                0x00000627       0x34 ./Drivers/STM32F7xx_HAL_Driver/Src/stm32f7xx_hal_rcc_ex.o
 .ARM.attributes
                0x0000065b       0x34 ./Drivers/STM32F7xx_HAL_Driver/Src/stm32f7xx_hal_sdram.o
 .ARM.attributes
                0x0000068f       0x34 ./Drivers/STM32F7xx_HAL_Driver/Src/stm32f7xx_hal_spi.o
 .ARM.attributes
                0x000006c3       0x34 ./Drivers/STM32F7xx_HAL_Driver/Src/stm32f7xx_hal_tim.o
 .ARM.attributes
                0x000006f7       0x34 ./Drivers/STM32F7xx_HAL_Driver/Src/stm32f7xx_hal_tim_ex.o
 .ARM.attributes
                0x0000072b       0x34 ./Drivers/STM32F7xx_HAL_Driver/Src/stm32f7xx_hal_uart.o
 .ARM.attributes
                0x0000075f       0x34 ./Drivers/STM32F7xx_HAL_Driver/Src/stm32f7xx_ll_fmc.o
 .ARM.attributes
                0x00000793       0x34 D:/Programy/STMicroelectronics/STM32CubeIDE_1.10.1/STM32CubeIDE/plugins/com.st.stm32cube.ide.mcu.externaltools.gnu-tools-for-stm32.12.3.rel1.win32_1.0.200.202406191623/tools/bin/../lib/gcc/arm-none-eabi/12.3.1/../../../../arm-none-eabi/lib/thumb/v7e-m+fp/hard\libc_nano.a(libc_a-memset.o)
 .ARM.attributes
                0x000007c7       0x34 D:/Programy/STMicroelectronics/STM32CubeIDE_1.10.1/STM32CubeIDE/plugins/com.st.stm32cube.ide.mcu.externaltools.gnu-tools-for-stm32.12.3.rel1.win32_1.0.200.202406191623/tools/bin/../lib/gcc/arm-none-eabi/12.3.1/../../../../arm-none-eabi/lib/thumb/v7e-m+fp/hard\libc_nano.a(libc_a-init.o)
 .ARM.attributes
                0x000007fb       0x22 D:/Programy/STMicroelectronics/STM32CubeIDE_1.10.1/STM32CubeIDE/plugins/com.st.stm32cube.ide.mcu.externaltools.gnu-tools-for-stm32.12.3.rel1.win32_1.0.200.202406191623/tools/bin/../lib/gcc/arm-none-eabi/12.3.1/thumb/v7e-m+fp/hard\libgcc.a(_aeabi_uldivmod.o)
 .ARM.attributes
                0x0000081d       0x34 D:/Programy/STMicroelectronics/STM32CubeIDE_1.10.1/STM32CubeIDE/plugins/com.st.stm32cube.ide.mcu.externaltools.gnu-tools-for-stm32.12.3.rel1.win32_1.0.200.202406191623/tools/bin/../lib/gcc/arm-none-eabi/12.3.1/thumb/v7e-m+fp/hard\libgcc.a(_udivmoddi4.o)
 .ARM.attributes
                0x00000851       0x22 D:/Programy/STMicroelectronics/STM32CubeIDE_1.10.1/STM32CubeIDE/plugins/com.st.stm32cube.ide.mcu.externaltools.gnu-tools-for-stm32.12.3.rel1.win32_1.0.200.202406191623/tools/bin/../lib/gcc/arm-none-eabi/12.3.1/thumb/v7e-m+fp/hard\libgcc.a(_dvmd_tls.o)
 .ARM.attributes
                0x00000873       0x22 D:/Programy/STMicroelectronics/STM32CubeIDE_1.10.1/STM32CubeIDE/plugins/com.st.stm32cube.ide.mcu.externaltools.gnu-tools-for-stm32.12.3.rel1.win32_1.0.200.202406191623/tools/bin/../lib/gcc/arm-none-eabi/12.3.1/thumb/v7e-m+fp/hard/crtn.o
OUTPUT(stepper-motor-gui.elf elf32-littlearm)
LOAD linker stubs
LOAD D:/Programy/STMicroelectronics/STM32CubeIDE_1.10.1/STM32CubeIDE/plugins/com.st.stm32cube.ide.mcu.externaltools.gnu-tools-for-stm32.12.3.rel1.win32_1.0.200.202406191623/tools/bin/../lib/gcc/arm-none-eabi/12.3.1/../../../../arm-none-eabi/lib/thumb/v7e-m+fp/hard\libc.a
LOAD D:/Programy/STMicroelectronics/STM32CubeIDE_1.10.1/STM32CubeIDE/plugins/com.st.stm32cube.ide.mcu.externaltools.gnu-tools-for-stm32.12.3.rel1.win32_1.0.200.202406191623/tools/bin/../lib/gcc/arm-none-eabi/12.3.1/../../../../arm-none-eabi/lib/thumb/v7e-m+fp/hard\libm.a
LOAD D:/Programy/STMicroelectronics/STM32CubeIDE_1.10.1/STM32CubeIDE/plugins/com.st.stm32cube.ide.mcu.externaltools.gnu-tools-for-stm32.12.3.rel1.win32_1.0.200.202406191623/tools/bin/../lib/gcc/arm-none-eabi/12.3.1/thumb/v7e-m+fp/hard\libgcc.a

.debug_info     0x00000000    0x24df7
 .debug_info    0x00000000      0x613 ./Core/Src/dma2d.o
 .debug_info    0x00000613      0xc83 ./Core/Src/fmc.o
 .debug_info    0x00001296      0x7ac ./Core/Src/gpio.o
 .debug_info    0x00001a42      0xc23 ./Core/Src/i2c.o
 .debug_info    0x00002665      0xb01 ./Core/Src/ltdc.o
 .debug_info    0x00003166      0xe18 ./Core/Src/main.o
 .debug_info    0x00003f7e      0xa2c ./Core/Src/spi.o
 .debug_info    0x000049aa      0x28d ./Core/Src/stm32f7xx_hal_msp.o
 .debug_info    0x00004c37      0xae6 ./Core/Src/stm32f7xx_it.o
 .debug_info    0x0000571d      0x6ed ./Core/Src/system_stm32f7xx.o
 .debug_info    0x00005e0a     0x10d4 ./Core/Src/tim.o
 .debug_info    0x00006ede      0xd5b ./Core/Src/usart.o
 .debug_info    0x00007c39       0x30 ./Core/Startup/startup_stm32f746nghx.o
 .debug_info    0x00007c69      0x125 ./Drivers/BSP/Components/Fonts/font24.o
 .debug_info    0x00007d8e     0x2a30 ./Drivers/BSP/Components/powerSTEP01/powerstep01.o
 .debug_info    0x0000a7be     0x23cf ./Drivers/BSP/STM32746G-Discovery/stm32746g_discovery_lcd.o
 .debug_info    0x0000cb8d     0x1056 ./Drivers/BSP/STM32746G-Discovery/stm32746g_discovery_sdram.o
 .debug_info    0x0000dbe3     0x1682 ./Drivers/BSP/X-NUCLEO-IHMxx/x_nucleo_ihm03a1_stm32f4xx.o
 .debug_info    0x0000f265     0x1c6e ./Drivers/BSP/X-NUCLEO-IHMxx/x_nucleo_ihmxx.o
 .debug_info    0x00010ed3      0x9d8 ./Drivers/STM32F7xx_HAL_Driver/Src/stm32f7xx_hal.o
 .debug_info    0x000118ab      0xf7e ./Drivers/STM32F7xx_HAL_Driver/Src/stm32f7xx_hal_cortex.o
 .debug_info    0x00012829      0x8e7 ./Drivers/STM32F7xx_HAL_Driver/Src/stm32f7xx_hal_dma.o
 .debug_info    0x00013110      0xe7a ./Drivers/STM32F7xx_HAL_Driver/Src/stm32f7xx_hal_dma2d.o
 .debug_info    0x00013f8a      0x6e7 ./Drivers/STM32F7xx_HAL_Driver/Src/stm32f7xx_hal_gpio.o
 .debug_info    0x00014671     0x2138 ./Drivers/STM32F7xx_HAL_Driver/Src/stm32f7xx_hal_i2c.o
 .debug_info    0x000167a9      0x922 ./Drivers/STM32F7xx_HAL_Driver/Src/stm32f7xx_hal_i2c_ex.o
 .debug_info    0x000170cb     0x1022 ./Drivers/STM32F7xx_HAL_Driver/Src/stm32f7xx_hal_ltdc.o
 .debug_info    0x000180ed      0x8cd ./Drivers/STM32F7xx_HAL_Driver/Src/stm32f7xx_hal_pwr_ex.o
 .debug_info    0x000189ba      0x8dc ./Drivers/STM32F7xx_HAL_Driver/Src/stm32f7xx_hal_rcc.o
 .debug_info    0x00019296      0x6bd ./Drivers/STM32F7xx_HAL_Driver/Src/stm32f7xx_hal_rcc_ex.o
 .debug_info    0x00019953      0xeb4 ./Drivers/STM32F7xx_HAL_Driver/Src/stm32f7xx_hal_sdram.o
 .debug_info    0x0001a807     0x182c ./Drivers/STM32F7xx_HAL_Driver/Src/stm32f7xx_hal_spi.o
 .debug_info    0x0001c033     0x2e39 ./Drivers/STM32F7xx_HAL_Driver/Src/stm32f7xx_hal_tim.o
 .debug_info    0x0001ee6c     0x174c ./Drivers/STM32F7xx_HAL_Driver/Src/stm32f7xx_hal_tim_ex.o
 .debug_info    0x000205b8     0x3ca2 ./Drivers/STM32F7xx_HAL_Driver/Src/stm32f7xx_hal_uart.o
 .debug_info    0x0002425a      0xb9d ./Drivers/STM32F7xx_HAL_Driver/Src/stm32f7xx_ll_fmc.o

.debug_abbrev   0x00000000     0x4c22
 .debug_abbrev  0x00000000      0x1d9 ./Core/Src/dma2d.o
 .debug_abbrev  0x000001d9      0x26b ./Core/Src/fmc.o
 .debug_abbrev  0x00000444      0x174 ./Core/Src/gpio.o
 .debug_abbrev  0x000005b8      0x217 ./Core/Src/i2c.o
 .debug_abbrev  0x000007cf      0x1d0 ./Core/Src/ltdc.o
 .debug_abbrev  0x0000099f      0x324 ./Core/Src/main.o
 .debug_abbrev  0x00000cc3      0x1f3 ./Core/Src/spi.o
 .debug_abbrev  0x00000eb6       0xd8 ./Core/Src/stm32f7xx_hal_msp.o
 .debug_abbrev  0x00000f8e      0x1ba ./Core/Src/stm32f7xx_it.o
 .debug_abbrev  0x00001148      0x13b ./Core/Src/system_stm32f7xx.o
 .debug_abbrev  0x00001283      0x22f ./Core/Src/tim.o
 .debug_abbrev  0x000014b2      0x1f7 ./Core/Src/usart.o
 .debug_abbrev  0x000016a9       0x24 ./Core/Startup/startup_stm32f746nghx.o
 .debug_abbrev  0x000016cd       0xb1 ./Drivers/BSP/Components/Fonts/font24.o
 .debug_abbrev  0x0000177e      0x324 ./Drivers/BSP/Components/powerSTEP01/powerstep01.o
 .debug_abbrev  0x00001aa2      0x332 ./Drivers/BSP/STM32746G-Discovery/stm32746g_discovery_lcd.o
 .debug_abbrev  0x00001dd4      0x27f ./Drivers/BSP/STM32746G-Discovery/stm32746g_discovery_sdram.o
 .debug_abbrev  0x00002053      0x317 ./Drivers/BSP/X-NUCLEO-IHMxx/x_nucleo_ihm03a1_stm32f4xx.o
 .debug_abbrev  0x0000236a      0x23d ./Drivers/BSP/X-NUCLEO-IHMxx/x_nucleo_ihmxx.o
 .debug_abbrev  0x000025a7      0x213 ./Drivers/STM32F7xx_HAL_Driver/Src/stm32f7xx_hal.o
 .debug_abbrev  0x000027ba      0x31e ./Drivers/STM32F7xx_HAL_Driver/Src/stm32f7xx_hal_cortex.o
 .debug_abbrev  0x00002ad8      0x264 ./Drivers/STM32F7xx_HAL_Driver/Src/stm32f7xx_hal_dma.o
 .debug_abbrev  0x00002d3c      0x23e ./Drivers/STM32F7xx_HAL_Driver/Src/stm32f7xx_hal_dma2d.o
 .debug_abbrev  0x00002f7a      0x1d4 ./Drivers/STM32F7xx_HAL_Driver/Src/stm32f7xx_hal_gpio.o
 .debug_abbrev  0x0000314e      0x260 ./Drivers/STM32F7xx_HAL_Driver/Src/stm32f7xx_hal_i2c.o
 .debug_abbrev  0x000033ae      0x19c ./Drivers/STM32F7xx_HAL_Driver/Src/stm32f7xx_hal_i2c_ex.o
 .debug_abbrev  0x0000354a      0x233 ./Drivers/STM32F7xx_HAL_Driver/Src/stm32f7xx_hal_ltdc.o
 .debug_abbrev  0x0000377d      0x1d5 ./Drivers/STM32F7xx_HAL_Driver/Src/stm32f7xx_hal_pwr_ex.o
 .debug_abbrev  0x00003952      0x288 ./Drivers/STM32F7xx_HAL_Driver/Src/stm32f7xx_hal_rcc.o
 .debug_abbrev  0x00003bda      0x1c9 ./Drivers/STM32F7xx_HAL_Driver/Src/stm32f7xx_hal_rcc_ex.o
 .debug_abbrev  0x00003da3      0x240 ./Drivers/STM32F7xx_HAL_Driver/Src/stm32f7xx_hal_sdram.o
 .debug_abbrev  0x00003fe3      0x269 ./Drivers/STM32F7xx_HAL_Driver/Src/stm32f7xx_hal_spi.o
 .debug_abbrev  0x0000424c      0x2a0 ./Drivers/STM32F7xx_HAL_Driver/Src/stm32f7xx_hal_tim.o
 .debug_abbrev  0x000044ec      0x294 ./Drivers/STM32F7xx_HAL_Driver/Src/stm32f7xx_hal_tim_ex.o
 .debug_abbrev  0x00004780      0x2f6 ./Drivers/STM32F7xx_HAL_Driver/Src/stm32f7xx_hal_uart.o
 .debug_abbrev  0x00004a76      0x1ac ./Drivers/STM32F7xx_HAL_Driver/Src/stm32f7xx_ll_fmc.o

.debug_aranges  0x00000000     0x2068
 .debug_aranges
                0x00000000       0x30 ./Core/Src/dma2d.o
 .debug_aranges
                0x00000030       0x40 ./Core/Src/fmc.o
 .debug_aranges
                0x00000070       0x20 ./Core/Src/gpio.o
 .debug_aranges
                0x00000090       0x30 ./Core/Src/i2c.o
 .debug_aranges
                0x000000c0       0x30 ./Core/Src/ltdc.o
 .debug_aranges
                0x000000f0       0x58 ./Core/Src/main.o
 .debug_aranges
                0x00000148       0x30 ./Core/Src/spi.o
 .debug_aranges
                0x00000178       0x20 ./Core/Src/stm32f7xx_hal_msp.o
 .debug_aranges
                0x00000198       0x78 ./Core/Src/stm32f7xx_it.o
 .debug_aranges
                0x00000210       0x28 ./Core/Src/system_stm32f7xx.o
 .debug_aranges
                0x00000238       0x38 ./Core/Src/tim.o
 .debug_aranges
                0x00000270       0x30 ./Core/Src/usart.o
 .debug_aranges
                0x000002a0       0x28 ./Core/Startup/startup_stm32f746nghx.o
 .debug_aranges
                0x000002c8       0x18 ./Drivers/BSP/Components/Fonts/font24.o
 .debug_aranges
                0x000002e0      0x2a0 ./Drivers/BSP/Components/powerSTEP01/powerstep01.o
 .debug_aranges
                0x00000580      0x1d8 ./Drivers/BSP/STM32746G-Discovery/stm32746g_discovery_lcd.o
 .debug_aranges
                0x00000758       0x68 ./Drivers/BSP/STM32746G-Discovery/stm32746g_discovery_sdram.o
 .debug_aranges
                0x000007c0       0x80 ./Drivers/BSP/X-NUCLEO-IHMxx/x_nucleo_ihm03a1_stm32f4xx.o
 .debug_aranges
                0x00000840      0x320 ./Drivers/BSP/X-NUCLEO-IHMxx/x_nucleo_ihmxx.o
 .debug_aranges
                0x00000b60      0x100 ./Drivers/STM32F7xx_HAL_Driver/Src/stm32f7xx_hal.o
 .debug_aranges
                0x00000c60      0x128 ./Drivers/STM32F7xx_HAL_Driver/Src/stm32f7xx_hal_cortex.o
 .debug_aranges
                0x00000d88       0x90 ./Drivers/STM32F7xx_HAL_Driver/Src/stm32f7xx_hal_dma.o
 .debug_aranges
                0x00000e18      0x118 ./Drivers/STM32F7xx_HAL_Driver/Src/stm32f7xx_hal_dma2d.o
 .debug_aranges
                0x00000f30       0x58 ./Drivers/STM32F7xx_HAL_Driver/Src/stm32f7xx_hal_gpio.o
 .debug_aranges
                0x00000f88      0x2a0 ./Drivers/STM32F7xx_HAL_Driver/Src/stm32f7xx_hal_i2c.o
 .debug_aranges
                0x00001228       0x38 ./Drivers/STM32F7xx_HAL_Driver/Src/stm32f7xx_hal_i2c_ex.o
 .debug_aranges
                0x00001260      0x158 ./Drivers/STM32F7xx_HAL_Driver/Src/stm32f7xx_hal_ltdc.o
 .debug_aranges
                0x000013b8       0x80 ./Drivers/STM32F7xx_HAL_Driver/Src/stm32f7xx_hal_pwr_ex.o
 .debug_aranges
                0x00001438       0x88 ./Drivers/STM32F7xx_HAL_Driver/Src/stm32f7xx_hal_rcc.o
 .debug_aranges
                0x000014c0       0x50 ./Drivers/STM32F7xx_HAL_Driver/Src/stm32f7xx_hal_rcc_ex.o
 .debug_aranges
                0x00001510       0xe8 ./Drivers/STM32F7xx_HAL_Driver/Src/stm32f7xx_hal_sdram.o
 .debug_aranges
                0x000015f8      0x1e8 ./Drivers/STM32F7xx_HAL_Driver/Src/stm32f7xx_hal_spi.o
 .debug_aranges
                0x000017e0      0x3f8 ./Drivers/STM32F7xx_HAL_Driver/Src/stm32f7xx_hal_tim.o
 .debug_aranges
                0x00001bd8      0x178 ./Drivers/STM32F7xx_HAL_Driver/Src/stm32f7xx_hal_tim_ex.o
 .debug_aranges
                0x00001d50      0x250 ./Drivers/STM32F7xx_HAL_Driver/Src/stm32f7xx_hal_uart.o
 .debug_aranges
                0x00001fa0       0xc8 ./Drivers/STM32F7xx_HAL_Driver/Src/stm32f7xx_ll_fmc.o

.debug_rnglists
                0x00000000     0x1918
 .debug_rnglists
                0x00000000       0x1f ./Core/Src/dma2d.o
 .debug_rnglists
                0x0000001f       0x2e ./Core/Src/fmc.o
 .debug_rnglists
                0x0000004d       0x14 ./Core/Src/gpio.o
 .debug_rnglists
                0x00000061       0x21 ./Core/Src/i2c.o
 .debug_rnglists
                0x00000082       0x21 ./Core/Src/ltdc.o
 .debug_rnglists
                0x000000a3       0x40 ./Core/Src/main.o
 .debug_rnglists
                0x000000e3       0x20 ./Core/Src/spi.o
 .debug_rnglists
                0x00000103       0x13 ./Core/Src/stm32f7xx_hal_msp.o
 .debug_rnglists
                0x00000116       0x55 ./Core/Src/stm32f7xx_it.o
 .debug_rnglists
                0x0000016b       0x1a ./Core/Src/system_stm32f7xx.o
 .debug_rnglists
                0x00000185       0x26 ./Core/Src/tim.o
 .debug_rnglists
                0x000001ab       0x20 ./Core/Src/usart.o
 .debug_rnglists
                0x000001cb       0x19 ./Core/Startup/startup_stm32f746nghx.o
 .debug_rnglists
                0x000001e4      0x20e ./Drivers/BSP/Components/powerSTEP01/powerstep01.o
 .debug_rnglists