Archive member included to satisfy reference by file (symbol)

D:/Programy/STMicroelectronics/STM32CubeIDE_1.10.1/STM32CubeIDE/plugins/com.st.stm32cube.ide.mcu.externaltools.gnu-tools-for-stm32.12.3.rel1.win32_1.0.200.202406191623/tools/bin/../lib/gcc/arm-none-eabi/12.3.1/../../../../arm-none-eabi/lib/thumb/v7e-m+fp/hard\libc_nano.a(libc_a-exit.o)
                              D:/Programy/STMicroelectronics/STM32CubeIDE_1.10.1/STM32CubeIDE/plugins/com.st.stm32cube.ide.mcu.externaltools.gnu-tools-for-stm32.12.3.rel1.win32_1.0.200.202406191623/tools/bin/../lib/gcc/arm-none-eabi/12.3.1/../../../../arm-none-eabi/lib/thumb/v7e-m+fp/hard/crt0.o (exit)
D:/Programy/STMicroelectronics/STM32CubeIDE_1.10.1/STM32CubeIDE/plugins/com.st.stm32cube.ide.mcu.externaltools.gnu-tools-for-stm32.12.3.rel1.win32_1.0.200.202406191623/tools/bin/../lib/gcc/arm-none-eabi/12.3.1/../../../../arm-none-eabi/lib/thumb/v7e-m+fp/hard\libc_nano.a(libc_a-findfp.o)
                              D:/Programy/STMicroelectronics/STM32CubeIDE_1.10.1/STM32CubeIDE/plugins/com.st.stm32cube.ide.mcu.externaltools.gnu-tools-for-stm32.12.3.rel1.win32_1.0.200.202406191623/tools/bin/../lib/gcc/arm-none-eabi/12.3.1/../../../../arm-none-eabi/lib/thumb/v7e-m+fp/hard\libc_nano.a(libc_a-exit.o) (__stdio_exit_handler)
D:/Programy/STMicroelectronics/STM32CubeIDE_1.10.1/STM32CubeIDE/plugins/com.st.stm32cube.ide.mcu.externaltools.gnu-tools-for-stm32.12.3.rel1.win32_1.0.200.202406191623/tools/bin/../lib/gcc/arm-none-eabi/12.3.1/../../../../arm-none-eabi/lib/thumb/v7e-m+fp/hard\libc_nano.a(libc_a-fwalk.o)
                              D:/Programy/STMicroelectronics/STM32CubeIDE_1.10.1/STM32CubeIDE/plugins/com.st.stm32cube.ide.mcu.externaltools.gnu-tools-for-stm32.12.3.rel1.win32_1.0.200.202406191623/tools/bin/../lib/gcc/arm-none-eabi/12.3.1/../../../../arm-none-eabi/lib/thumb/v7e-m+fp/hard\libc_nano.a(libc_a-findfp.o) (_fwalk_sglue)
D:/Programy/STMicroelectronics/STM32CubeIDE_1.10.1/STM32CubeIDE/plugins/com.st.stm32cube.ide.mcu.externaltools.gnu-tools-for-stm32.12.3.rel1.win32_1.0.200.202406191623/tools/bin/../lib/gcc/arm-none-eabi/12.3.1/../../../../arm-none-eabi/lib/thumb/v7e-m+fp/hard\libc_nano.a(libc_a-stdio.o)
                              D:/Programy/STMicroelectronics/STM32CubeIDE_1.10.1/STM32CubeIDE/plugins/com.st.stm32cube.ide.mcu.externaltools.gnu-tools-for-stm32.12.3.rel1.win32_1.0.200.202406191623/tools/bin/../lib/gcc/arm-none-eabi/12.3.1/../../../../arm-none-eabi/lib/thumb/v7e-m+fp/hard\libc_nano.a(libc_a-findfp.o) (__sread)
D:/Programy/STMicroelectronics/STM32CubeIDE_1.10.1/STM32CubeIDE/plugins/com.st.stm32cube.ide.mcu.externaltools.gnu-tools-for-stm32.12.3.rel1.win32_1.0.200.202406191623/tools/bin/../lib/gcc/arm-none-eabi/12.3.1/../../../../arm-none-eabi/lib/thumb/v7e-m+fp/hard\libc_nano.a(libc_a-memset.o)
                              D:/Programy/STMicroelectronics/STM32CubeIDE_1.10.1/STM32CubeIDE/plugins/com.st.stm32cube.ide.mcu.externaltools.gnu-tools-for-stm32.12.3.rel1.win32_1.0.200.202406191623/tools/bin/../lib/gcc/arm-none-eabi/12.3.1/../../../../arm-none-eabi/lib/thumb/v7e-m+fp/hard/crt0.o (memset)
D:/Programy/STMicroelectronics/STM32CubeIDE_1.10.1/STM32CubeIDE/plugins/com.st.stm32cube.ide.mcu.externaltools.gnu-tools-for-stm32.12.3.rel1.win32_1.0.200.202406191623/tools/bin/../lib/gcc/arm-none-eabi/12.3.1/../../../../arm-none-eabi/lib/thumb/v7e-m+fp/hard\libc_nano.a(libc_a-closer.o)
                              D:/Programy/STMicroelectronics/STM32CubeIDE_1.10.1/STM32CubeIDE/plugins/com.st.stm32cube.ide.mcu.externaltools.gnu-tools-for-stm32.12.3.rel1.win32_1.0.200.202406191623/tools/bin/../lib/gcc/arm-none-eabi/12.3.1/../../../../arm-none-eabi/lib/thumb/v7e-m+fp/hard\libc_nano.a(libc_a-stdio.o) (_close_r)
D:/Programy/STMicroelectronics/STM32CubeIDE_1.10.1/STM32CubeIDE/plugins/com.st.stm32cube.ide.mcu.externaltools.gnu-tools-for-stm32.12.3.rel1.win32_1.0.200.202406191623/tools/bin/../lib/gcc/arm-none-eabi/12.3.1/../../../../arm-none-eabi/lib/thumb/v7e-m+fp/hard\libc_nano.a(libc_a-reent.o)
                              D:/Programy/STMicroelectronics/STM32CubeIDE_1.10.1/STM32CubeIDE/plugins/com.st.stm32cube.ide.mcu.externaltools.gnu-tools-for-stm32.12.3.rel1.win32_1.0.200.202406191623/tools/bin/../lib/gcc/arm-none-eabi/12.3.1/../../../../arm-none-eabi/lib/thumb/v7e-m+fp/hard\libc_nano.a(libc_a-closer.o) (errno)
D:/Programy/STMicroelectronics/STM32CubeIDE_1.10.1/STM32CubeIDE/plugins/com.st.stm32cube.ide.mcu.externaltools.gnu-tools-for-stm32.12.3.rel1.win32_1.0.200.202406191623/tools/bin/../lib/gcc/arm-none-eabi/12.3.1/../../../../arm-none-eabi/lib/thumb/v7e-m+fp/hard\libc_nano.a(libc_a-impure.o)
                              D:/Programy/STMicroelectronics/STM32CubeIDE_1.10.1/STM32CubeIDE/plugins/com.st.stm32cube.ide.mcu.externaltools.gnu-tools-for-stm32.12.3.rel1.win32_1.0.200.202406191623/tools/bin/../lib/gcc/arm-none-eabi/12.3.1/../../../../arm-none-eabi/lib/thumb/v7e-m+fp/hard\libc_nano.a(libc_a-reent.o) (_impure_ptr)
[...]
Memory Configuration

Name             Origin             Length             Attributes
RAM              0x20000000         0x00050000         xrw
FLASH            0x08000000         0x00100000         xr
SDRAM            0xc0000000         0x00800000         xrw
*default*        0x00000000         0xffffffff

Linker script and memory map

LOAD D:/Programy/STMicroelectronics/STM32CubeIDE_1.10.1/STM32CubeIDE/plugins/com.st.stm32cube.ide.mcu.externaltools.gnu-tools-for-stm32.12.3.rel1.win32_1.0.200.202406191623/tools/bin/../lib/gcc/arm-none-eabi/12.3.1/thumb/v7e-m+fp/hard/crti.o
LOAD D:/Programy/STMicroelectronics/STM32CubeIDE_1.10.1/STM32CubeIDE/plugins/com.st.stm32cube.ide.mcu.externaltools.gnu-tools-for-stm32.12.3.rel1.win32_1.0.200.202406191623/tools/bin/../lib/gcc/arm-none-eabi/12.3.1/thumb/v7e-m+fp/hard/crtbegin.o
LOAD D:/Programy/STMicroelectronics/STM32CubeIDE_1.10.1/STM32CubeIDE/plugins/com.st.stm32cube.ide.mcu.externaltools.gnu-tools-for-stm32.12.3.rel1.win32_1.0.200.202406191623/tools/bin/../lib/gcc/arm-none-eabi/12.3.1/../../../../arm-none-eabi/lib/thumb/v7e-m+fp/hard/crt0.o
LOAD ./Core/Src/crc.o
LOAD ./Core/Src/dma2d.o
LOAD ./Core/Src/fmc.o
LOAD ./Core/Src/gpio.o
LOAD ./Core/Src/i2c.o
LOAD ./Core/Src/ltdc.o
LOAD ./Core/Src/main.o
LOAD ./Core/Src/quadspi.o
LOAD ./Core/Src/spi.o
LOAD ./Core/Src/stm32f7xx_hal_msp.o
LOAD ./Core/Src/stm32f7xx_it.o
LOAD ./Core/Src/syscalls.o
LOAD ./Core/Src/sysmem.o
LOAD ./Core/Src/system_stm32f7xx.o
LOAD ./Core/Src/tim.o
LOAD ./Core/Src/usart.o
LOAD ./Core/Startup/startup_stm32f746nghx.o
LOAD ./Drivers/BSP/Components/Fonts/font12.o
LOAD ./Drivers/BSP/Components/Fonts/font16.o
LOAD ./Drivers/BSP/Components/Fonts/font20.o
LOAD ./Drivers/BSP/Components/Fonts/font24.o
LOAD ./Drivers/BSP/Components/Fonts/font8.o
LOAD ./Drivers/BSP/Components/ft5336/ft5336.o
LOAD ./Drivers/BSP/Components/powerSTEP01/powerstep01.o
LOAD ./Drivers/BSP/STM32746G-Discovery/stm32746g_discovery.o
LOAD ./Drivers/BSP/STM32746G-Discovery/stm32746g_discovery_lcd.o
LOAD ./Drivers/BSP/STM32746G-Discovery/stm32746g_discovery_sdram.o
LOAD ./Drivers/BSP/STM32746G-Discovery/stm32746g_discovery_ts.o
LOAD ./Drivers/BSP/X-NUCLEO-IHMxx/x_nucleo_ihm03a1_stm32f4xx.o
LOAD ./Drivers/BSP/X-NUCLEO-IHMxx/x_nucleo_ihmxx.o
LOAD ./Drivers/STM32F7xx_HAL_Driver/Src/stm32f7xx_hal.o
LOAD ./Drivers/STM32F7xx_HAL_Driver/Src/stm32f7xx_hal_cortex.o
LOAD ./Drivers/STM32F7xx_HAL_Driver/Src/stm32f7xx_hal_crc.o
LOAD ./Drivers/STM32F7xx_HAL_Driver/Src/stm32f7xx_hal_crc_ex.o
LOAD ./Drivers/STM32F7xx_HAL_Driver/Src/stm32f7xx_hal_dma.o
LOAD ./Drivers/STM32F7xx_HAL_Driver/Src/stm32f7xx_hal_dma2d.o
LOAD ./Drivers/STM32F7xx_HAL_Driver/Src/stm32f7xx_hal_dma_ex.o
LOAD ./Drivers/STM32F7xx_HAL_Driver/Src/stm32f7xx_hal_dsi.o
LOAD ./Drivers/STM32F7xx_HAL_Driver/Src/stm32f7xx_hal_exti.o
LOAD ./Drivers/STM32F7xx_HAL_Driver/Src/stm32f7xx_hal_flash.o
LOAD ./Drivers/STM32F7xx_HAL_Driver/Src/stm32f7xx_hal_flash_ex.o
LOAD ./Drivers/STM32F7xx_HAL_Driver/Src/stm32f7xx_hal_gpio.o
LOAD ./Drivers/STM32F7xx_HAL_Driver/Src/stm32f7xx_hal_i2c.o
LOAD ./Drivers/STM32F7xx_HAL_Driver/Src/stm32f7xx_hal_i2c_ex.o
LOAD ./Drivers/STM32F7xx_HAL_Driver/Src/stm32f7xx_hal_ltdc.o
LOAD ./Drivers/STM32F7xx_HAL_Driver/Src/stm32f7xx_hal_ltdc_ex.o
LOAD ./Drivers/STM32F7xx_HAL_Driver/Src/stm32f7xx_hal_pwr.o
LOAD ./Drivers/STM32F7xx_HAL_Driver/Src/stm32f7xx_hal_pwr_ex.o
LOAD ./Drivers/STM32F7xx_HAL_Driver/Src/stm32f7xx_hal_qspi.o
LOAD ./Drivers/STM32F7xx_HAL_Driver/Src/stm32f7xx_hal_rcc.o
LOAD ./Drivers/STM32F7xx_HAL_Driver/Src/stm32f7xx_hal_rcc_ex.o
LOAD ./Drivers/STM32F7xx_HAL_Driver/Src/stm32f7xx_hal_sdram.o
LOAD ./Drivers/STM32F7xx_HAL_Driver/Src/stm32f7xx_hal_spi.o
LOAD ./Drivers/STM32F7xx_HAL_Driver/Src/stm32f7xx_hal_spi_ex.o
LOAD ./Drivers/STM32F7xx_HAL_Driver/Src/stm32f7xx_hal_tim.o
LOAD ./Drivers/STM32F7xx_HAL_Driver/Src/stm32f7xx_hal_tim_ex.o
LOAD ./Drivers/STM32F7xx_HAL_Driver/Src/stm32f7xx_hal_uart.o
LOAD ./Drivers/STM32F7xx_HAL_Driver/Src/stm32f7xx_hal_uart_ex.o
LOAD ./Drivers/STM32F7xx_HAL_Driver/Src/stm32f7xx_ll_fmc.o
START GROUP
LOAD D:/Programy/STMicroelectronics/STM32CubeIDE_1.10.1/STM32CubeIDE/plugins/com.st.stm32cube.ide.mcu.externaltools.gnu-tools-for-stm32.12.3.rel1.win32_1.0.200.202406191623/tools/bin/../lib/gcc/arm-none-eabi/12.3.1/../../../../arm-none-eabi/lib/thumb/v7e-m+fp/hard\libc_nano.a
LOAD D:/Programy/STMicroelectronics/STM32CubeIDE_1.10.1/STM32CubeIDE/plugins/com.st.stm32cube.ide.mcu.externaltools.gnu-tools-for-stm32.12.3.rel1.win32_1.0.200.202406191623/tools/bin/../lib/gcc/arm-none-eabi/12.3.1/../../../../arm-none-eabi/lib/thumb/v7e-m+fp/hard\libm.a
END GROUP
START GROUP
LOAD D:/Programy/STMicroelectronics/STM32CubeIDE_1.10.1/STM32CubeIDE/plugins/com.st.stm32cube.ide.mcu.externaltools.gnu-tools-for-stm32.12.3.rel1.win32_1.0.200.202406191623/tools/bin/../lib/gcc/arm-none-eabi/12.3.1/thumb/v7e-m+fp/hard\libgcc.a
LOAD D:/Programy/STMicroelectronics/STM32CubeIDE_1.10.1/STM32CubeIDE/plugins/com.st.stm32cube.ide.mcu.externaltools.gnu-tools-for-stm32.12.3.rel1.win32_1.0.200.202406191623/tools/bin/../lib/gcc/arm-none-eabi/12.3.1/../../../../arm-none-eabi/lib/thumb/v7e-m+fp/hard\libc_nano.a
END GROUP
START GROUP
LOAD D:/Programy/STMicroelectronics/STM32CubeIDE_1.10.1/STM32CubeIDE/plugins/com.st.stm32cube.ide.mcu.externaltools.gnu-tools-for-stm32.12.3.rel1.win32_1.0.200.202406191623/tools/bin/../lib/gcc/arm-none-eabi/12.3.1/thumb/v7e-m+fp/hard\libgcc.a
LOAD D:/Programy/STMicroelectronics/STM32CubeIDE_1.10.1/STM32CubeIDE/plugins/com.st.stm32cube.ide.mcu.externaltools.gnu-tools-for-stm32.12.3.rel1.win32_1.0.200.202406191623/tools/bin/../lib/gcc/arm-none-eabi/12.3.1/../../../../arm-none-eabi/lib/thumb/v7e-m+fp/hard\libc_nano.a
LOAD D:/Programy/STMicroelectronics/STM32CubeIDE_1.10.1/STM32CubeIDE/plugins/com.st.stm32cube.ide.mcu.externaltools.gnu-tools-for-stm32.12.3.rel1.win32_1.0.200.202406191623/tools/bin/../lib/gcc/arm-none-eabi/12.3.1/../../../../arm-none-eabi/lib/thumb/v7e-m+fp/hard\libnosys.a
END GROUP
START GROUP
LOAD D:/Programy/STMicroelectronics/STM32CubeIDE_1.10.1/STM32CubeIDE/plugins/com.st.stm32cube.ide.mcu.externaltools.gnu-tools-for-stm32.12.3.rel1.win32_1.0.200.202406191623/tools/bin/../lib/gcc/arm-none-eabi/12.3.1/thumb/v7e-m+fp/hard\libgcc.a
LOAD D:/Programy/STMicroelectronics/STM32CubeIDE_1.10.1/STM32CubeIDE/plugins/com.st.stm32cube.ide.mcu.externaltools.gnu-tools-for-stm32.12.3.rel1.win32_1.0.200.202406191623/tools/bin/../lib/gcc/arm-none-eabi/12.3.1/../../../../arm-none-eabi/lib/thumb/v7e-m+fp/hard\libc_nano.a
LOAD D:/Programy/STMicroelectronics/STM32CubeIDE_1.10.1/STM32CubeIDE/plugins/com.st.stm32cube.ide.mcu.externaltools.gnu-tools-for-stm32.12.3.rel1.win32_1.0.200.202406191623/tools/bin/../lib/gcc/arm-none-eabi/12.3.1/../../../../arm-none-eabi/lib/thumb/v7e-m+fp/hard\libnosys.a
END GROUP
LOAD D:/Programy/STMicroelectronics/STM32CubeIDE_1.10.1/STM32CubeIDE/plugins/com.st.stm32cube.ide.mcu.externaltools.gnu-tools-for-stm32.12.3.rel1.win32_1.0.200.202406191623/tools/bin/../lib/gcc/arm-none-eabi/12.3.1/thumb/v7e-m+fp/hard/crtend.o
LOAD D:/Programy/STMicroelectronics/STM32CubeIDE_1.10.1/STM32CubeIDE/plugins/com.st.stm32cube.ide.mcu.externaltools.gnu-tools-for-stm32.12.3.rel1.win32_1.0.200.202406191623/tools/bin/../lib/gcc/arm-none-eabi/12.3.1/thumb/v7e-m+fp/hard/crtn.o
                0x20050000                        _estack = (ORIGIN (RAM) + LENGTH (RAM))
                0x00000a00                        _Min_Heap_Size = 0xa00
                0x00000a00                        _Min_Stack_Size = 0xa00

.isr_vector     0x08000000      0x1c8
                0x08000000                        . = ALIGN (0x4)
 *(.isr_vector)
 .isr_vector    0x08000000      0x1c8 ./Core/Startup/startup_stm32f746nghx.o
                0x08000000                g_pfnVectors
                0x080001c8                        . = ALIGN (0x4)

.text           0x080001c8     0xc7e8
                0x080001c8                        . = ALIGN (0x4)
 *(.text)
 .text          0x080001c8       0x40 D:/Programy/STMicroelectronics/STM32CubeIDE_1.10.1/STM32CubeIDE/plugins/com.st.stm32cube.ide.mcu.externaltools.gnu-tools-for-stm32.12.3.rel1.win32_1.0.200.202406191623/tools/bin/../lib/gcc/arm-none-eabi/12.3.1/thumb/v7e-m+fp/hard/crtbegin.o
 .text          0x08000208       0x30 D:/Programy/STMicroelectronics/STM32CubeIDE_1.10.1/STM32CubeIDE/plugins/com.st.stm32cube.ide.mcu.externaltools.gnu-tools-for-stm32.12.3.rel1.win32_1.0.200.202406191623/tools/bin/../lib/gcc/arm-none-eabi/12.3.1/thumb/v7e-m+fp/hard\libgcc.a(_aeabi_uldivmod.o)
                0x08000208                __aeabi_uldivmod
 .text          0x08000238      0x2bc D:/Programy/STMicroelectronics/STM32CubeIDE_1.10.1/STM32CubeIDE/plugins/com.st.stm32cube.ide.mcu.externaltools.gnu-tools-for-stm32.12.3.rel1.win32_1.0.200.202406191623/tools/bin/../lib/gcc/arm-none-eabi/12.3.1/thumb/v7e-m+fp/hard\libgcc.a(_udivmoddi4.o)
                0x08000238                __udivmoddi4
 .text          0x080004f4        0x4 D:/Programy/STMicroelectronics/STM32CubeIDE_1.10.1/STM32CubeIDE/plugins/com.st.stm32cube.ide.mcu.externaltools.gnu-tools-for-stm32.12.3.rel1.win32_1.0.200.202406191623/tools/bin/../lib/gcc/arm-none-eabi/12.3.1/thumb/v7e-m+fp/hard\libgcc.a(_dvmd_tls.o)
                0x080004f4                __aeabi_idiv0
                0x080004f4                __aeabi_ldiv0
 *(.text*)
 .text.MX_CRC_Init
                0x080004f8       0x44 ./Core/Src/crc.o
                0x080004f8                MX_CRC_Init
 .text.HAL_CRC_MspInit
                0x0800053c       0x40 ./Core/Src/crc.o
                0x0800053c                HAL_CRC_MspInit
 .text.MX_DMA2D_Init
                0x0800057c       0x64 ./Core/Src/dma2d.o
                0x0800057c                MX_DMA2D_Init
 .text.HAL_DMA2D_MspInit
                0x080005e0       0x4c ./Core/Src/dma2d.o
                0x080005e0                HAL_DMA2D_MspInit
 .text.MX_FMC_Init
                0x0800062c      0x158 ./Core/Src/fmc.o
                0x0800062c                MX_FMC_Init
 .text.HAL_FMC_MspInit
                0x08000784      0x120 ./Core/Src/fmc.o
 .text.HAL_SDRAM_MspInit
                0x080008a4       0x14 ./Core/Src/fmc.o
                0x080008a4                HAL_SDRAM_MspInit
 .text.MX_GPIO_Init
                0x080008b8      0x214 ./Core/Src/gpio.o
                0x080008b8                MX_GPIO_Init
 .text.HAL_I2C_MspInit
                0x08000acc       0xc0 ./Core/Src/i2c.o
                0x08000acc                HAL_I2C_MspInit
 .text.HAL_I2C_MspDeInit
                0x08000b8c       0x44 ./Core/Src/i2c.o
                0x08000b8c                HAL_I2C_MspDeInit
 .text.MX_LTDC_Init
                0x08000bd0      0x104 ./Core/Src/ltdc.o
                0x08000bd0                MX_LTDC_Init
 .text.HAL_LTDC_MspInit
                0x08000cd4      0x204 ./Core/Src/ltdc.o
                0x08000cd4                HAL_LTDC_MspInit
 .text.SCB_EnableICache
                0x08000ed8       0x4c ./Core/Src/main.o
 .text.SCB_EnableDCache
                0x08000f24       0x88 ./Core/Src/main.o
 .text.main     0x08000fac      0x13c ./Core/Src/main.o
                0x08000fac                main
 .text.SystemClock_Config
                0x080010e8       0xdc ./Core/Src/main.o
                0x080010e8                SystemClock_Config
 .text.MyFlagInterruptHandler
                0x080011c4       0x34 ./Core/Src/main.o
 .text.MyBusyInterruptHandler
                0x080011f8        0xc ./Core/Src/main.o
 .text.MPU_Config
                0x08001204       0x6e ./Core/Src/main.o
 .text.Error_Handler
                0x08001272        0xc ./Core/Src/main.o
                0x08001272                Error_Handler
 *fill*         0x0800127e        0x2 
 .text.MX_QUADSPI_Init
                0x08001280       0x58 ./Core/Src/quadspi.o
                0x08001280                MX_QUADSPI_Init
 .text.HAL_QSPI_MspInit
                0x080012d8      0x120 ./Core/Src/quadspi.o
                0x080012d8                HAL_QSPI_MspInit
 .text.MX_SPI2_Init
                0x080013f8       0x7c ./Core/Src/spi.o
                0x080013f8                MX_SPI2_Init
 .text.HAL_SPI_MspInit
                0x08001474       0xc4 ./Core/Src/spi.o
                0x08001474                HAL_SPI_MspInit
 .text.HAL_MspInit
                0x08001538       0x48 ./Core/Src/stm32f7xx_hal_msp.o
                0x08001538                HAL_MspInit
 .text.NMI_Handler
                0x08001580        0x8 ./Core/Src/stm32f7xx_it.o
                0x08001580                NMI_Handler
 .text.HardFault_Handler
                0x08001588        0x8 ./Core/Src/stm32f7xx_it.o
                0x08001588                HardFault_Handler
 .text.MemManage_Handler
                0x08001590        0x8 ./Core/Src/stm32f7xx_it.o
                0x08001590                MemManage_Handler
 .text.BusFault_Handler
                0x08001598        0x8 ./Core/Src/stm32f7xx_it.o
                0x08001598                BusFault_Handler
 .text.UsageFault_Handler
                0x080015a0        0x8 ./Core/Src/stm32f7xx_it.o
                0x080015a0                UsageFault_Handler
 .text.SVC_Handler
                0x080015a8        0xe ./Core/Src/stm32f7xx_it.o
                0x080015a8                SVC_Handler
 .text.DebugMon_Handler
                0x080015b6        0xe ./Core/Src/stm32f7xx_it.o
                0x080015b6                DebugMon_Handler
 .text.PendSV_Handler
                0x080015c4        0xe ./Core/Src/stm32f7xx_it.o
                0x080015c4                PendSV_Handler
 .text.SysTick_Handler
                0x080015d2        0xc ./Core/Src/stm32f7xx_it.o
                0x080015d2                SysTick_Handler
 .text.EXTI9_5_IRQHandler
                0x080015de       0x14 ./Core/Src/stm32f7xx_it.o
                0x080015de                EXTI9_5_IRQHandler
 *fill*         0x080015f2        0x2 
 .text.TIM2_IRQHandler
                0x080015f4       0x14 ./Core/Src/stm32f7xx_it.o
                0x080015f4                TIM2_IRQHandler
 .text.LTDC_IRQHandler
                0x08001608       0x14 ./Core/Src/stm32f7xx_it.o
                0x08001608                LTDC_IRQHandler
 .text.DMA2D_IRQHandler
                0x0800161c       0x14 ./Core/Src/stm32f7xx_it.o
                0x0800161c                DMA2D_IRQHandler
 .text.SystemInit
                0x08001630       0x24 ./Core/Src/system_stm32f7xx.o
                0x08001630                SystemInit
 .text.MX_TIM2_Init
                0x08001654       0xec ./Core/Src/tim.o
                0x08001654                MX_TIM2_Init
 .text.HAL_TIM_Base_MspInit
                0x08001740       0x48 ./Core/Src/tim.o
                0x08001740                HAL_TIM_Base_MspInit
 .text.HAL_TIM_MspPostInit
                0x08001788       0x6c ./Core/Src/tim.o
                0x08001788                HAL_TIM_MspPostInit
 .text.MX_USART2_UART_Init
                0x080017f4       0x60 ./Core/Src/usart.o
                0x080017f4                MX_USART2_UART_Init
 .text.HAL_UART_MspInit
                0x08001854       0xbc ./Core/Src/usart.o
                0x08001854                HAL_UART_MspInit
 .text.Reset_Handler
                0x08001910       0x50 ./Core/Startup/startup_stm32f746nghx.o
                0x08001910                Reset_Handler
 .text.Default_Handler
                0x08001960        0x2 ./Core/Startup/startup_stm32f746nghx.o
                0x08001960                RTC_Alarm_IRQHandler
                0x08001960                EXTI2_IRQHandler
                0x08001960                TIM8_CC_IRQHandler
                0x08001960                UART8_IRQHandler
                0x08001960                SPI4_IRQHandler
                0x08001960                TIM1_CC_IRQHandler
                0x08001960                DMA2_Stream5_IRQHandler
                0x08001960                DMA1_Stream5_IRQHandler
                0x08001960                PVD_IRQHandler
                0x08001960                TAMP_STAMP_IRQHandler
                0x08001960                CAN2_RX1_IRQHandler
                0x08001960                EXTI3_IRQHandler
                0x08001960                TIM8_TRG_COM_TIM14_IRQHandler
                0x08001960                TIM1_UP_TIM10_IRQHandler
                0x08001960                TIM8_UP_TIM13_IRQHandler
                0x08001960                I2C3_ER_IRQHandler
                0x08001960                EXTI0_IRQHandler
                0x08001960                I2C2_EV_IRQHandler
                0x08001960                DMA1_Stream2_IRQHandler
                0x08001960                CAN1_RX0_IRQHandler
                0x08001960                FPU_IRQHandler
                0x08001960                OTG_HS_WKUP_IRQHandler
                0x08001960                LTDC_ER_IRQHandler
                0x08001960                CAN2_SCE_IRQHandler
                0x08001960                DMA2_Stream2_IRQHandler
                0x08001960                SPI1_IRQHandler
                0x08001960                TIM6_DAC_IRQHandler
                0x08001960                TIM1_BRK_TIM9_IRQHandler
                0x08001960                DCMI_IRQHandler
                0x08001960                CAN2_RX0_IRQHandler
                0x08001960                DMA2_Stream3_IRQHandler
                0x08001960                SAI2_IRQHandler
                0x08001960                USART6_IRQHandler
                0x08001960                USART3_IRQHandler
                0x08001960                CAN1_RX1_IRQHandler
                0x08001960                UART5_IRQHandler
                0x08001960                DMA2_Stream0_IRQHandler
                0x08001960                TIM4_IRQHandler
                0x08001960                QUADSPI_IRQHandler
                0x08001960                I2C1_EV_IRQHandler
                0x08001960                DMA1_Stream6_IRQHandler
                0x08001960                DMA1_Stream1_IRQHandler
                0x08001960                UART4_IRQHandler
                0x08001960                TIM3_IRQHandler
                0x08001960                RCC_IRQHandler
                0x08001960                TIM8_BRK_TIM12_IRQHandler
                0x08001960                Default_Handler
                0x08001960                CEC_IRQHandler
                0x08001960                EXTI15_10_IRQHandler
                0x08001960                ADC_IRQHandler
                0x08001960                DMA1_Stream7_IRQHandler
                0x08001960                SPI5_IRQHandler
                0x08001960                TIM7_IRQHandler
                0x08001960                SDMMC1_IRQHandler
                0x08001960                CAN2_TX_IRQHandler
                0x08001960                TIM5_IRQHandler
                0x08001960                DMA2_Stream7_IRQHandler
                0x08001960                I2C3_EV_IRQHandler
                0x08001960                RTC_WKUP_IRQHandler
                0x08001960                ETH_WKUP_IRQHandler
                0x08001960                SPDIF_RX_IRQHandler
                0x08001960                SPI2_IRQHandler
                0x08001960                OTG_HS_EP1_IN_IRQHandler
                0x08001960                DMA1_Stream0_IRQHandler
                0x08001960                CAN1_TX_IRQHandler
                0x08001960                EXTI4_IRQHandler
                0x08001960                RNG_IRQHandler
                0x08001960                ETH_IRQHandler
                0x08001960                OTG_HS_EP1_OUT_IRQHandler
                0x08001960                WWDG_IRQHandler
                0x08001960                SPI6_IRQHandler
                0x08001960                I2C4_EV_IRQHandler
                0x08001960                OTG_FS_WKUP_IRQHandler
                0x08001960                TIM1_TRG_COM_TIM11_IRQHandler
                0x08001960                OTG_HS_IRQHandler
                0x08001960                EXTI1_IRQHandler
                0x08001960                UART7_IRQHandler
                0x08001960                USART2_IRQHandler
                0x08001960                I2C2_ER_IRQHandler
                0x08001960                DMA2_Stream1_IRQHandler
                0x08001960                CAN1_SCE_IRQHandler
                0x08001960                FLASH_IRQHandler
                0x08001960                DMA2_Stream4_IRQHandler
                0x08001960                USART1_IRQHandler
                0x08001960                OTG_FS_IRQHandler
                0x08001960                SPI3_IRQHandler
                0x08001960                DMA1_Stream4_IRQHandler
                0x08001960                I2C1_ER_IRQHandler
                0x08001960                FMC_IRQHandler
                0x08001960                LPTIM1_IRQHandler
                0x08001960                I2C4_ER_IRQHandler
                0x08001960                DMA2_Stream6_IRQHandler
                0x08001960                SAI1_IRQHandler
                0x08001960                DMA1_Stream3_IRQHandler
 .text.ft5336_Init
                0x08001962       0x1c ./Drivers/BSP/Components/ft5336/ft5336.o
                0x08001962                ft5336_Init
 .text.ft5336_Reset
                0x0800197e       0x16 ./Drivers/BSP/Components/ft5336/ft5336.o
                0x0800197e                ft5336_Reset
 .text.ft5336_ReadID
                0x08001994       0x5a ./Drivers/BSP/Components/ft5336/ft5336.o
                0x08001994                ft5336_ReadID
 .text.ft5336_TS_Start
                0x080019ee       0x22 ./Drivers/BSP/Components/ft5336/ft5336.o
                0x080019ee                ft5336_TS_Start
 .text.ft5336_TS_DetectTouch
                0x08001a10       0x54 ./Drivers/BSP/Components/ft5336/ft5336.o
                0x08001a10                ft5336_TS_DetectTouch
 .text.ft5336_TS_GetXY
                0x08001a64      0x1e0 ./Drivers/BSP/Components/ft5336/ft5336.o
                0x08001a64                ft5336_TS_GetXY
 .text.ft5336_TS_EnableIT
                0x08001c44       0x28 ./Drivers/BSP/Components/ft5336/ft5336.o
                0x08001c44                ft5336_TS_EnableIT
 .text.ft5336_TS_DisableIT
                0x08001c6c       0x28 ./Drivers/BSP/Components/ft5336/ft5336.o
                0x08001c6c                ft5336_TS_DisableIT
 .text.ft5336_TS_ITStatus
                0x08001c94       0x18 ./Drivers/BSP/Components/ft5336/ft5336.o
                0x08001c94                ft5336_TS_ITStatus
 .text.ft5336_TS_ClearIT
                0x08001cac       0x16 ./Drivers/BSP/Components/ft5336/ft5336.o
                0x08001cac                ft5336_TS_ClearIT
 .text.ft5336_TS_GetGestureID
                0x08001cc2       0x32 ./Drivers/BSP/Components/ft5336/ft5336.o
                0x08001cc2                ft5336_TS_GetGestureID
 .text.ft5336_TS_GetTouchInfo
                0x08001cf4      0x15c ./Drivers/BSP/Components/ft5336/ft5336.o
                0x08001cf4                ft5336_TS_GetTouchInfo
 .text.ft5336_Get_I2C_InitializedStatus
                0x08001e50       0x18 ./Drivers/BSP/Components/ft5336/ft5336.o
 .text.ft5336_I2C_InitializeIfRequired
                0x08001e68       0x20 ./Drivers/BSP/Components/ft5336/ft5336.o
 .text.ft5336_TS_Configure
                0x08001e88       0x1c ./Drivers/BSP/Components/ft5336/ft5336.o
 .text.Powerstep01_AttachErrorHandler
                0x08001ea4       0x20 ./Drivers/BSP/Components/powerSTEP01/powerstep01.o
                0x08001ea4                Powerstep01_AttachErrorHandler
 .text.Powerstep01_AttachFlagInterrupt
                0x08001ec4       0x20 ./Drivers/BSP/Components/powerSTEP01/powerstep01.o
                0x08001ec4                Powerstep01_AttachFlagInterrupt
 .text.Powerstep01_AttachBusyInterrupt
                0x08001ee4       0x20 ./Drivers/BSP/Components/powerSTEP01/powerstep01.o
                0x08001ee4                Powerstep01_AttachBusyInterrupt
 .text.Powerstep01_ReadId
                0x08001f04       0x18 ./Drivers/BSP/Components/powerSTEP01/powerstep01.o
                0x08001f04                Powerstep01_ReadId
 .text.Powerstep01_Init
                0x08001f1c       0x88 ./Drivers/BSP/Components/powerSTEP01/powerstep01.o
                0x08001f1c                Powerstep01_Init
 .text.Powerstep01_CheckBusyHw
                0x08001fa4       0x18 ./Drivers/BSP/Components/powerSTEP01/powerstep01.o
                0x08001fa4                Powerstep01_CheckBusyHw
 .text.Powerstep01_CheckStatusHw
                0x08001fbc       0x18 ./Drivers/BSP/Components/powerSTEP01/powerstep01.o
                0x08001fbc                Powerstep01_CheckStatusHw
 .text.Powerstep01_CmdGetParam
                0x08001fd4      0x1c4 ./Drivers/BSP/Components/powerSTEP01/powerstep01.o
                0x08001fd4                Powerstep01_CmdGetParam
 .text.Powerstep01_CmdGetStatus
                0x08002198      0x134 ./Drivers/BSP/Components/powerSTEP01/powerstep01.o
                0x08002198                Powerstep01_CmdGetStatus
 .text.Powerstep01_CmdGoHome
                0x080022cc       0x1e ./Drivers/BSP/Components/powerSTEP01/powerstep01.o
                0x080022cc                Powerstep01_CmdGoHome
 .text.Powerstep01_CmdGoMark
                0x080022ea       0x1e ./Drivers/BSP/Components/powerSTEP01/powerstep01.o
                0x080022ea                Powerstep01_CmdGoMark
 .text.Powerstep01_CmdGoTo
                0x08002308       0x20 ./Drivers/BSP/Components/powerSTEP01/powerstep01.o
                0x08002308                Powerstep01_CmdGoTo
 .text.Powerstep01_CmdGoToDir
                0x08002328       0x2a ./Drivers/BSP/Components/powerSTEP01/powerstep01.o
                0x08002328                Powerstep01_CmdGoToDir
 .text.Powerstep01_CmdGoUntil
                0x08002352       0x34 ./Drivers/BSP/Components/powerSTEP01/powerstep01.o
                0x08002352                Powerstep01_CmdGoUntil
 .text.Powerstep01_CmdHardHiZ
                0x08002386       0x1e ./Drivers/BSP/Components/powerSTEP01/powerstep01.o
                0x08002386                Powerstep01_CmdHardHiZ
 .text.Powerstep01_CmdHardStop
                0x080023a4       0x1e ./Drivers/BSP/Components/powerSTEP01/powerstep01.o
                0x080023a4                Powerstep01_CmdHardStop
 .text.Powerstep01_CmdMove
                0x080023c2       0x2a ./Drivers/BSP/Components/powerSTEP01/powerstep01.o
                0x080023c2                Powerstep01_CmdMove
 .text.Powerstep01_CmdNop
                0x080023ec       0x1e ./Drivers/BSP/Components/powerSTEP01/powerstep01.o
                0x080023ec                Powerstep01_CmdNop
 .text.Powerstep01_CmdReleaseSw
                0x0800240a       0x32 ./Drivers/BSP/Components/powerSTEP01/powerstep01.o
                0x0800240a                Powerstep01_CmdReleaseSw
 .text.Powerstep01_CmdResetDevice
                0x0800243c       0x1e ./Drivers/BSP/Components/powerSTEP01/powerstep01.o
                0x0800243c                Powerstep01_CmdResetDevice
 .text.Powerstep01_CmdResetPos
                0x0800245a       0x1e ./Drivers/BSP/Components/powerSTEP01/powerstep01.o
                0x0800245a                Powerstep01_CmdResetPos
 .text.Powerstep01_CmdRun
                0x08002478       0x2a ./Drivers/BSP/Components/powerSTEP01/powerstep01.o
                0x08002478                Powerstep01_CmdRun
 *fill*         0x080024a2        0x2 
 .text.Powerstep01_CmdSetParam
                0x080024a4      0x19c ./Drivers/BSP/Components/powerSTEP01/powerstep01.o
                0x080024a4                Powerstep01_CmdSetParam
 .text.Powerstep01_CmdSoftHiZ
                0x08002640       0x1e ./Drivers/BSP/Components/powerSTEP01/powerstep01.o
                0x08002640                Powerstep01_CmdSoftHiZ
 .text.Powerstep01_CmdSoftStop
                0x0800265e       0x1e ./Drivers/BSP/Components/powerSTEP01/powerstep01.o
                0x0800265e                Powerstep01_CmdSoftStop
 .text.Powerstep01_CmdStepClock
                0x0800267c       0x2a ./Drivers/BSP/Components/powerSTEP01/powerstep01.o
                0x0800267c                Powerstep01_CmdStepClock
 *fill*         0x080026a6        0x2 
 .text.Powerstep01_FetchAndClearAllStatus
                0x080026a8       0xa8 ./Drivers/BSP/Components/powerSTEP01/powerstep01.o
                0x080026a8                Powerstep01_FetchAndClearAllStatus
 .text.Powerstep01_GetFetchedStatus
                0x08002750       0x5c ./Drivers/BSP/Components/powerSTEP01/powerstep01.o
                0x08002750                Powerstep01_GetFetchedStatus
 .text.Powerstep01_GetMotorHandle
                0x080027ac       0x14 ./Drivers/BSP/Components/powerSTEP01/powerstep01.o
                0x080027ac                Powerstep01_GetMotorHandle
 .text.Powerstep01_GetFwVersion
                0x080027c0       0x14 ./Drivers/BSP/Components/powerSTEP01/powerstep01.o
                0x080027c0                Powerstep01_GetFwVersion
 .text.Powerstep01_GetMark
                0x080027d4       0x26 ./Drivers/BSP/Components/powerSTEP01/powerstep01.o
                0x080027d4                Powerstep01_GetMark
 *fill*         0x080027fa        0x2 
 .text.Powerstep01_GetNbDevices
                0x080027fc       0x18 ./Drivers/BSP/Components/powerSTEP01/powerstep01.o
                0x080027fc                Powerstep01_GetNbDevices
 .text.Powerstep01_GetAnalogValue
                0x08002814      0x180 ./Drivers/BSP/Components/powerSTEP01/powerstep01.o
                0x08002814                Powerstep01_GetAnalogValue
 .text.Powerstep01_GetPosition
                0x08002994       0x26 ./Drivers/BSP/Components/powerSTEP01/powerstep01.o
                0x08002994                Powerstep01_GetPosition
 .text.Powerstep01_IsDeviceBusy
                0x080029ba       0x2a ./Drivers/BSP/Components/powerSTEP01/powerstep01.o
                0x080029ba                Powerstep01_IsDeviceBusy
 .text.Powerstep01_QueueCommands
                0x080029e4       0xe4 ./Drivers/BSP/Components/powerSTEP01/powerstep01.o
                0x080029e4                Powerstep01_QueueCommands
 .text.Powerstep01_ReadStatusRegister
                0x08002ac8       0x20 ./Drivers/BSP/Components/powerSTEP01/powerstep01.o
                0x08002ac8                Powerstep01_ReadStatusRegister
 .text.Powerstep01_ReleaseReset
                0x08002ae8       0x1a ./Drivers/BSP/Components/powerSTEP01/powerstep01.o
                0x08002ae8                Powerstep01_ReleaseReset
 .text.Powerstep01_Reset
                0x08002b02       0x1a ./Drivers/BSP/Components/powerSTEP01/powerstep01.o
                0x08002b02                Powerstep01_Reset
 .text.Powerstep01_SelectStepMode
                0x08002b1c       0xb4 ./Drivers/BSP/Components/powerSTEP01/powerstep01.o
                0x08002b1c                Powerstep01_SelectStepMode
 .text.Powerstep01_SendQueuedCommands
                0x08002bd0       0x40 ./Drivers/BSP/Components/powerSTEP01/powerstep01.o
                0x08002bd0                Powerstep01_SendQueuedCommands
 .text.Powerstep01_SetHome
                0x08002c10       0x30 ./Drivers/BSP/Components/powerSTEP01/powerstep01.o
                0x08002c10                Powerstep01_SetHome
 .text.Powerstep01_SetMark
                0x08002c40       0x20 ./Drivers/BSP/Components/powerSTEP01/powerstep01.o
                0x08002c40                Powerstep01_SetMark
 .text.Powerstep01_SetNbDevices
                0x08002c60       0x2c ./Drivers/BSP/Components/powerSTEP01/powerstep01.o
                0x08002c60                Powerstep01_SetNbDevices
 .text.Powerstep01_SetAnalogValue
                0x08002c8c      0x3c4 ./Drivers/BSP/Components/powerSTEP01/powerstep01.o
                0x08002c8c                Powerstep01_SetAnalogValue
 .text.Powerstep01_StartStepClock
                0x08003050       0x1a ./Drivers/BSP/Components/powerSTEP01/powerstep01.o
                0x08003050                Powerstep01_StartStepClock
 .text.Powerstep01_StopStepClock
                0x0800306a        0xc ./Drivers/BSP/Components/powerSTEP01/powerstep01.o
                0x0800306a                Powerstep01_StopStepClock
 *fill*         0x08003076        0x2 
 .text.Powerstep01_WaitForAllDevicesNotBusy
                0x08003078       0x50 ./Drivers/BSP/Components/powerSTEP01/powerstep01.o
                0x08003078                Powerstep01_WaitForAllDevicesNotBusy
 .text.Powerstep01_WaitWhileActive
                0x080030c8       0x24 ./Drivers/BSP/Components/powerSTEP01/powerstep01.o
                0x080030c8                Powerstep01_WaitWhileActive
 .text.Powerstep01_ConvertPosition
                0x080030ec       0x40 ./Drivers/BSP/Components/powerSTEP01/powerstep01.o
                0x080030ec                Powerstep01_ConvertPosition
 .text.Powerstep01_BusyInterruptHandler
                0x0800312c       0x2c ./Drivers/BSP/Components/powerSTEP01/powerstep01.o
                0x0800312c                Powerstep01_BusyInterruptHandler
 .text.Powerstep01_ErrorHandler
                0x08003158       0x2c ./Drivers/BSP/Components/powerSTEP01/powerstep01.o
                0x08003158                Powerstep01_ErrorHandler
 .text.Powerstep01_FlagInterruptHandler
                0x08003184       0x2c ./Drivers/BSP/Components/powerSTEP01/powerstep01.o
                0x08003184                Powerstep01_FlagInterruptHandler
 .text.Powerstep01_SendCommand
                0x080031b0      0x188 ./Drivers/BSP/Components/powerSTEP01/powerstep01.o
                0x080031b0                Powerstep01_SendCommand
 .text.Powerstep01_SetRegisterToPredefinedValues
                0x08003338      0x2a4 ./Drivers/BSP/Components/powerSTEP01/powerstep01.o
                0x08003338                Powerstep01_SetRegisterToPredefinedValues
 .text.Powerstep01_SetDeviceParamsToGivenValues
                0x080035dc      0x3f8 ./Drivers/BSP/Components/powerSTEP01/powerstep01.o
                0x080035dc                Powerstep01_SetDeviceParamsToGivenValues
 .text.Powerstep01_WriteBytes
                0x080039d4       0x4c ./Drivers/BSP/Components/powerSTEP01/powerstep01.o
                0x080039d4                Powerstep01_WriteBytes
 .text.Powerstep01_AccDec_Steps_s2_to_RegVal
                0x08003a20       0x38 ./Drivers/BSP/Components/powerSTEP01/powerstep01.o
                0x08003a20                Powerstep01_AccDec_Steps_s2_to_RegVal
 .text.Powerstep01_AccDec_RegVal_to_Steps_s2
                0x08003a58       0x2c ./Drivers/BSP/Components/powerSTEP01/powerstep01.o
                0x08003a58                Powerstep01_AccDec_RegVal_to_Steps_s2
 .text.Powerstep01_BEMFslope_Perc_to_RegVal
                0x08003a84       0x3c ./Drivers/BSP/Components/powerSTEP01/powerstep01.o
                0x08003a84                Powerstep01_BEMFslope_Perc_to_RegVal
 .text.Powerstep01_BEMFslope_RegVal_to_Perc
                0x08003ac0       0x2c ./Drivers/BSP/Components/powerSTEP01/powerstep01.o
                0x08003ac0                Powerstep01_BEMFslope_RegVal_to_Perc
 .text.Powerstep01_FSSpd_Steps_s_to_RegVal
                0x08003aec       0x30 ./Drivers/BSP/Components/powerSTEP01/powerstep01.o
                0x08003aec                Powerstep01_FSSpd_Steps_s_to_RegVal
 .text.Powerstep01_FSSpd_RegVal_to_Steps_s
                0x08003b1c       0x38 ./Drivers/BSP/Components/powerSTEP01/powerstep01.o
                0x08003b1c                Powerstep01_FSSpd_RegVal_to_Steps_s
 .text.Powerstep01_IntSpd_Steps_s_to_RegVal
                0x08003b54       0x38 ./Drivers/BSP/Components/powerSTEP01/powerstep01.o
                0x08003b54                Powerstep01_IntSpd_Steps_s_to_RegVal
 .text.Powerstep01_IntSpd_RegVal_to_Steps_s
                0x08003b8c       0x2c ./Drivers/BSP/Components/powerSTEP01/powerstep01.o
                0x08003b8c                Powerstep01_IntSpd_RegVal_to_Steps_s
 .text.Powerstep01_KTherm_Comp_to_RegVal
                0x08003bb8       0x44 ./Drivers/BSP/Components/powerSTEP01/powerstep01.o
                0x08003bb8                Powerstep01_KTherm_Comp_to_RegVal
 .text.Powerstep01_KTherm_RegVal_to_Comp
                0x08003bfc       0x34 ./Drivers/BSP/Components/powerSTEP01/powerstep01.o
                0x08003bfc                Powerstep01_KTherm_RegVal_to_Comp
 .text.Powerstep01_Kval_Perc_to_RegVal
                0x08003c30       0x3c ./Drivers/BSP/Components/powerSTEP01/powerstep01.o
                0x08003c30                Powerstep01_Kval_Perc_to_RegVal
 .text.Powerstep01_Kval_RegVal_to_Perc
                0x08003c6c       0x28 ./Drivers/BSP/Components/powerSTEP01/powerstep01.o
                0x08003c6c                Powerstep01_Kval_RegVal_to_Perc
 .text.Powerstep01_MaxSpd_Steps_s_to_RegVal
                0x08003c94       0x38 ./Drivers/BSP/Components/powerSTEP01/powerstep01.o
                0x08003c94                Powerstep01_MaxSpd_Steps_s_to_RegVal
 .text.Powerstep01_MaxSpd_RegVal_to_Steps_s
                0x08003ccc       0x2c ./Drivers/BSP/Components/powerSTEP01/powerstep01.o
                0x08003ccc                Powerstep01_MaxSpd_RegVal_to_Steps_s
 .text.Powerstep01_MinSpd_Steps_s_to_RegVal
                0x08003cf8       0x38 ./Drivers/BSP/Components/powerSTEP01/powerstep01.o
                0x08003cf8                Powerstep01_MinSpd_Steps_s_to_RegVal
 .text.Powerstep01_MinSpd_RegVal_to_Steps_s
                0x08003d30       0x2c ./Drivers/BSP/Components/powerSTEP01/powerstep01.o
                0x08003d30                Powerstep01_MinSpd_RegVal_to_Steps_s
 .text.Powerstep01_Speed_RegVal_to_Steps_s
                0x08003d5c       0x2c ./Drivers/BSP/Components/powerSTEP01/powerstep01.o
                0x08003d5c                Powerstep01_Speed_RegVal_to_Steps_s
 .text.Powerstep01_StallOcd_Th_to_RegVal
                0x08003d88       0x48 ./Drivers/BSP/Components/powerSTEP01/powerstep01.o
                0x08003d88                Powerstep01_StallOcd_Th_to_RegVal
 .text.Powerstep01_StallOcd_RegVal_to_Th
                0x08003dd0       0x30 ./Drivers/BSP/Components/powerSTEP01/powerstep01.o
                0x08003dd0                Powerstep01_StallOcd_RegVal_to_Th
 .text.Powerstep01_Tval_RefVoltage_to_RegVal
                0x08003e00       0x48 ./Drivers/BSP/Components/powerSTEP01/powerstep01.o
                0x08003e00                Powerstep01_Tval_RefVoltage_to_RegVal
 .text.Powerstep01_Tval_RegVal_to_RefVoltage
                0x08003e48       0x30 ./Drivers/BSP/Components/powerSTEP01/powerstep01.o
                0x08003e48                Powerstep01_Tval_RegVal_to_RefVoltage
 .text.Powerstep01_Tmin_Time_to_RegVal
                0x08003e78       0x3a ./Drivers/BSP/Components/powerSTEP01/powerstep01.o
                0x08003e78                Powerstep01_Tmin_Time_to_RegVal
 .text.Powerstep01_Tmin_RegVal_to_Time
                0x08003eb2       0x2a ./Drivers/BSP/Components/powerSTEP01/powerstep01.o
                0x08003eb2                Powerstep01_Tmin_RegVal_to_Time
 .text.I2Cx_MspInit
                0x08003edc      0x160 ./Drivers/BSP/STM32746G-Discovery/stm32746g_discovery.o
 .text.I2Cx_Init
                0x0800403c       0x78 ./Drivers/BSP/STM32746G-Discovery/stm32746g_discovery.o
 .text.I2Cx_ReadMultiple
                0x080040b4       0x5a ./Drivers/BSP/STM32746G-Discovery/stm32746g_discovery.o
 .text.I2Cx_WriteMultiple
                0x0800410e       0x5a ./Drivers/BSP/STM32746G-Discovery/stm32746g_discovery.o
 .text.I2Cx_Error
                0x08004168       0x20 ./Drivers/BSP/STM32746G-Discovery/stm32746g_discovery.o
 .text.TS_IO_Init
                0x08004188       0x14 ./Drivers/BSP/STM32746G-Discovery/stm32746g_discovery.o
                0x08004188                TS_IO_Init
 .text.TS_IO_Write
                0x0800419c       0x34 ./Drivers/BSP/STM32746G-Discovery/stm32746g_discovery.o
                0x0800419c                TS_IO_Write
 .text.TS_IO_Read
                0x080041d0       0x3c ./Drivers/BSP/STM32746G-Discovery/stm32746g_discovery.o
                0x080041d0                TS_IO_Read
 .text.TS_IO_Delay
                0x0800420c       0x16 ./Drivers/BSP/STM32746G-Discovery/stm32746g_discovery.o
                0x0800420c                TS_IO_Delay
 *fill*         0x08004222        0x2 
 .text.BSP_LCD_Init
                0x08004224       0xe0 ./Drivers/BSP/STM32746G-Discovery/stm32746g_discovery_lcd.o
                0x08004224                BSP_LCD_Init
 .text.BSP_LCD_GetXSize
                0x08004304       0x28 ./Drivers/BSP/STM32746G-Discovery/stm32746g_discovery_lcd.o
                0x08004304                BSP_LCD_GetXSize
 .text.BSP_LCD_GetYSize
                0x0800432c       0x28 ./Drivers/BSP/STM32746G-Discovery/stm32746g_discovery_lcd.o
                0x0800432c                BSP_LCD_GetYSize
 .text.BSP_LCD_LayerDefaultInit
                0x08004354       0xc0 ./Drivers/BSP/STM32746G-Discovery/stm32746g_discovery_lcd.o
                0x08004354                BSP_LCD_LayerDefaultInit
 .text.BSP_LCD_SelectLayer
                0x08004414       0x20 ./Drivers/BSP/STM32746G-Discovery/stm32746g_discovery_lcd.o
                0x08004414                BSP_LCD_SelectLayer
 .text.BSP_LCD_SetTextColor
                0x08004434       0x30 ./Drivers/BSP/STM32746G-Discovery/stm32746g_discovery_lcd.o
                0x08004434                BSP_LCD_SetTextColor
 .text.BSP_LCD_SetFont
                0x08004464       0x34 ./Drivers/BSP/STM32746G-Discovery/stm32746g_discovery_lcd.o
                0x08004464                BSP_LCD_SetFont
 .text.BSP_LCD_Clear
                0x08004498       0x50 ./Drivers/BSP/STM32746G-Discovery/stm32746g_discovery_lcd.o
                0x08004498                BSP_LCD_Clear
 .text.BSP_LCD_DisplayChar
                0x080044e8       0x88 ./Drivers/BSP/STM32746G-Discovery/stm32746g_discovery_lcd.o
                0x080044e8                BSP_LCD_DisplayChar
 .text.BSP_LCD_DisplayStringAt
                0x08004570      0x190 ./Drivers/BSP/STM32746G-Discovery/stm32746g_discovery_lcd.o
                0x08004570                BSP_LCD_DisplayStringAt
 .text.BSP_LCD_DrawHLine
                0x08004700       0xbc ./Drivers/BSP/STM32746G-Discovery/stm32746g_discovery_lcd.o
                0x08004700                BSP_LCD_DrawHLine
 .text.BSP_LCD_DrawCircle
                0x080047bc      0x1d4 ./Drivers/BSP/STM32746G-Discovery/stm32746g_discovery_lcd.o
                0x080047bc                BSP_LCD_DrawCircle
 .text.BSP_LCD_DrawPixel
                0x08004990       0x90 ./Drivers/BSP/STM32746G-Discovery/stm32746g_discovery_lcd.o
                0x08004990                BSP_LCD_DrawPixel
 .text.BSP_LCD_FillCircle
                0x08004a20      0x140 ./Drivers/BSP/STM32746G-Discovery/stm32746g_discovery_lcd.o
                0x08004a20                BSP_LCD_FillCircle
 .text.BSP_LCD_DisplayOn
                0x08004b60       0x3c ./Drivers/BSP/STM32746G-Discovery/stm32746g_discovery_lcd.o
                0x08004b60                BSP_LCD_DisplayOn
 .text.BSP_LCD_MspInit
                0x08004b9c      0x1b4 ./Drivers/BSP/STM32746G-Discovery/stm32746g_discovery_lcd.o
                0x08004b9c                BSP_LCD_MspInit
 .text.BSP_LCD_ClockConfig
                0x08004d50       0x38 ./Drivers/BSP/STM32746G-Discovery/stm32746g_discovery_lcd.o
                0x08004d50                BSP_LCD_ClockConfig
 .text.DrawChar
                0x08004d88      0x170 ./Drivers/BSP/STM32746G-Discovery/stm32746g_discovery_lcd.o
 .text.LL_FillBuffer
                0x08004ef8       0x98 ./Drivers/BSP/STM32746G-Discovery/stm32746g_discovery_lcd.o
 .text.BSP_SDRAM_Init
                0x08004f90       0xbc ./Drivers/BSP/STM32746G-Discovery/stm32746g_discovery_sdram.o
                0x08004f90                BSP_SDRAM_Init
 .text.BSP_SDRAM_Initialization_sequence
                0x0800504c       0xc0 ./Drivers/BSP/STM32746G-Discovery/stm32746g_discovery_sdram.o
                0x0800504c                BSP_SDRAM_Initialization_sequence
 .text.BSP_SDRAM_MspInit
                0x0800510c      0x1f0 ./Drivers/BSP/STM32746G-Discovery/stm32746g_discovery_sdram.o
                0x0800510c                BSP_SDRAM_MspInit
 .text.BSP_TS_Init
                0x080052fc       0x80 ./Drivers/BSP/STM32746G-Discovery/stm32746g_discovery_ts.o
                0x080052fc                BSP_TS_Init
 .text.BSP_TS_GetState
                0x0800537c      0x378 ./Drivers/BSP/STM32746G-Discovery/stm32746g_discovery_ts.o
                0x0800537c                BSP_TS_GetState
 .text.BSP_TS_Get_GestureId
                0x080056f4      0x104 ./Drivers/BSP/STM32746G-Discovery/stm32746g_discovery_ts.o
                0x080056f4                BSP_TS_Get_GestureId
 .text.Powerstep01_Board_Delay
                0x080057f8       0x16 ./Drivers/BSP/X-NUCLEO-IHMxx/x_nucleo_ihm03a1_stm32f4xx.o
                0x080057f8                Powerstep01_Board_Delay
 .text.Powerstep01_Board_DisableIrq
                0x0800580e       0x12 ./Drivers/BSP/X-NUCLEO-IHMxx/x_nucleo_ihm03a1_stm32f4xx.o
                0x0800580e                Powerstep01_Board_DisableIrq
 .text.Powerstep01_Board_EnableIrq
                0x08005820       0x12 ./Drivers/BSP/X-NUCLEO-IHMxx/x_nucleo_ihm03a1_stm32f4xx.o
                0x08005820                Powerstep01_Board_EnableIrq
 *fill*         0x08005832        0x2 
 .text.Powerstep01_Board_GpioInit
                0x08005834      0x13c ./Drivers/BSP/X-NUCLEO-IHMxx/x_nucleo_ihm03a1_stm32f4xx.o
                0x08005834                Powerstep01_Board_GpioInit
 .text.Powerstep01_Board_StepClockInit
                0x08005970       0x7c ./Drivers/BSP/X-NUCLEO-IHMxx/x_nucleo_ihm03a1_stm32f4xx.o
                0x08005970                Powerstep01_Board_StepClockInit
 .text.Powerstep01_Board_StartStepClock
                0x080059ec       0x4c ./Drivers/BSP/X-NUCLEO-IHMxx/x_nucleo_ihm03a1_stm32f4xx.o
                0x080059ec                Powerstep01_Board_StartStepClock
 .text.Powerstep01_Board_StopStepClock
                0x08005a38       0x14 ./Drivers/BSP/X-NUCLEO-IHMxx/x_nucleo_ihm03a1_stm32f4xx.o
                0x08005a38                Powerstep01_Board_StopStepClock
 .text.Powerstep01_Board_ReleaseReset
                0x08005a4c       0x20 ./Drivers/BSP/X-NUCLEO-IHMxx/x_nucleo_ihm03a1_stm32f4xx.o
                0x08005a4c                Powerstep01_Board_ReleaseReset
 .text.Powerstep01_Board_Reset
                0x08005a6c       0x20 ./Drivers/BSP/X-NUCLEO-IHMxx/x_nucleo_ihm03a1_stm32f4xx.o
                0x08005a6c                Powerstep01_Board_Reset
 .text.Powerstep01_Board_SpiInit
                0x08005a8c       0x70 ./Drivers/BSP/X-NUCLEO-IHMxx/x_nucleo_ihm03a1_stm32f4xx.o
                0x08005a8c                Powerstep01_Board_SpiInit
 .text.Powerstep01_Board_SpiWriteBytes
                0x08005afc       0x78 ./Drivers/BSP/X-NUCLEO-IHMxx/x_nucleo_ihm03a1_stm32f4xx.o
                0x08005afc                Powerstep01_Board_SpiWriteBytes
 .text.Powerstep01_Board_BUSY_PIN_GetState
                0x08005b74       0x18 ./Drivers/BSP/X-NUCLEO-IHMxx/x_nucleo_ihm03a1_stm32f4xx.o
                0x08005b74                Powerstep01_Board_BUSY_PIN_GetState
 .text.Powerstep01_Board_FLAG_PIN_GetState
                0x08005b8c       0x18 ./Drivers/BSP/X-NUCLEO-IHMxx/x_nucleo_ihm03a1_stm32f4xx.o
                0x08005b8c                Powerstep01_Board_FLAG_PIN_GetState
 .text.L6474_GetMotorHandle
                0x08005ba4       0x10 ./Drivers/BSP/X-NUCLEO-IHMxx/x_nucleo_ihmxx.o
                0x08005ba4                L6474_GetMotorHandle
 .text.l647x_GetMotorHandle
                0x08005bb4       0x10 ./Drivers/BSP/X-NUCLEO-IHMxx/x_nucleo_ihmxx.o
                0x08005bb4                l647x_GetMotorHandle
 .text.l648x_GetMotorHandle
                0x08005bc4       0x10 ./Drivers/BSP/X-NUCLEO-IHMxx/x_nucleo_ihmxx.o
                0x08005bc4                l648x_GetMotorHandle
 .text.L6206_GetMotorHandle
                0x08005bd4       0x10 ./Drivers/BSP/X-NUCLEO-IHMxx/x_nucleo_ihmxx.o
                0x08005bd4                L6206_GetMotorHandle
 .text.L6208_GetMotorHandle
                0x08005be4       0x10 ./Drivers/BSP/X-NUCLEO-IHMxx/x_nucleo_ihmxx.o
                0x08005be4                L6208_GetMotorHandle
 .text.Stspin220_GetMotorHandle
                0x08005bf4       0x10 ./Drivers/BSP/X-NUCLEO-IHMxx/x_nucleo_ihmxx.o
                0x08005bf4                Stspin220_GetMotorHandle
 .text.Stspin240_250_GetMotorHandle
                0x08005c04       0x10 ./Drivers/BSP/X-NUCLEO-IHMxx/x_nucleo_ihmxx.o
                0x08005c04                Stspin240_250_GetMotorHandle
 .text.BSP_MotorControl_AttachErrorHandler
                0x08005c14       0x3c ./Drivers/BSP/X-NUCLEO-IHMxx/x_nucleo_ihmxx.o
                0x08005c14                BSP_MotorControl_AttachErrorHandler
 .text.BSP_MotorControl_AttachFlagInterrupt
                0x08005c50       0x3c ./Drivers/BSP/X-NUCLEO-IHMxx/x_nucleo_ihmxx.o
                0x08005c50                BSP_MotorControl_AttachFlagInterrupt
 .text.BSP_MotorControl_AttachBusyInterrupt
                0x08005c8c       0x3c ./Drivers/BSP/X-NUCLEO-IHMxx/x_nucleo_ihmxx.o
                0x08005c8c                BSP_MotorControl_AttachBusyInterrupt
 .text.BSP_MotorControl_ErrorHandler
                0x08005cc8       0x3c ./Drivers/BSP/X-NUCLEO-IHMxx/x_nucleo_ihmxx.o
                0x08005cc8                BSP_MotorControl_ErrorHandler
 .text.BSP_MotorControl_Init
                0x08005d04       0x40 ./Drivers/BSP/X-NUCLEO-IHMxx/x_nucleo_ihmxx.o
                0x08005d04                BSP_MotorControl_Init
 .text.BSP_MotorControl_CmdGetStatus
                0x08005d44       0x4c ./Drivers/BSP/X-NUCLEO-IHMxx/x_nucleo_ihmxx.o
                0x08005d44                BSP_MotorControl_CmdGetStatus
 .text.BSP_MotorControl_CheckBusyHw
                0x08005d90       0x44 ./Drivers/BSP/X-NUCLEO-IHMxx/x_nucleo_ihmxx.o
                0x08005d90                BSP_MotorControl_CheckBusyHw
 .text.BSP_MotorControl_CmdSoftHiZ
                0x08005dd4       0x44 ./Drivers/BSP/X-NUCLEO-IHMxx/x_nucleo_ihmxx.o
                0x08005dd4                BSP_MotorControl_CmdSoftHiZ
 .text.BSP_MotorControl_SetNbDevices
                0x08005e18      0x11c ./Drivers/BSP/X-NUCLEO-IHMxx/x_nucleo_ihmxx.o
                0x08005e18                BSP_MotorControl_SetNbDevices
 .text.HAL_Init
                0x08005f34       0x2c ./Drivers/STM32F7xx_HAL_Driver/Src/stm32f7xx_hal.o
                0x08005f34                HAL_Init
 .text.HAL_InitTick
                0x08005f60       0x60 ./Drivers/STM32F7xx_HAL_Driver/Src/stm32f7xx_hal.o
                0x08005f60                HAL_InitTick
 .text.HAL_IncTick
                0x08005fc0       0x28 ./Drivers/STM32F7xx_HAL_Driver/Src/stm32f7xx_hal.o
                0x08005fc0                HAL_IncTick
 .text.HAL_GetTick
                0x08005fe8       0x18 ./Drivers/STM32F7xx_HAL_Driver/Src/stm32f7xx_hal.o
                0x08005fe8                HAL_GetTick
 .text.HAL_Delay
                0x08006000       0x48 ./Drivers/STM32F7xx_HAL_Driver/Src/stm32f7xx_hal.o
                0x08006000                HAL_Delay
 .text.__NVIC_SetPriorityGrouping
                0x08006048       0x48 ./Drivers/STM32F7xx_HAL_Driver/Src/stm32f7xx_hal_cortex.o
 .text.__NVIC_GetPriorityGrouping
                0x08006090       0x1c ./Drivers/STM32F7xx_HAL_Driver/Src/stm32f7xx_hal_cortex.o
 .text.__NVIC_EnableIRQ
                0x080060ac       0x3c ./Drivers/STM32F7xx_HAL_Driver/Src/stm32f7xx_hal_cortex.o
 .text.__NVIC_SetPriority
                0x080060e8       0x54 ./Drivers/STM32F7xx_HAL_Driver/Src/stm32f7xx_hal_cortex.o
 .text.NVIC_EncodePriority
                0x0800613c       0x66 ./Drivers/STM32F7xx_HAL_Driver/Src/stm32f7xx_hal_cortex.o
 *fill*         0x080061a2        0x2 
 .text.SysTick_Config
                0x080061a4       0x44 ./Drivers/STM32F7xx_HAL_Driver/Src/stm32f7xx_hal_cortex.o
 .text.HAL_NVIC_SetPriorityGrouping
                0x080061e8       0x16 ./Drivers/STM32F7xx_HAL_Driver/Src/stm32f7xx_hal_cortex.o
                0x080061e8                HAL_NVIC_SetPriorityGrouping
 .text.HAL_NVIC_SetPriority
                0x080061fe       0x38 ./Drivers/STM32F7xx_HAL_Driver/Src/stm32f7xx_hal_cortex.o
                0x080061fe                HAL_NVIC_SetPriority
 .text.HAL_NVIC_EnableIRQ
                0x08006236       0x1c ./Drivers/STM32F7xx_HAL_Driver/Src/stm32f7xx_hal_cortex.o
                0x08006236                HAL_NVIC_EnableIRQ
 .text.HAL_SYSTICK_Config
                0x08006252       0x18 ./Drivers/STM32F7xx_HAL_Driver/Src/stm32f7xx_hal_cortex.o
                0x08006252                HAL_SYSTICK_Config
 *fill*         0x0800626a        0x2 
 .text.HAL_MPU_Disable
                0x0800626c       0x30 ./Drivers/STM32F7xx_HAL_Driver/Src/stm32f7xx_hal_cortex.o
                0x0800626c                HAL_MPU_Disable
 .text.HAL_MPU_Enable
                0x0800629c       0x40 ./Drivers/STM32F7xx_HAL_Driver/Src/stm32f7xx_hal_cortex.o
                0x0800629c                HAL_MPU_Enable
 .text.HAL_MPU_ConfigRegion
                0x080062dc       0x80 ./Drivers/STM32F7xx_HAL_Driver/Src/stm32f7xx_hal_cortex.o
                0x080062dc                HAL_MPU_ConfigRegion
 .text.HAL_CRC_Init
                0x0800635c       0xc8 ./Drivers/STM32F7xx_HAL_Driver/Src/stm32f7xx_hal_crc.o
                0x0800635c                HAL_CRC_Init
 .text.HAL_CRCEx_Polynomial_Set
                0x08006424      0x11c ./Drivers/STM32F7xx_HAL_Driver/Src/stm32f7xx_hal_crc_ex.o
                0x08006424                HAL_CRCEx_Polynomial_Set
 .text.HAL_DMA_Init
                0x08006540      0x15c ./Drivers/STM32F7xx_HAL_Driver/Src/stm32f7xx_hal_dma.o
                0x08006540                HAL_DMA_Init
 .text.HAL_DMA_DeInit
                0x0800669c       0xbc ./Drivers/STM32F7xx_HAL_Driver/Src/stm32f7xx_hal_dma.o
                0x0800669c                HAL_DMA_DeInit
 .text.DMA_CalcBaseAndBitshift
                0x08006758       0x6c ./Drivers/STM32F7xx_HAL_Driver/Src/stm32f7xx_hal_dma.o
 .text.DMA_CheckFifoParam
                0x080067c4       0xf8 ./Drivers/STM32F7xx_HAL_Driver/Src/stm32f7xx_hal_dma.o
 .text.HAL_DMA2D_Init
                0x080068bc       0x94 ./Drivers/STM32F7xx_HAL_Driver/Src/stm32f7xx_hal_dma2d.o
                0x080068bc                HAL_DMA2D_Init
 .text.HAL_DMA2D_Start
                0x08006950       0x56 ./Drivers/STM32F7xx_HAL_Driver/Src/stm32f7xx_hal_dma2d.o
                0x08006950                HAL_DMA2D_Start
 .text.HAL_DMA2D_PollForTransfer
                0x080069a6      0x1d2 ./Drivers/STM32F7xx_HAL_Driver/Src/stm32f7xx_hal_dma2d.o
                0x080069a6                HAL_DMA2D_PollForTransfer
 .text.HAL_DMA2D_IRQHandler
                0x08006b78      0x1f8 ./Drivers/STM32F7xx_HAL_Driver/Src/stm32f7xx_hal_dma2d.o
                0x08006b78                HAL_DMA2D_IRQHandler
 .text.HAL_DMA2D_LineEventCallback
                0x08006d70       0x14 ./Drivers/STM32F7xx_HAL_Driver/Src/stm32f7xx_hal_dma2d.o
                0x08006d70                HAL_DMA2D_LineEventCallback
 .text.HAL_DMA2D_CLUTLoadingCpltCallback
                0x08006d84       0x14 ./Drivers/STM32F7xx_HAL_Driver/Src/stm32f7xx_hal_dma2d.o
                0x08006d84                HAL_DMA2D_CLUTLoadingCpltCallback
 .text.HAL_DMA2D_ConfigLayer
                0x08006d98      0x124 ./Drivers/STM32F7xx_HAL_Driver/Src/stm32f7xx_hal_dma2d.o
                0x08006d98                HAL_DMA2D_ConfigLayer
 .text.DMA2D_SetConfig
                0x08006ebc      0x138 ./Drivers/STM32F7xx_HAL_Driver/Src/stm32f7xx_hal_dma2d.o
 .text.HAL_GPIO_Init
                0x08006ff4      0x358 ./Drivers/STM32F7xx_HAL_Driver/Src/stm32f7xx_hal_gpio.o
                0x08006ff4                HAL_GPIO_Init
 .text.HAL_GPIO_DeInit
                0x0800734c      0x218 ./Drivers/STM32F7xx_HAL_Driver/Src/stm32f7xx_hal_gpio.o
                0x0800734c                HAL_GPIO_DeInit
 .text.HAL_GPIO_ReadPin
                0x08007564       0x30 ./Drivers/STM32F7xx_HAL_Driver/Src/stm32f7xx_hal_gpio.o
                0x08007564                HAL_GPIO_ReadPin
 .text.HAL_GPIO_WritePin
                0x08007594       0x32 ./Drivers/STM32F7xx_HAL_Driver/Src/stm32f7xx_hal_gpio.o
                0x08007594                HAL_GPIO_WritePin
 *fill*         0x080075c6        0x2 
 .text.HAL_GPIO_EXTI_IRQHandler
                0x080075c8       0x30 ./Drivers/STM32F7xx_HAL_Driver/Src/stm32f7xx_hal_gpio.o
                0x080075c8                HAL_GPIO_EXTI_IRQHandler
 .text.HAL_GPIO_EXTI_Callback
                0x080075f8       0x16 ./Drivers/STM32F7xx_HAL_Driver/Src/stm32f7xx_hal_gpio.o
                0x080075f8                HAL_GPIO_EXTI_Callback
 *fill*         0x0800760e        0x2 
 .text.HAL_I2C_Init
                0x08007610      0x138 ./Drivers/STM32F7xx_HAL_Driver/Src/stm32f7xx_hal_i2c.o
                0x08007610                HAL_I2C_Init
 .text.HAL_I2C_DeInit
                0x08007748       0x5e ./Drivers/STM32F7xx_HAL_Driver/Src/stm32f7xx_hal_i2c.o
                0x08007748                HAL_I2C_DeInit
 *fill*         0x080077a6        0x2 
 .text.HAL_I2C_Mem_Write
                0x080077a8      0x228 ./Drivers/STM32F7xx_HAL_Driver/Src/stm32f7xx_hal_i2c.o
                0x080077a8                HAL_I2C_Mem_Write
 .text.HAL_I2C_Mem_Read
                0x080079d0      0x234 ./Drivers/STM32F7xx_HAL_Driver/Src/stm32f7xx_hal_i2c.o
                0x080079d0                HAL_I2C_Mem_Read
 .text.HAL_I2C_GetState
                0x08007c04       0x1c ./Drivers/STM32F7xx_HAL_Driver/Src/stm32f7xx_hal_i2c.o
                0x08007c04                HAL_I2C_GetState
 .text.I2C_RequestMemoryWrite
                0x08007c20       0xa8 ./Drivers/STM32F7xx_HAL_Driver/Src/stm32f7xx_hal_i2c.o
 .text.I2C_RequestMemoryRead
                0x08007cc8       0xa8 ./Drivers/STM32F7xx_HAL_Driver/Src/stm32f7xx_hal_i2c.o
 .text.I2C_Flush_TXDR
                0x08007d70       0x48 ./Drivers/STM32F7xx_HAL_Driver/Src/stm32f7xx_hal_i2c.o
 .text.I2C_WaitOnFlagUntilTimeout
                0x08007db8       0xb2 ./Drivers/STM32F7xx_HAL_Driver/Src/stm32f7xx_hal_i2c.o
 .text.I2C_WaitOnTXISFlagUntilTimeout
                0x08007e6a       0x8e ./Drivers/STM32F7xx_HAL_Driver/Src/stm32f7xx_hal_i2c.o
 .text.I2C_WaitOnSTOPFlagUntilTimeout
                0x08007ef8       0x86 ./Drivers/STM32F7xx_HAL_Driver/Src/stm32f7xx_hal_i2c.o
 *fill*         0x08007f7e        0x2 
 .text.I2C_IsErrorOccurred
                0x08007f80      0x1c0 ./Drivers/STM32F7xx_HAL_Driver/Src/stm32f7xx_hal_i2c.o
 .text.I2C_TransferConfig
                0x08008140       0x64 ./Drivers/STM32F7xx_HAL_Driver/Src/stm32f7xx_hal_i2c.o
 .text.HAL_LTDC_Init
                0x080081a4      0x1a0 ./Drivers/STM32F7xx_HAL_Driver/Src/stm32f7xx_hal_ltdc.o
                0x080081a4                HAL_LTDC_Init
 .text.HAL_LTDC_IRQHandler
                0x08008344      0x148 ./Drivers/STM32F7xx_HAL_Driver/Src/stm32f7xx_hal_ltdc.o
                0x08008344                HAL_LTDC_IRQHandler
 .text.HAL_LTDC_ErrorCallback
                0x0800848c       0x14 ./Drivers/STM32F7xx_HAL_Driver/Src/stm32f7xx_hal_ltdc.o
                0x0800848c                HAL_LTDC_ErrorCallback
 .text.HAL_LTDC_LineEventCallback
                0x080084a0       0x14 ./Drivers/STM32F7xx_HAL_Driver/Src/stm32f7xx_hal_ltdc.o
                0x080084a0                HAL_LTDC_LineEventCallback
 .text.HAL_LTDC_ReloadEventCallback
                0x080084b4       0x14 ./Drivers/STM32F7xx_HAL_Driver/Src/stm32f7xx_hal_ltdc.o
                0x080084b4                HAL_LTDC_ReloadEventCallback
 .text.HAL_LTDC_ConfigLayer
                0x080084c8       0x7c ./Drivers/STM32F7xx_HAL_Driver/Src/stm32f7xx_hal_ltdc.o
                0x080084c8                HAL_LTDC_ConfigLayer
 .text.HAL_LTDC_GetState
                0x08008544       0x1c ./Drivers/STM32F7xx_HAL_Driver/Src/stm32f7xx_hal_ltdc.o
                0x08008544                HAL_LTDC_GetState
 .text.LTDC_SetConfig
                0x08008560      0x334 ./Drivers/STM32F7xx_HAL_Driver/Src/stm32f7xx_hal_ltdc.o
 .text.HAL_PWREx_EnableOverDrive
                0x08008894       0xa0 ./Drivers/STM32F7xx_HAL_Driver/Src/stm32f7xx_hal_pwr_ex.o
                0x08008894                HAL_PWREx_EnableOverDrive
 .text.HAL_QSPI_Init
                0x08008934       0xf8 ./Drivers/STM32F7xx_HAL_Driver/Src/stm32f7xx_hal_qspi.o
                0x08008934                HAL_QSPI_Init
 .text.HAL_QSPI_SetTimeout
                0x08008a2c       0x1c ./Drivers/STM32F7xx_HAL_Driver/Src/stm32f7xx_hal_qspi.o
                0x08008a2c                HAL_QSPI_SetTimeout
 .text.QSPI_WaitFlagStateUntilTimeout
                0x08008a48       0x6e ./Drivers/STM32F7xx_HAL_Driver/Src/stm32f7xx_hal_qspi.o
 *fill*         0x08008ab6        0x2 
 .text.HAL_RCC_OscConfig
                0x08008ab8      0x548 ./Drivers/STM32F7xx_HAL_Driver/Src/stm32f7xx_hal_rcc.o
                0x08008ab8                HAL_RCC_OscConfig
 .text.HAL_RCC_ClockConfig
                0x08009000      0x1d8 ./Drivers/STM32F7xx_HAL_Driver/Src/stm32f7xx_hal_rcc.o
                0x08009000                HAL_RCC_ClockConfig
 .text.HAL_RCC_GetSysClockFreq
                0x080091d8      0x18c ./Drivers/STM32F7xx_HAL_Driver/Src/stm32f7xx_hal_rcc.o
                0x080091d8                HAL_RCC_GetSysClockFreq
 .text.HAL_RCC_GetHCLKFreq
                0x08009364       0x18 ./Drivers/STM32F7xx_HAL_Driver/Src/stm32f7xx_hal_rcc.o
                0x08009364                HAL_RCC_GetHCLKFreq
 .text.HAL_RCC_GetPCLK1Freq
                0x0800937c       0x28 ./Drivers/STM32F7xx_HAL_Driver/Src/stm32f7xx_hal_rcc.o
                0x0800937c                HAL_RCC_GetPCLK1Freq
 .text.HAL_RCC_GetPCLK2Freq
                0x080093a4       0x28 ./Drivers/STM32F7xx_HAL_Driver/Src/stm32f7xx_hal_rcc.o
                0x080093a4                HAL_RCC_GetPCLK2Freq
 .text.HAL_RCCEx_PeriphCLKConfig
                0x080093cc      0x7e0 ./Drivers/STM32F7xx_HAL_Driver/Src/stm32f7xx_hal_rcc_ex.o
                0x080093cc                HAL_RCCEx_PeriphCLKConfig
 .text.HAL_SDRAM_Init
                0x08009bac       0x68 ./Drivers/STM32F7xx_HAL_Driver/Src/stm32f7xx_hal_sdram.o
                0x08009bac                HAL_SDRAM_Init
 .text.HAL_SDRAM_SendCommand
                0x08009c14       0x6a ./Drivers/STM32F7xx_HAL_Driver/Src/stm32f7xx_hal_sdram.o
                0x08009c14                HAL_SDRAM_SendCommand
 .text.HAL_SDRAM_ProgramRefreshRate
                0x08009c7e       0x50 ./Drivers/STM32F7xx_HAL_Driver/Src/stm32f7xx_hal_sdram.o
                0x08009c7e                HAL_SDRAM_ProgramRefreshRate
 *fill*         0x08009cce        0x2 
 .text.HAL_SPI_Init
                0x08009cd0      0x1c4 ./Drivers/STM32F7xx_HAL_Driver/Src/stm32f7xx_hal_spi.o
                0x08009cd0                HAL_SPI_Init
 .text.HAL_SPI_TransmitReceive
                0x08009e94      0x444 ./Drivers/STM32F7xx_HAL_Driver/Src/stm32f7xx_hal_spi.o
                0x08009e94                HAL_SPI_TransmitReceive
 .text.HAL_SPI_TxCpltCallback
                0x0800a2d8       0x14 ./Drivers/STM32F7xx_HAL_Driver/Src/stm32f7xx_hal_spi.o
                0x0800a2d8                HAL_SPI_TxCpltCallback
 .text.HAL_SPI_RxCpltCallback
                0x0800a2ec       0x14 ./Drivers/STM32F7xx_HAL_Driver/Src/stm32f7xx_hal_spi.o
                0x0800a2ec                HAL_SPI_RxCpltCallback
 .text.HAL_SPI_TxRxCpltCallback
                0x0800a300       0x14 ./Drivers/STM32F7xx_HAL_Driver/Src/stm32f7xx_hal_spi.o
                0x0800a300                HAL_SPI_TxRxCpltCallback
 .text.HAL_SPI_TxHalfCpltCallback
                0x0800a314       0x14 ./Drivers/STM32F7xx_HAL_Driver/Src/stm32f7xx_hal_spi.o
                0x0800a314                HAL_SPI_TxHalfCpltCallback
 .text.HAL_SPI_RxHalfCpltCallback
                0x0800a328       0x14 ./Drivers/STM32F7xx_HAL_Driver/Src/stm32f7xx_hal_spi.o
                0x0800a328                HAL_SPI_RxHalfCpltCallback
 .text.HAL_SPI_TxRxHalfCpltCallback
                0x0800a33c       0x14 ./Drivers/STM32F7xx_HAL_Driver/Src/stm32f7xx_hal_spi.o
                0x0800a33c                HAL_SPI_TxRxHalfCpltCallback
 .text.HAL_SPI_ErrorCallback
                0x0800a350       0x14 ./Drivers/STM32F7xx_HAL_Driver/Src/stm32f7xx_hal_spi.o
                0x0800a350                HAL_SPI_ErrorCallback
 .text.HAL_SPI_AbortCpltCallback
                0x0800a364       0x14 ./Drivers/STM32F7xx_HAL_Driver/Src/stm32f7xx_hal_spi.o
                0x0800a364                HAL_SPI_AbortCpltCallback
 .text.SPI_WaitFlagStateUntilTimeout
                0x0800a378      0x110 ./Drivers/STM32F7xx_HAL_Driver/Src/stm32f7xx_hal_spi.o
 .text.SPI_WaitFifoStateUntilTimeout
                0x0800a488      0x12c ./Drivers/STM32F7xx_HAL_Driver/Src/stm32f7xx_hal_spi.o
 .text.SPI_EndRxTxTransaction
                0x0800a5b4       0xd4 ./Drivers/STM32F7xx_HAL_Driver/Src/stm32f7xx_hal_spi.o
 .text.HAL_TIM_Base_Init
                0x0800a688       0xc8 ./Drivers/STM32F7xx_HAL_Driver/Src/stm32f7xx_hal_tim.o
                0x0800a688                HAL_TIM_Base_Init
 .text.HAL_TIM_PWM_Init
                0x0800a750       0xc8 ./Drivers/STM32F7xx_HAL_Driver/Src/stm32f7xx_hal_tim.o
                0x0800a750                HAL_TIM_PWM_Init
 .text.HAL_TIM_PWM_MspInit
                0x0800a818       0x14 ./Drivers/STM32F7xx_HAL_Driver/Src/stm32f7xx_hal_tim.o
                0x0800a818                HAL_TIM_PWM_MspInit
 .text.HAL_TIM_PWM_Start_IT
                0x0800a82c      0x290 ./Drivers/STM32F7xx_HAL_Driver/Src/stm32f7xx_hal_tim.o
                0x0800a82c                HAL_TIM_PWM_Start_IT
 .text.HAL_TIM_PWM_Stop_IT
                0x0800aabc      0x19c ./Drivers/STM32F7xx_HAL_Driver/Src/stm32f7xx_hal_tim.o
                0x0800aabc                HAL_TIM_PWM_Stop_IT
 .text.HAL_TIM_IRQHandler
                0x0800ac58      0x252 ./Drivers/STM32F7xx_HAL_Driver/Src/stm32f7xx_hal_tim.o
                0x0800ac58                HAL_TIM_IRQHandler
 *fill*         0x0800aeaa        0x2 
 .text.HAL_TIM_PWM_ConfigChannel
                0x0800aeac      0x228 ./Drivers/STM32F7xx_HAL_Driver/Src/stm32f7xx_hal_tim.o
                0x0800aeac                HAL_TIM_PWM_ConfigChannel
 .text.HAL_TIM_ConfigClockSource
                0x0800b0d4      0x194 ./Drivers/STM32F7xx_HAL_Driver/Src/stm32f7xx_hal_tim.o
                0x0800b0d4                HAL_TIM_ConfigClockSource
 .text.HAL_TIM_PeriodElapsedCallback
                0x0800b268       0x14 ./Drivers/STM32F7xx_HAL_Driver/Src/stm32f7xx_hal_tim.o
                0x0800b268                HAL_TIM_PeriodElapsedCallback
 .text.HAL_TIM_PeriodElapsedHalfCpltCallback
                0x0800b27c       0x14 ./Drivers/STM32F7xx_HAL_Driver/Src/stm32f7xx_hal_tim.o
                0x0800b27c                HAL_TIM_PeriodElapsedHalfCpltCallback
 .text.HAL_TIM_OC_DelayElapsedCallback
                0x0800b290       0x14 ./Drivers/STM32F7xx_HAL_Driver/Src/stm32f7xx_hal_tim.o
                0x0800b290                HAL_TIM_OC_DelayElapsedCallback
 .text.HAL_TIM_IC_CaptureCallback
                0x0800b2a4       0x14 ./Drivers/STM32F7xx_HAL_Driver/Src/stm32f7xx_hal_tim.o
                0x0800b2a4                HAL_TIM_IC_CaptureCallback
 .text.HAL_TIM_IC_CaptureHalfCpltCallback
                0x0800b2b8       0x14 ./Drivers/STM32F7xx_HAL_Driver/Src/stm32f7xx_hal_tim.o
                0x0800b2b8                HAL_TIM_IC_CaptureHalfCpltCallback
 .text.HAL_TIM_PWM_PulseFinishedCallback
                0x0800b2cc       0x14 ./Drivers/STM32F7xx_HAL_Driver/Src/stm32f7xx_hal_tim.o
                0x0800b2cc                HAL_TIM_PWM_PulseFinishedCallback
 .text.HAL_TIM_PWM_PulseFinishedHalfCpltCallback
                0x0800b2e0       0x14 ./Drivers/STM32F7xx_HAL_Driver/Src/stm32f7xx_hal_tim.o
                0x0800b2e0                HAL_TIM_PWM_PulseFinishedHalfCpltCallback
 .text.HAL_TIM_TriggerCallback
                0x0800b2f4       0x14 ./Drivers/STM32F7xx_HAL_Driver/Src/stm32f7xx_hal_tim.o
                0x0800b2f4                HAL_TIM_TriggerCallback
 .text.HAL_TIM_TriggerHalfCpltCallback
                0x0800b308       0x14 ./Drivers/STM32F7xx_HAL_Driver/Src/stm32f7xx_hal_tim.o
                0x0800b308                HAL_TIM_TriggerHalfCpltCallback
 .text.HAL_TIM_ErrorCallback
                0x0800b31c       0x14 ./Drivers/STM32F7xx_HAL_Driver/Src/stm32f7xx_hal_tim.o
                0x0800b31c                HAL_TIM_ErrorCallback
 .text.TIM_Base_SetConfig
                0x0800b330      0x158 ./Drivers/STM32F7xx_HAL_Driver/Src/stm32f7xx_hal_tim.o
                0x0800b330                TIM_Base_SetConfig
 .text.TIM_OC1_SetConfig
                0x0800b488       0xe4 ./Drivers/STM32F7xx_HAL_Driver/Src/stm32f7xx_hal_tim.o
 .text.TIM_OC2_SetConfig
                0x0800b56c       0xf0 ./Drivers/STM32F7xx_HAL_Driver/Src/stm32f7xx_hal_tim.o
                0x0800b56c                TIM_OC2_SetConfig
 .text.TIM_OC3_SetConfig
                0x0800b65c       0xec ./Drivers/STM32F7xx_HAL_Driver/Src/stm32f7xx_hal_tim.o
 .text.TIM_OC4_SetConfig
                0x0800b748       0xb0 ./Drivers/STM32F7xx_HAL_Driver/Src/stm32f7xx_hal_tim.o
 .text.TIM_OC5_SetConfig
                0x0800b7f8       0xa4 ./Drivers/STM32F7xx_HAL_Driver/Src/stm32f7xx_hal_tim.o
 .text.TIM_OC6_SetConfig
                0x0800b89c       0xa8 ./Drivers/STM32F7xx_HAL_Driver/Src/stm32f7xx_hal_tim.o
 .text.TIM_TI1_ConfigInputStage
                0x0800b944       0x5e ./Drivers/STM32F7xx_HAL_Driver/Src/stm32f7xx_hal_tim.o
 .text.TIM_TI2_ConfigInputStage
                0x0800b9a2       0x60 ./Drivers/STM32F7xx_HAL_Driver/Src/stm32f7xx_hal_tim.o
 .text.TIM_ITRx_SetConfig
                0x0800ba02       0x36 ./Drivers/STM32F7xx_HAL_Driver/Src/stm32f7xx_hal_tim.o
 .text.TIM_ETR_SetConfig
                0x0800ba38       0x40 ./Drivers/STM32F7xx_HAL_Driver/Src/stm32f7xx_hal_tim.o
                0x0800ba38                TIM_ETR_SetConfig
 .text.TIM_CCxChannelCmd
                0x0800ba78       0x4a ./Drivers/STM32F7xx_HAL_Driver/Src/stm32f7xx_hal_tim.o
                0x0800ba78                TIM_CCxChannelCmd
 *fill*         0x0800bac2        0x2 
 .text.TIM_ResetCallback
                0x0800bac4       0xbc ./Drivers/STM32F7xx_HAL_Driver/Src/stm32f7xx_hal_tim.o
                0x0800bac4                TIM_ResetCallback
 .text.HAL_TIMEx_MasterConfigSynchronization
                0x0800bb80      0x11c ./Drivers/STM32F7xx_HAL_Driver/Src/stm32f7xx_hal_tim_ex.o
                0x0800bb80                HAL_TIMEx_MasterConfigSynchronization
 .text.HAL_TIMEx_CommutCallback
                0x0800bc9c       0x14 ./Drivers/STM32F7xx_HAL_Driver/Src/stm32f7xx_hal_tim_ex.o
                0x0800bc9c                HAL_TIMEx_CommutCallback
 .text.HAL_TIMEx_CommutHalfCpltCallback
                0x0800bcb0       0x14 ./Drivers/STM32F7xx_HAL_Driver/Src/stm32f7xx_hal_tim_ex.o
                0x0800bcb0                HAL_TIMEx_CommutHalfCpltCallback
 .text.HAL_TIMEx_BreakCallback
                0x0800bcc4       0x14 ./Drivers/STM32F7xx_HAL_Driver/Src/stm32f7xx_hal_tim_ex.o
                0x0800bcc4                HAL_TIMEx_BreakCallback
 .text.HAL_TIMEx_Break2Callback
                0x0800bcd8       0x14 ./Drivers/STM32F7xx_HAL_Driver/Src/stm32f7xx_hal_tim_ex.o
                0x0800bcd8                HAL_TIMEx_Break2Callback
 .text.HAL_UART_Init
                0x0800bcec       0xbc ./Drivers/STM32F7xx_HAL_Driver/Src/stm32f7xx_hal_uart.o
                0x0800bcec                HAL_UART_Init
 .text.HAL_UART_TxCpltCallback
                0x0800bda8       0x14 ./Drivers/STM32F7xx_HAL_Driver/Src/stm32f7xx_hal_uart.o
                0x0800bda8                HAL_UART_TxCpltCallback
 .text.HAL_UART_TxHalfCpltCallback
                0x0800bdbc       0x14 ./Drivers/STM32F7xx_HAL_Driver/Src/stm32f7xx_hal_uart.o
                0x0800bdbc                HAL_UART_TxHalfCpltCallback
 .text.HAL_UART_RxCpltCallback
                0x0800bdd0       0x14 ./Drivers/STM32F7xx_HAL_Driver/Src/stm32f7xx_hal_uart.o
                0x0800bdd0                HAL_UART_RxCpltCallback
 .text.HAL_UART_RxHalfCpltCallback
                0x0800bde4       0x14 ./Drivers/STM32F7xx_HAL_Driver/Src/stm32f7xx_hal_uart.o
                0x0800bde4                HAL_UART_RxHalfCpltCallback
 .text.HAL_UART_ErrorCallback
                0x0800bdf8       0x14 ./Drivers/STM32F7xx_HAL_Driver/Src/stm32f7xx_hal_uart.o
                0x0800bdf8                HAL_UART_ErrorCallback
 .text.HAL_UART_AbortCpltCallback
                0x0800be0c       0x14 ./Drivers/STM32F7xx_HAL_Driver/Src/stm32f7xx_hal_uart.o
                0x0800be0c                HAL_UART_AbortCpltCallback
 .text.HAL_UART_AbortTransmitCpltCallback
                0x0800be20       0x14 ./Drivers/STM32F7xx_HAL_Driver/Src/stm32f7xx_hal_uart.o
                0x0800be20                HAL_UART_AbortTransmitCpltCallback
 .text.HAL_UART_AbortReceiveCpltCallback
                0x0800be34       0x14 ./Drivers/STM32F7xx_HAL_Driver/Src/stm32f7xx_hal_uart.o
                0x0800be34                HAL_UART_AbortReceiveCpltCallback
 .text.HAL_UARTEx_RxEventCallback
                0x0800be48       0x18 ./Drivers/STM32F7xx_HAL_Driver/Src/stm32f7xx_hal_uart.o
                0x0800be48                HAL_UARTEx_RxEventCallback
 .text.UART_InitCallbacksToDefault
                0x0800be60       0x80 ./Drivers/STM32F7xx_HAL_Driver/Src/stm32f7xx_hal_uart.o
                0x0800be60                UART_InitCallbacksToDefault
 .text.UART_SetConfig
                0x0800bee0      0x4c8 ./Drivers/STM32F7xx_HAL_Driver/Src/stm32f7xx_hal_uart.o
                0x0800bee0                UART_SetConfig
 .text.UART_AdvFeatureConfig
                0x0800c3a8      0x144 ./Drivers/STM32F7xx_HAL_Driver/Src/stm32f7xx_hal_uart.o
                0x0800c3a8                UART_AdvFeatureConfig
 .text.UART_CheckIdleState
                0x0800c4ec       0xae ./Drivers/STM32F7xx_HAL_Driver/Src/stm32f7xx_hal_uart.o
                0x0800c4ec                UART_CheckIdleState
 .text.UART_WaitOnFlagUntilTimeout
                0x0800c59a       0xda ./Drivers/STM32F7xx_HAL_Driver/Src/stm32f7xx_hal_uart.o
                0x0800c59a                UART_WaitOnFlagUntilTimeout
 .text.UART_EndRxTransfer
                0x0800c674       0xc8 ./Drivers/STM32F7xx_HAL_Driver/Src/stm32f7xx_hal_uart.o
 .text.FMC_SDRAM_Init
                0x0800c73c       0xb8 ./Drivers/STM32F7xx_HAL_Driver/Src/stm32f7xx_ll_fmc.o
                0x0800c73c                FMC_SDRAM_Init
 .text.FMC_SDRAM_Timing_Init
                0x0800c7f4       0xd4 ./Drivers/STM32F7xx_HAL_Driver/Src/stm32f7xx_ll_fmc.o
                0x0800c7f4                FMC_SDRAM_Timing_Init
 .text.FMC_SDRAM_SendCommand
                0x0800c8c8       0x48 ./Drivers/STM32F7xx_HAL_Driver/Src/stm32f7xx_ll_fmc.o
                0x0800c8c8                FMC_SDRAM_SendCommand
 .text.FMC_SDRAM_ProgramRefreshRate
                0x0800c910       0x30 ./Drivers/STM32F7xx_HAL_Driver/Src/stm32f7xx_ll_fmc.o
                0x0800c910                FMC_SDRAM_ProgramRefreshRate
 .text.memset   0x0800c940       0x10 D:/Programy/STMicroelectronics/STM32CubeIDE_1.10.1/STM32CubeIDE/plugins/com.st.stm32cube.ide.mcu.externaltools.gnu-tools-for-stm32.12.3.rel1.win32_1.0.200.202406191623/tools/bin/../lib/gcc/arm-none-eabi/12.3.1/../../../../arm-none-eabi/lib/thumb/v7e-m+fp/hard\libc_nano.a(libc_a-memset.o)
                0x0800c940                memset
 .text.__libc_init_array
                0x0800c950       0x48 D:/Programy/STMicroelectronics/STM32CubeIDE_1.10.1/STM32CubeIDE/plugins/com.st.stm32cube.ide.mcu.externaltools.gnu-tools-for-stm32.12.3.rel1.win32_1.0.200.202406191623/tools/bin/../lib/gcc/arm-none-eabi/12.3.1/../../../../arm-none-eabi/lib/thumb/v7e-m+fp/hard\libc_nano.a(libc_a-init.o)
                0x0800c950                __libc_init_array
 *(.glue_7)
 .glue_7        0x0800c998        0x0 linker stubs
 *(.glue_7t)
 .glue_7t       0x0800c998        0x0 linker stubs
 *(.eh_frame)
 .eh_frame      0x0800c998        0x0 D:/Programy/STMicroelectronics/STM32CubeIDE_1.10.1/STM32CubeIDE/plugins/com.st.stm32cube.ide.mcu.externaltools.gnu-tools-for-stm32.12.3.rel1.win32_1.0.200.202406191623/tools/bin/../lib/gcc/arm-none-eabi/12.3.1/thumb/v7e-m+fp/hard/crtbegin.o
 *(.init)
 .init          0x0800c998        0x4 D:/Programy/STMicroelectronics/STM32CubeIDE_1.10.1/STM32CubeIDE/plugins/com.st.stm32cube.ide.mcu.externaltools.gnu-tools-for-stm32.12.3.rel1.win32_1.0.200.202406191623/tools/bin/../lib/gcc/arm-none-eabi/12.3.1/thumb/v7e-m+fp/hard/crti.o
                0x0800c998                _init
 .init          0x0800c99c        0x8 D:/Programy/STMicroelectronics/STM32CubeIDE_1.10.1/STM32CubeIDE/plugins/com.st.stm32cube.ide.mcu.externaltools.gnu-tools-for-stm32.12.3.rel1.win32_1.0.200.202406191623/tools/bin/../lib/gcc/arm-none-eabi/12.3.1/thumb/v7e-m+fp/hard/crtn.o
 *(.fini)
 .fini          0x0800c9a4        0x4 D:/Programy/STMicroelectronics/STM32CubeIDE_1.10.1/STM32CubeIDE/plugins/com.st.stm32cube.ide.mcu.externaltools.gnu-tools-for-stm32.12.3.rel1.win32_1.0.200.202406191623/tools/bin/../lib/gcc/arm-none-eabi/12.3.1/thumb/v7e-m+fp/hard/crti.o
                0x0800c9a4                _fini
 .fini          0x0800c9a8        0x8 D:/Programy/STMicroelectronics/STM32CubeIDE_1.10.1/STM32CubeIDE/plugins/com.st.stm32cube.ide.mcu.externaltools.gnu-tools-for-stm32.12.3.rel1.win32_1.0.200.202406191623/tools/bin/../lib/gcc/arm-none-eabi/12.3.1/thumb/v7e-m+fp/hard/crtn.o
                0x0800c9b0                        . = ALIGN (0x4)
                0x0800c9b0                        _etext = .

.vfp11_veneer   0x0800c9b0        0x0
 .vfp11_veneer  0x0800c9b0        0x0 linker stubs

.v4_bx          0x0800c9b0        0x0
 .v4_bx         0x0800c9b0        0x0 linker stubs

.iplt           0x0800c9b0        0x0
 .iplt          0x0800c9b0        0x0 D:/Programy/STMicroelectronics/STM32CubeIDE_1.10.1/STM32CubeIDE/plugins/com.st.stm32cube.ide.mcu.externaltools.gnu-tools-for-stm32.12.3.rel1.win32_1.0.200.202406191623/tools/bin/../lib/gcc/arm-none-eabi/12.3.1/thumb/v7e-m+fp/hard/crtbegin.o

.rodata         0x0800c9b0     0x1ae0
                0x0800c9b0                        . = ALIGN (0x4)
 *(.rodata)
 .rodata        0x0800c9b0        0x5 ./Core/Src/main.o
 *(.rodata*)
 *fill*         0x0800c9b5        0x3 
 .rodata.AHBPrescTable
                0x0800c9b8       0x10 ./Core/Src/system_stm32f7xx.o
                0x0800c9b8                AHBPrescTable
 .rodata.APBPrescTable
                0x0800c9c8        0x8 ./Core/Src/system_stm32f7xx.o
                0x0800c9c8                APBPrescTable
 .rodata.Font24_Table
                0x0800c9d0     0x1ab8 ./Drivers/BSP/Components/Fonts/font24.o
                0x0800c9d0                Font24_Table
 .rodata.flagBitshiftOffset.0
                0x0800e488        0x8 ./Drivers/STM32F7xx_HAL_Driver/Src/stm32f7xx_hal_dma.o
                0x0800e490                        . = ALIGN (0x4)

.ARM.extab      0x0800e490        0x0
                0x0800e490                        . = ALIGN (0x4)
 *(.ARM.extab* .gnu.linkonce.armextab.*)
                0x0800e490                        . = ALIGN (0x4)

.ARM            0x0800e490        0x8
                0x0800e490                        . = ALIGN (0x4)
                0x0800e490                        __exidx_start = .
 *(.ARM.exidx*)
 .ARM.exidx     0x0800e490        0x8 D:/Programy/STMicroelectronics/STM32CubeIDE_1.10.1/STM32CubeIDE/plugins/com.st.stm32cube.ide.mcu.externaltools.gnu-tools-for-stm32.12.3.rel1.win32_1.0.200.202406191623/tools/bin/../lib/gcc/arm-none-eabi/12.3.1/thumb/v7e-m+fp/hard\libgcc.a(_udivmoddi4.o)
                0x0800e498                        __exidx_end = .
                0x0800e498                        . = ALIGN (0x4)

.preinit_array  0x0800e498        0x0
                0x0800e498                        . = ALIGN (0x4)
                0x0800e498                        PROVIDE (__preinit_array_start = .)
 *(.preinit_array*)
                0x0800e498                        PROVIDE (__preinit_array_end = .)
                0x0800e498                        . = ALIGN (0x4)

.init_array     0x0800e498        0x4
                0x0800e498                        . = ALIGN (0x4)
                0x0800e498                        PROVIDE (__init_array_start = .)
 *(SORT_BY_NAME(.init_array.*))
 *(.init_array*)
 .init_array    0x0800e498        0x4 D:/Programy/STMicroelectronics/STM32CubeIDE_1.10.1/STM32CubeIDE/plugins/com.st.stm32cube.ide.mcu.externaltools.gnu-tools-for-stm32.12.3.rel1.win32_1.0.200.202406191623/tools/bin/../lib/gcc/arm-none-eabi/12.3.1/thumb/v7e-m+fp/hard/crtbegin.o
                0x0800e49c                        PROVIDE (__init_array_end = .)
                0x0800e49c                        . = ALIGN (0x4)

.fini_array     0x0800e49c        0x4
                0x0800e49c                        . = ALIGN (0x4)
                [!provide]                        PROVIDE (__fini_array_start = .)
 *(SORT_BY_NAME(.fini_array.*))
 *(.fini_array*)
 .fini_array    0x0800e49c        0x4 D:/Programy/STMicroelectronics/STM32CubeIDE_1.10.1/STM32CubeIDE/plugins/com.st.stm32cube.ide.mcu.externaltools.gnu-tools-for-stm32.12.3.rel1.win32_1.0.200.202406191623/tools/bin/../lib/gcc/arm-none-eabi/12.3.1/thumb/v7e-m+fp/hard/crtbegin.o
                [!provide]                        PROVIDE (__fini_array_end = .)
                0x0800e4a0                        . = ALIGN (0x4)
                0x0800e4a0                        _sidata = LOADADDR (.data)

.rel.dyn        0x0800e4a0        0x0
 .rel.iplt      0x0800e4a0        0x0 D:/Programy/STMicroelectronics/STM32CubeIDE_1.10.1/STM32CubeIDE/plugins/com.st.stm32cube.ide.mcu.externaltools.gnu-tools-for-stm32.12.3.rel1.win32_1.0.200.202406191623/tools/bin/../lib/gcc/arm-none-eabi/12.3.1/thumb/v7e-m+fp/hard/crtbegin.o

.data           0x20000000      0x1a4 load address 0x0800e4a0
                0x20000000                        . = ALIGN (0x4)
                0x20000000                        _sdata = .
 *(.data)
 *(.data*)
 .data.SystemCoreClock
                0x20000000        0x4 ./Core/Src/system_stm32f7xx.o
                0x20000000                SystemCoreClock
 .data.Font24   0x20000004        0x8 ./Drivers/BSP/Components/Fonts/font24.o
                0x20000004                Font24
 .data.ft5336_ts_drv
                0x2000000c       0x28 ./Drivers/BSP/Components/ft5336/ft5336.o
                0x2000000c                ft5336_ts_drv
 .data.powerstep01Drv
                0x20000034      0x164 ./Drivers/BSP/Components/powerSTEP01/powerstep01.o
                0x20000034                powerstep01Drv
 .data.sdramstatus.3
                0x20000198        0x1 ./Drivers/BSP/STM32746G-Discovery/stm32746g_discovery_sdram.o
 *fill*         0x20000199        0x3 
 .data.uwTickPrio
                0x2000019c        0x4 ./Drivers/STM32F7xx_HAL_Driver/Src/stm32f7xx_hal.o
                0x2000019c                uwTickPrio
 .data.uwTickFreq
                0x200001a0        0x1 ./Drivers/STM32F7xx_HAL_Driver/Src/stm32f7xx_hal.o
                0x200001a0                uwTickFreq
 *(.RamFunc)
 *(.RamFunc*)
                0x200001a4                        . = ALIGN (0x4)
 *fill*         0x200001a1        0x3 
                0x200001a4                        _edata = .

.igot.plt       0x200001a4        0x0 load address 0x0800e644
 .igot.plt      0x200001a4        0x0 D:/Programy/STMicroelectronics/STM32CubeIDE_1.10.1/STM32CubeIDE/plugins/com.st.stm32cube.ide.mcu.externaltools.gnu-tools-for-stm32.12.3.rel1.win32_1.0.200.202406191623/tools/bin/../lib/gcc/arm-none-eabi/12.3.1/thumb/v7e-m+fp/hard/crtbegin.o
                0x200001a4                        . = ALIGN (0x4)

.bss            0x200001a4      0x804 load address 0x0800e644
                0x200001a4                        _sbss = .
                0x200001a4                        __bss_start__ = _sbss
 *(.bss)
 .bss           0x200001a4       0x1c D:/Programy/STMicroelectronics/STM32CubeIDE_1.10.1/STM32CubeIDE/plugins/com.st.stm32cube.ide.mcu.externaltools.gnu-tools-for-stm32.12.3.rel1.win32_1.0.200.202406191623/tools/bin/../lib/gcc/arm-none-eabi/12.3.1/thumb/v7e-m+fp/hard/crtbegin.o
 *(.bss*)
 .bss.hcrc      0x200001c0       0x24 ./Core/Src/crc.o
                0x200001c0                hcrc
 .bss.hdma2d    0x200001e4       0x40 ./Core/Src/dma2d.o
                0x200001e4                hdma2d
 .bss.Command   0x20000224       0x10 ./Core/Src/fmc.o
 .bss.hsdram1   0x20000234       0x34 ./Core/Src/fmc.o
                0x20000234                hsdram1
 .bss.FMC_Initialized
                0x20000268        0x4 ./Core/Src/fmc.o
 .bss.hltdc     0x2000026c       0xa8 ./Core/Src/ltdc.o
                0x2000026c                hltdc
 .bss.x         0x20000314        0x2 ./Core/Src/main.o
                0x20000314                x
 .bss.y         0x20000316        0x2 ./Core/Src/main.o
                0x20000316                y
 .bss.hqspi     0x20000318       0x4c ./Core/Src/quadspi.o
                0x20000318                hqspi
 .bss.hspi2     0x20000364       0x8c ./Core/Src/spi.o
                0x20000364                hspi2
 .bss.htim2     0x200003f0       0xbc ./Core/Src/tim.o
                0x200003f0                htim2
 .bss.huart2    0x200004ac       0xb4 ./Core/Src/usart.o
                0x200004ac                huart2
 .bss.ft5336_handle
                0x20000560        0x3 ./Drivers/BSP/Components/ft5336/ft5336.o
 *fill*         0x20000563        0x1 
 .bss.coord.0   0x20000564        0x2 ./Drivers/BSP/Components/ft5336/ft5336.o
 *fill*         0x20000566        0x2 
 .bss.busyInterruptCallback
                0x20000568        0x4 ./Drivers/BSP/Components/powerSTEP01/powerstep01.o
                0x20000568                busyInterruptCallback
 .bss.flagInterruptCallback
                0x2000056c        0x4 ./Drivers/BSP/Components/powerSTEP01/powerstep01.o
                0x2000056c                flagInterruptCallback
 .bss.errorHandlerCallback
                0x20000570        0x4 ./Drivers/BSP/Components/powerSTEP01/powerstep01.o
                0x20000570                errorHandlerCallback
 .bss.numberOfDevices
                0x20000574        0x1 ./Drivers/BSP/Components/powerSTEP01/powerstep01.o
 *fill*         0x20000575        0x3 
 .bss.spiTxBursts
                0x20000578        0x4 ./Drivers/BSP/Components/powerSTEP01/powerstep01.o
 .bss.spiRxBursts
                0x2000057c        0x4 ./Drivers/BSP/Components/powerSTEP01/powerstep01.o
 .bss.spiPreemtionByIsr
                0x20000580        0x1 ./Drivers/BSP/Components/powerSTEP01/powerstep01.o
 .bss.isrFlag   0x20000581        0x1 ./Drivers/BSP/Components/powerSTEP01/powerstep01.o
 .bss.powerstep01DriverInstance
                0x20000582        0x2 ./Drivers/BSP/Components/powerSTEP01/powerstep01.o
 .bss.hI2cAudioHandler
                0x20000584       0x54 ./Drivers/BSP/STM32746G-Discovery/stm32746g_discovery.o
 .bss.hLtdcHandler
                0x200005d8       0xa8 ./Drivers/BSP/STM32746G-Discovery/stm32746g_discovery_lcd.o
                0x200005d8                hLtdcHandler
 .bss.hDma2dHandler
                0x20000680       0x40 ./Drivers/BSP/STM32746G-Discovery/stm32746g_discovery_lcd.o
 .bss.ActiveLayer
                0x200006c0        0x4 ./Drivers/BSP/STM32746G-Discovery/stm32746g_discovery_lcd.o
 .bss.DrawProp  0x200006c4       0x18 ./Drivers/BSP/STM32746G-Discovery/stm32746g_discovery_lcd.o
 .bss.periph_clk_init_struct.0
                0x200006dc       0x84 ./Drivers/BSP/STM32746G-Discovery/stm32746g_discovery_lcd.o
 .bss.sdramHandle
                0x20000760       0x34 ./Drivers/BSP/STM32746G-Discovery/stm32746g_discovery_sdram.o
                0x20000760                sdramHandle
 .bss.Timing    0x20000794       0x1c ./Drivers/BSP/STM32746G-Discovery/stm32746g_discovery_sdram.o
 .bss.Command   0x200007b0       0x10 ./Drivers/BSP/STM32746G-Discovery/stm32746g_discovery_sdram.o
 .bss.dma_handle.1
                0x200007c0       0x60 ./Drivers/BSP/STM32746G-Discovery/stm32746g_discovery_sdram.o
 .bss.tsDriver  0x20000820        0x4 ./Drivers/BSP/STM32746G-Discovery/stm32746g_discovery_ts.o
 .bss.tsXBoundary
                0x20000824        0x2 ./Drivers/BSP/STM32746G-Discovery/stm32746g_discovery_ts.o
 .bss.tsYBoundary
                0x20000826        0x2 ./Drivers/BSP/STM32746G-Discovery/stm32746g_discovery_ts.o
 .bss.tsOrientation
                0x20000828        0x1 ./Drivers/BSP/STM32746G-Discovery/stm32746g_discovery_ts.o
 .bss.I2cAddress
                0x20000829        0x1 ./Drivers/BSP/STM32746G-Discovery/stm32746g_discovery_ts.o
 *fill*         0x2000082a        0x2 
 .bss._x.1      0x2000082c       0x14 ./Drivers/BSP/STM32746G-Discovery/stm32746g_discovery_ts.o
 .bss._y.0      0x20000840       0x14 ./Drivers/BSP/STM32746G-Discovery/stm32746g_discovery_ts.o
 .bss.SpiHandle
                0x20000854       0x8c ./Drivers/BSP/X-NUCLEO-IHMxx/x_nucleo_ihm03a1_stm32f4xx.o
 .bss.hTimStepClock
                0x200008e0       0xbc ./Drivers/BSP/X-NUCLEO-IHMxx/x_nucleo_ihm03a1_stm32f4xx.o
                0x200008e0                hTimStepClock
 .bss.motorDrvHandle
                0x2000099c        0x4 ./Drivers/BSP/X-NUCLEO-IHMxx/x_nucleo_ihmxx.o
 .bss.MotorControlBoardId
                0x200009a0        0x2 ./Drivers/BSP/X-NUCLEO-IHMxx/x_nucleo_ihmxx.o
 *fill*         0x200009a2        0x2 
 .bss.uwTick    0x200009a4        0x4 ./Drivers/STM32F7xx_HAL_Driver/Src/stm32f7xx_hal.o
                0x200009a4                uwTick
 *(COMMON)
                0x200009a8                        . = ALIGN (0x4)
                0x200009a8                        _ebss = .
                0x200009a8                        __bss_end__ = _ebss

._user_heap_stack
                0x200009a8     0x1400 load address 0x0800e644
                0x200009a8                        . = ALIGN (0x8)
                [!provide]                        PROVIDE (end = .)
                0x200009a8                        PROVIDE (_end = .)
                0x200013a8                        . = (. + _Min_Heap_Size)
 *fill*         0x200009a8      0xa00 
                0x20001da8                        . = (. + _Min_Stack_Size)
 *fill*         0x200013a8      0xa00 
                0x20001da8                        . = ALIGN (0x8)

/DISCARD/
 libc.a(*)
 libm.a(*)
 libgcc.a(*)

.ARM.attributes
                0x00000000       0x30
 *(.ARM.attributes)
 .ARM.attributes
                0x00000000       0x22 D:/Programy/STMicroelectronics/STM32CubeIDE_1.10.1/STM32CubeIDE/plugins/com.st.stm32cube.ide.mcu.externaltools.gnu-tools-for-stm32.12.3.rel1.win32_1.0.200.202406191623/tools/bin/../lib/gcc/arm-none-eabi/12.3.1/thumb/v7e-m+fp/hard/crti.o
 .ARM.attributes
                0x00000022       0x34 D:/Programy/STMicroelectronics/STM32CubeIDE_1.10.1/STM32CubeIDE/plugins/com.st.stm32cube.ide.mcu.externaltools.gnu-tools-for-stm32.12.3.rel1.win32_1.0.200.202406191623/tools/bin/../lib/gcc/arm-none-eabi/12.3.1/thumb/v7e-m+fp/hard/crtbegin.o
 .ARM.attributes
                0x00000056       0x34 ./Core/Src/crc.o
 .ARM.attributes
                0x0000008a       0x34 ./Core/Src/dma2d.o
 .ARM.attributes
                0x000000be       0x34 ./Core/Src/fmc.o
 .ARM.attributes
                0x000000f2       0x34 ./Core/Src/gpio.o
 .ARM.attributes
                0x00000126       0x34 ./Core/Src/i2c.o
 .ARM.attributes
                0x0000015a       0x34 ./Core/Src/ltdc.o
 .ARM.attributes
                0x0000018e       0x34 ./Core/Src/main.o
 .ARM.attributes
                0x000001c2       0x34 ./Core/Src/quadspi.o
 .ARM.attributes
                0x000001f6       0x34 ./Core/Src/spi.o
 .ARM.attributes
                0x0000022a       0x34 ./Core/Src/stm32f7xx_hal_msp.o
 .ARM.attributes
                0x0000025e       0x34 ./Core/Src/stm32f7xx_it.o
 .ARM.attributes
                0x00000292       0x34 ./Core/Src/system_stm32f7xx.o
 .ARM.attributes
                0x000002c6       0x34 ./Core/Src/tim.o
 .ARM.attributes
                0x000002fa       0x34 ./Core/Src/usart.o
 .ARM.attributes
                0x0000032e       0x21 ./Core/Startup/startup_stm32f746nghx.o
 .ARM.attributes
                0x0000034f       0x34 ./Drivers/BSP/Components/Fonts/font24.o
 .ARM.attributes
                0x00000383       0x34 ./Drivers/BSP/Components/ft5336/ft5336.o
 .ARM.attributes
                0x000003b7       0x34 ./Drivers/BSP/Components/powerSTEP01/powerstep01.o
 .ARM.attributes
                0x000003eb       0x34 ./Drivers/BSP/STM32746G-Discovery/stm32746g_discovery.o
 .ARM.attributes
                0x0000041f       0x34 ./Drivers/BSP/STM32746G-Discovery/stm32746g_discovery_lcd.o
 .ARM.attributes
                0x00000453       0x34 ./Drivers/BSP/STM32746G-Discovery/stm32746g_discovery_sdram.o
 .ARM.attributes
                0x00000487       0x34 ./Drivers/BSP/STM32746G-Discovery/stm32746g_discovery_ts.o
 .ARM.attributes
                0x000004bb       0x34 ./Drivers/BSP/X-NUCLEO-IHMxx/x_nucleo_ihm03a1_stm32f4xx.o
 .ARM.attributes
                0x000004ef       0x34 ./Drivers/BSP/X-NUCLEO-IHMxx/x_nucleo_ihmxx.o
 .ARM.attributes
                0x00000523       0x34 ./Drivers/STM32F7xx_HAL_Driver/Src/stm32f7xx_hal.o
 .ARM.attributes
                0x00000557       0x34 ./Drivers/STM32F7xx_HAL_Driver/Src/stm32f7xx_hal_cortex.o
 .ARM.attributes
                0x0000058b       0x34 ./Drivers/STM32F7xx_HAL_Driver/Src/stm32f7xx_hal_crc.o
 .ARM.attributes
                0x000005bf       0x34 ./Drivers/STM32F7xx_HAL_Driver/Src/stm32f7xx_hal_crc_ex.o
 .ARM.attributes
                0x000005f3       0x34 ./Drivers/STM32F7xx_HAL_Driver/Src/stm32f7xx_hal_dma.o
 .ARM.attributes
                0x00000627       0x34 ./Drivers/STM32F7xx_HAL_Driver/Src/stm32f7xx_hal_dma2d.o
 .ARM.attributes
                0x0000065b       0x34 ./Drivers/STM32F7xx_HAL_Driver/Src/stm32f7xx_hal_gpio.o
 .ARM.attributes
                0x0000068f       0x34 ./Drivers/STM32F7xx_HAL_Driver/Src/stm32f7xx_hal_i2c.o
 .ARM.attributes
                0x000006c3       0x34 ./Drivers/STM32F7xx_HAL_Driver/Src/stm32f7xx_hal_ltdc.o
 .ARM.attributes