../Drivers/CMSIS/Include/core_cm7.h:2229:22:SCB_EnableICache	4	static,ignoring_inline_asm
../Drivers/CMSIS/Include/core_cm7.h:2281:22:SCB_EnableDCache	24	static,ignoring_inline_asm
../Core/Src/main.c:83:5:main	8	static
../Core/Src/main.c:221:6:SystemClock_Config	88	static
../Core/Src/main.c:275:6:MyFlagInterruptHandler	16	static
../Core/Src/main.c:389:6:MyBusyInterruptHandler	8	static
../Core/Src/main.c:407:6:MPU_Config	24	static
../Core/Src/main.c:446:6:Error_Handler	4	static,ignoring_inline_asm
