D:/Workspaces/stm32f7-discovery-workspace/SPI_FullDuplex_ComPolling/Drivers/BSP/STM32746G-Discovery/stm32746g_discovery.c:160:10:BSP_GetVersion	4	static
D:/Workspaces/stm32f7-discovery-workspace/SPI_FullDuplex_ComPolling/Drivers/BSP/STM32746G-Discovery/stm32746g_discovery.c:172:6:BSP_LED_Init	48	static
D:/Workspaces/stm32f7-discovery-workspace/SPI_FullDuplex_ComPolling/Drivers/BSP/STM32746G-Discovery/stm32746g_discovery.c:204:6:BSP_LED_DeInit	40	static
D:/Workspaces/stm32f7-discovery-workspace/SPI_FullDuplex_ComPolling/Drivers/BSP/STM32746G-Discovery/stm32746g_discovery.c:227:6:BSP_LED_On	24	static
D:/Workspaces/stm32f7-discovery-workspace/SPI_FullDuplex_ComPolling/Drivers/BSP/STM32746G-Discovery/stm32746g_discovery.c:245:6:BSP_LED_Off	24	static
D:/Workspaces/stm32f7-discovery-workspace/SPI_FullDuplex_ComPolling/Drivers/BSP/STM32746G-Discovery/stm32746g_discovery.c:263:6:BSP_LED_Toggle	24	static
D:/Workspaces/stm32f7-discovery-workspace/SPI_FullDuplex_ComPolling/Drivers/BSP/STM32746G-Discovery/stm32746g_discovery.c:291:6:BSP_PB_Init	48	static
D:/Workspaces/stm32f7-discovery-workspace/SPI_FullDuplex_ComPolling/Drivers/BSP/STM32746G-Discovery/stm32746g_discovery.c:345:6:BSP_PB_DeInit	40	static
D:/Workspaces/stm32f7-discovery-workspace/SPI_FullDuplex_ComPolling/Drivers/BSP/STM32746G-Discovery/stm32746g_discovery.c:367:10:BSP_PB_GetState	16	static
D:/Workspaces/stm32f7-discovery-workspace/SPI_FullDuplex_ComPolling/Drivers/BSP/STM32746G-Discovery/stm32746g_discovery.c:382:6:BSP_COM_Init	48	static
D:/Workspaces/stm32f7-discovery-workspace/SPI_FullDuplex_ComPolling/Drivers/BSP/STM32746G-Discovery/stm32746g_discovery.c:422:6:BSP_COM_DeInit	16	static
D:/Workspaces/stm32f7-discovery-workspace/SPI_FullDuplex_ComPolling/Drivers/BSP/STM32746G-Discovery/stm32746g_discovery.c:448:13:I2Cx_MspInit	56	static
D:/Workspaces/stm32f7-discovery-workspace/SPI_FullDuplex_ComPolling/Drivers/BSP/STM32746G-Discovery/stm32746g_discovery.c:535:13:I2Cx_Init	16	static
D:/Workspaces/stm32f7-discovery-workspace/SPI_FullDuplex_ComPolling/Drivers/BSP/STM32746G-Discovery/stm32746g_discovery.c:573:26:I2Cx_ReadMultiple	48	static
D:/Workspaces/stm32f7-discovery-workspace/SPI_FullDuplex_ComPolling/Drivers/BSP/STM32746G-Discovery/stm32746g_discovery.c:603:26:I2Cx_WriteMultiple	48	static
D:/Workspaces/stm32f7-discovery-workspace/SPI_FullDuplex_ComPolling/Drivers/BSP/STM32746G-Discovery/stm32746g_discovery.c:631:26:I2Cx_IsDeviceReady	24	static
D:/Workspaces/stm32f7-discovery-workspace/SPI_FullDuplex_ComPolling/Drivers/BSP/STM32746G-Discovery/stm32746g_discovery.c:642:13:I2Cx_Error	16	static
D:/Workspaces/stm32f7-discovery-workspace/SPI_FullDuplex_ComPolling/Drivers/BSP/STM32746G-Discovery/stm32746g_discovery.c:661:6:AUDIO_IO_Init	8	static
D:/Workspaces/stm32f7-discovery-workspace/SPI_FullDuplex_ComPolling/Drivers/BSP/STM32746G-Discovery/stm32746g_discovery.c:670:6:AUDIO_IO_DeInit	4	static
D:/Workspaces/stm32f7-discovery-workspace/SPI_FullDuplex_ComPolling/Drivers/BSP/STM32746G-Discovery/stm32746g_discovery.c:681:6:AUDIO_IO_Write	32	static
D:/Workspaces/stm32f7-discovery-workspace/SPI_FullDuplex_ComPolling/Drivers/BSP/STM32746G-Discovery/stm32746g_discovery.c:698:10:AUDIO_IO_Read	32	static
D:/Workspaces/stm32f7-discovery-workspace/SPI_FullDuplex_ComPolling/Drivers/BSP/STM32746G-Discovery/stm32746g_discovery.c:718:6:AUDIO_IO_Delay	16	static
D:/Workspaces/stm32f7-discovery-workspace/SPI_FullDuplex_ComPolling/Drivers/BSP/STM32746G-Discovery/stm32746g_discovery.c:729:6:CAMERA_IO_Init	8	static
D:/Workspaces/stm32f7-discovery-workspace/SPI_FullDuplex_ComPolling/Drivers/BSP/STM32746G-Discovery/stm32746g_discovery.c:741:6:CAMERA_IO_Write	24	static
D:/Workspaces/stm32f7-discovery-workspace/SPI_FullDuplex_ComPolling/Drivers/BSP/STM32746G-Discovery/stm32746g_discovery.c:752:9:CAMERA_IO_Read	32	static
D:/Workspaces/stm32f7-discovery-workspace/SPI_FullDuplex_ComPolling/Drivers/BSP/STM32746G-Discovery/stm32746g_discovery.c:766:6:CAMERA_Delay	16	static
D:/Workspaces/stm32f7-discovery-workspace/SPI_FullDuplex_ComPolling/Drivers/BSP/STM32746G-Discovery/stm32746g_discovery.c:777:6:EEPROM_IO_Init	8	static
D:/Workspaces/stm32f7-discovery-workspace/SPI_FullDuplex_ComPolling/Drivers/BSP/STM32746G-Discovery/stm32746g_discovery.c:790:19:EEPROM_IO_WriteData	32	static
D:/Workspaces/stm32f7-discovery-workspace/SPI_FullDuplex_ComPolling/Drivers/BSP/STM32746G-Discovery/stm32746g_discovery.c:803:19:EEPROM_IO_ReadData	32	static
D:/Workspaces/stm32f7-discovery-workspace/SPI_FullDuplex_ComPolling/Drivers/BSP/STM32746G-Discovery/stm32746g_discovery.c:815:19:EEPROM_IO_IsDeviceReady	16	static
D:/Workspaces/stm32f7-discovery-workspace/SPI_FullDuplex_ComPolling/Drivers/BSP/STM32746G-Discovery/stm32746g_discovery.c:826:6:TS_IO_Init	8	static
D:/Workspaces/stm32f7-discovery-workspace/SPI_FullDuplex_ComPolling/Drivers/BSP/STM32746G-Discovery/stm32746g_discovery.c:838:6:TS_IO_Write	24	static
D:/Workspaces/stm32f7-discovery-workspace/SPI_FullDuplex_ComPolling/Drivers/BSP/STM32746G-Discovery/stm32746g_discovery.c:849:9:TS_IO_Read	32	static
D:/Workspaces/stm32f7-discovery-workspace/SPI_FullDuplex_ComPolling/Drivers/BSP/STM32746G-Discovery/stm32746g_discovery.c:863:6:TS_IO_Delay	16	static
